Archive member included to satisfy reference by file (symbol)

D:/ABC/STM32CubeIDE_1.18.0/STM32CubeIDE/plugins/com.st.stm32cube.ide.mcu.externaltools.gnu-tools-for-stm32.13.3.rel1.win32_1.0.100.202509120712/tools/bin/../lib/gcc/arm-none-eabi/13.3.1/../../../../arm-none-eabi/lib/thumb/v7e-m+fp/hard\libc_nano.a(libc_a-exit.o)
                              D:/ABC/STM32CubeIDE_1.18.0/STM32CubeIDE/plugins/com.st.stm32cube.ide.mcu.externaltools.gnu-tools-for-stm32.13.3.rel1.win32_1.0.100.202509120712/tools/bin/../lib/gcc/arm-none-eabi/13.3.1/../../../../arm-none-eabi/lib/thumb/v7e-m+fp/hard/crt0.o (exit)
D:/ABC/STM32CubeIDE_1.18.0/STM32CubeIDE/plugins/com.st.stm32cube.ide.mcu.externaltools.gnu-tools-for-stm32.13.3.rel1.win32_1.0.100.202509120712/tools/bin/../lib/gcc/arm-none-eabi/13.3.1/../../../../arm-none-eabi/lib/thumb/v7e-m+fp/hard\libc_nano.a(libc_a-findfp.o)
                              D:/ABC/STM32CubeIDE_1.18.0/STM32CubeIDE/plugins/com.st.stm32cube.ide.mcu.externaltools.gnu-tools-for-stm32.13.3.rel1.win32_1.0.100.202509120712/tools/bin/../lib/gcc/arm-none-eabi/13.3.1/../../../../arm-none-eabi/lib/thumb/v7e-m+fp/hard\libc_nano.a(libc_a-exit.o) (__stdio_exit_handler)
D:/ABC/STM32CubeIDE_1.18.0/STM32CubeIDE/plugins/com.st.stm32cube.ide.mcu.externaltools.gnu-tools-for-stm32.13.3.rel1.win32_1.0.100.202509120712/tools/bin/../lib/gcc/arm-none-eabi/13.3.1/../../../../arm-none-eabi/lib/thumb/v7e-m+fp/hard\libc_nano.a(libc_a-fwalk.o)
                              D:/ABC/STM32CubeIDE_1.18.0/STM32CubeIDE/plugins/com.st.stm32cube.ide.mcu.externaltools.gnu-tools-for-stm32.13.3.rel1.win32_1.0.100.202509120712/tools/bin/../lib/gcc/arm-none-eabi/13.3.1/../../../../arm-none-eabi/lib/thumb/v7e-m+fp/hard\libc_nano.a(libc_a-findfp.o) (_fwalk_sglue)
D:/ABC/STM32CubeIDE_1.18.0/STM32CubeIDE/plugins/com.st.stm32cube.ide.mcu.externaltools.gnu-tools-for-stm32.13.3.rel1.win32_1.0.100.202509120712/tools/bin/../lib/gcc/arm-none-eabi/13.3.1/../../../../arm-none-eabi/lib/thumb/v7e-m+fp/hard\libc_nano.a(libc_a-sprintf.o)
                              ./Core/Src/main.o (sprintf)
D:/ABC/STM32CubeIDE_1.18.0/STM32CubeIDE/plugins/com.st.stm32cube.ide.mcu.externaltools.gnu-tools-for-stm32.13.3.rel1.win32_1.0.100.202509120712/tools/bin/../lib/gcc/arm-none-eabi/13.3.1/../../../../arm-none-eabi/lib/thumb/v7e-m+fp/hard\libc_nano.a(libc_a-stdio.o)
                              D:/ABC/STM32CubeIDE_1.18.0/STM32CubeIDE/plugins/com.st.stm32cube.ide.mcu.externaltools.gnu-tools-for-stm32.13.3.rel1.win32_1.0.100.202509120712/tools/bin/../lib/gcc/arm-none-eabi/13.3.1/../../../../arm-none-eabi/lib/thumb/v7e-m+fp/hard\libc_nano.a(libc_a-findfp.o) (__sread)
D:/ABC/STM32CubeIDE_1.18.0/STM32CubeIDE/plugins/com.st.stm32cube.ide.mcu.externaltools.gnu-tools-for-stm32.13.3.rel1.win32_1.0.100.202509120712/tools/bin/../lib/gcc/arm-none-eabi/13.3.1/../../../../arm-none-eabi/lib/thumb/v7e-m+fp/hard\libc_nano.a(libc_a-memset.o)
                              D:/ABC/STM32CubeIDE_1.18.0/STM32CubeIDE/plugins/com.st.stm32cube.ide.mcu.externaltools.gnu-tools-for-stm32.13.3.rel1.win32_1.0.100.202509120712/tools/bin/../lib/gcc/arm-none-eabi/13.3.1/../../../../arm-none-eabi/lib/thumb/v7e-m+fp/hard/crt0.o (memset)
D:/ABC/STM32CubeIDE_1.18.0/STM32CubeIDE/plugins/com.st.stm32cube.ide.mcu.externaltools.gnu-tools-for-stm32.13.3.rel1.win32_1.0.100.202509120712/tools/bin/../lib/gcc/arm-none-eabi/13.3.1/../../../../arm-none-eabi/lib/thumb/v7e-m+fp/hard\libc_nano.a(libc_a-closer.o)
                              D:/ABC/STM32CubeIDE_1.18.0/STM32CubeIDE/plugins/com.st.stm32cube.ide.mcu.externaltools.gnu-tools-for-stm32.13.3.rel1.win32_1.0.100.202509120712/tools/bin/../lib/gcc/arm-none-eabi/13.3.1/../../../../arm-none-eabi/lib/thumb/v7e-m+fp/hard\libc_nano.a(libc_a-stdio.o) (_close_r)
D:/ABC/STM32CubeIDE_1.18.0/STM32CubeIDE/plugins/com.st.stm32cube.ide.mcu.externaltools.gnu-tools-for-stm32.13.3.rel1.win32_1.0.100.202509120712/tools/bin/../lib/gcc/arm-none-eabi/13.3.1/../../../../arm-none-eabi/lib/thumb/v7e-m+fp/hard\libc_nano.a(libc_a-reent.o)
                              D:/ABC/STM32CubeIDE_1.18.0/STM32CubeIDE/plugins/com.st.stm32cube.ide.mcu.externaltools.gnu-tools-for-stm32.13.3.rel1.win32_1.0.100.202509120712/tools/bin/../lib/gcc/arm-none-eabi/13.3.1/../../../../arm-none-eabi/lib/thumb/v7e-m+fp/hard\libc_nano.a(libc_a-closer.o) (errno)
D:/ABC/STM32CubeIDE_1.18.0/STM32CubeIDE/plugins/com.st.stm32cube.ide.mcu.externaltools.gnu-tools-for-stm32.13.3.rel1.win32_1.0.100.202509120712/tools/bin/../lib/gcc/arm-none-eabi/13.3.1/../../../../arm-none-eabi/lib/thumb/v7e-m+fp/hard\libc_nano.a(libc_a-impure.o)
                              D:/ABC/STM32CubeIDE_1.18.0/STM32CubeIDE/plugins/com.st.stm32cube.ide.mcu.externaltools.gnu-tools-for-stm32.13.3.rel1.win32_1.0.100.202509120712/tools/bin/../lib/gcc/arm-none-eabi/13.3.1/../../../../arm-none-eabi/lib/thumb/v7e-m+fp/hard\libc_nano.a(libc_a-sprintf.o) (_impure_ptr)
[...]
Memory Configuration

Name             Origin             Length             Attributes
RAM              0x20000000         0x00018000         xrw
FLASH            0x08000000         0x00080000         xr
*default*        0x00000000         0xffffffff

Linker script and memory map

LOAD D:/ABC/STM32CubeIDE_1.18.0/STM32CubeIDE/plugins/com.st.stm32cube.ide.mcu.externaltools.gnu-tools-for-stm32.13.3.rel1.win32_1.0.100.202509120712/tools/bin/../lib/gcc/arm-none-eabi/13.3.1/thumb/v7e-m+fp/hard/crti.o
LOAD D:/ABC/STM32CubeIDE_1.18.0/STM32CubeIDE/plugins/com.st.stm32cube.ide.mcu.externaltools.gnu-tools-for-stm32.13.3.rel1.win32_1.0.100.202509120712/tools/bin/../lib/gcc/arm-none-eabi/13.3.1/thumb/v7e-m+fp/hard/crtbegin.o
LOAD D:/ABC/STM32CubeIDE_1.18.0/STM32CubeIDE/plugins/com.st.stm32cube.ide.mcu.externaltools.gnu-tools-for-stm32.13.3.rel1.win32_1.0.100.202509120712/tools/bin/../lib/gcc/arm-none-eabi/13.3.1/../../../../arm-none-eabi/lib/thumb/v7e-m+fp/hard/crt0.o
LOAD ./Core/Src/main.o
LOAD ./Core/Src/stm32f4xx_hal_msp.o
LOAD ./Core/Src/stm32f4xx_it.o
LOAD ./Core/Src/syscalls.o
LOAD ./Core/Src/sysmem.o
LOAD ./Core/Src/system_stm32f4xx.o
LOAD ./Core/Startup/startup_stm32f401retx.o
LOAD ./Drivers/STM32F4xx_HAL_Driver/Src/stm32f4xx_hal.o
LOAD ./Drivers/STM32F4xx_HAL_Driver/Src/stm32f4xx_hal_cortex.o
LOAD ./Drivers/STM32F4xx_HAL_Driver/Src/stm32f4xx_hal_dma.o
LOAD ./Drivers/STM32F4xx_HAL_Driver/Src/stm32f4xx_hal_dma_ex.o
LOAD ./Drivers/STM32F4xx_HAL_Driver/Src/stm32f4xx_hal_exti.o
LOAD ./Drivers/STM32F4xx_HAL_Driver/Src/stm32f4xx_hal_flash.o
LOAD ./Drivers/STM32F4xx_HAL_Driver/Src/stm32f4xx_hal_flash_ex.o
LOAD ./Drivers/STM32F4xx_HAL_Driver/Src/stm32f4xx_hal_flash_ramfunc.o
LOAD ./Drivers/STM32F4xx_HAL_Driver/Src/stm32f4xx_hal_gpio.o
LOAD ./Drivers/STM32F4xx_HAL_Driver/Src/stm32f4xx_hal_i2c.o
LOAD ./Drivers/STM32F4xx_HAL_Driver/Src/stm32f4xx_hal_i2c_ex.o
LOAD ./Drivers/STM32F4xx_HAL_Driver/Src/stm32f4xx_hal_pwr.o
LOAD ./Drivers/STM32F4xx_HAL_Driver/Src/stm32f4xx_hal_pwr_ex.o
LOAD ./Drivers/STM32F4xx_HAL_Driver/Src/stm32f4xx_hal_rcc.o
LOAD ./Drivers/STM32F4xx_HAL_Driver/Src/stm32f4xx_hal_rcc_ex.o
LOAD ./Drivers/STM32F4xx_HAL_Driver/Src/stm32f4xx_hal_uart.o
LOAD ./Drivers/VL53L0X/core/src/vl53l0x_api.o
LOAD ./Drivers/VL53L0X/core/src/vl53l0x_api_calibration.o
LOAD ./Drivers/VL53L0X/core/src/vl53l0x_api_core.o
LOAD ./Drivers/VL53L0X/core/src/vl53l0x_api_ranging.o
LOAD ./Drivers/VL53L0X/core/src/vl53l0x_api_strings.o
LOAD ./Drivers/VL53L0X/platform/src/vl53l0x_platform.o
LOAD ./Drivers/VL53L0X/platform/src/vl53l0x_platform_log.o
START GROUP
LOAD D:/ABC/STM32CubeIDE_1.18.0/STM32CubeIDE/plugins/com.st.stm32cube.ide.mcu.externaltools.gnu-tools-for-stm32.13.3.rel1.win32_1.0.100.202509120712/tools/bin/../lib/gcc/arm-none-eabi/13.3.1/../../../../arm-none-eabi/lib/thumb/v7e-m+fp/hard\libc_nano.a
LOAD D:/ABC/STM32CubeIDE_1.18.0/STM32CubeIDE/plugins/com.st.stm32cube.ide.mcu.externaltools.gnu-tools-for-stm32.13.3.rel1.win32_1.0.100.202509120712/tools/bin/../lib/gcc/arm-none-eabi/13.3.1/../../../../arm-none-eabi/lib/thumb/v7e-m+fp/hard\libm.a
END GROUP
START GROUP
LOAD D:/ABC/STM32CubeIDE_1.18.0/STM32CubeIDE/plugins/com.st.stm32cube.ide.mcu.externaltools.gnu-tools-for-stm32.13.3.rel1.win32_1.0.100.202509120712/tools/bin/../lib/gcc/arm-none-eabi/13.3.1/thumb/v7e-m+fp/hard\libgcc.a
LOAD D:/ABC/STM32CubeIDE_1.18.0/STM32CubeIDE/plugins/com.st.stm32cube.ide.mcu.externaltools.gnu-tools-for-stm32.13.3.rel1.win32_1.0.100.202509120712/tools/bin/../lib/gcc/arm-none-eabi/13.3.1/../../../../arm-none-eabi/lib/thumb/v7e-m+fp/hard\libc_nano.a
END GROUP
START GROUP
LOAD D:/ABC/STM32CubeIDE_1.18.0/STM32CubeIDE/plugins/com.st.stm32cube.ide.mcu.externaltools.gnu-tools-for-stm32.13.3.rel1.win32_1.0.100.202509120712/tools/bin/../lib/gcc/arm-none-eabi/13.3.1/thumb/v7e-m+fp/hard\libgcc.a
LOAD D:/ABC/STM32CubeIDE_1.18.0/STM32CubeIDE/plugins/com.st.stm32cube.ide.mcu.externaltools.gnu-tools-for-stm32.13.3.rel1.win32_1.0.100.202509120712/tools/bin/../lib/gcc/arm-none-eabi/13.3.1/../../../../arm-none-eabi/lib/thumb/v7e-m+fp/hard\libc_nano.a
LOAD D:/ABC/STM32CubeIDE_1.18.0/STM32CubeIDE/plugins/com.st.stm32cube.ide.mcu.externaltools.gnu-tools-for-stm32.13.3.rel1.win32_1.0.100.202509120712/tools/bin/../lib/gcc/arm-none-eabi/13.3.1/../../../../arm-none-eabi/lib/thumb/v7e-m+fp/hard\libnosys.a
END GROUP
START GROUP
LOAD D:/ABC/STM32CubeIDE_1.18.0/STM32CubeIDE/plugins/com.st.stm32cube.ide.mcu.externaltools.gnu-tools-for-stm32.13.3.rel1.win32_1.0.100.202509120712/tools/bin/../lib/gcc/arm-none-eabi/13.3.1/thumb/v7e-m+fp/hard\libgcc.a
LOAD D:/ABC/STM32CubeIDE_1.18.0/STM32CubeIDE/plugins/com.st.stm32cube.ide.mcu.externaltools.gnu-tools-for-stm32.13.3.rel1.win32_1.0.100.202509120712/tools/bin/../lib/gcc/arm-none-eabi/13.3.1/../../../../arm-none-eabi/lib/thumb/v7e-m+fp/hard\libc_nano.a
LOAD D:/ABC/STM32CubeIDE_1.18.0/STM32CubeIDE/plugins/com.st.stm32cube.ide.mcu.externaltools.gnu-tools-for-stm32.13.3.rel1.win32_1.0.100.202509120712/tools/bin/../lib/gcc/arm-none-eabi/13.3.1/../../../../arm-none-eabi/lib/thumb/v7e-m+fp/hard\libnosys.a
END GROUP
LOAD D:/ABC/STM32CubeIDE_1.18.0/STM32CubeIDE/plugins/com.st.stm32cube.ide.mcu.externaltools.gnu-tools-for-stm32.13.3.rel1.win32_1.0.100.202509120712/tools/bin/../lib/gcc/arm-none-eabi/13.3.1/thumb/v7e-m+fp/hard/crtend.o
LOAD D:/ABC/STM32CubeIDE_1.18.0/STM32CubeIDE/plugins/com.st.stm32cube.ide.mcu.externaltools.gnu-tools-for-stm32.13.3.rel1.win32_1.0.100.202509120712/tools/bin/../lib/gcc/arm-none-eabi/13.3.1/thumb/v7e-m+fp/hard/crtn.o
                0x20018000                        _estack = (ORIGIN (RAM) + LENGTH (RAM))
                0x00000200                        _Min_Heap_Size = 0x200
                0x00000400                        _Min_Stack_Size = 0x400

.isr_vector     0x08000000      0x194
                0x08000000                        . = ALIGN (0x4)
 *(.isr_vector)
 .isr_vector    0x08000000      0x194 ./Core/Startup/startup_stm32f401retx.o
                0x08000000                g_pfnVectors
                0x08000194                        . = ALIGN (0x4)

.text           0x080001a0     0x926c
                0x080001a0                        . = ALIGN (0x4)
 *(.text)
 .text          0x080001a0       0x40 D:/ABC/STM32CubeIDE_1.18.0/STM32CubeIDE/plugins/com.st.stm32cube.ide.mcu.externaltools.gnu-tools-for-stm32.13.3.rel1.win32_1.0.100.202509120712/tools/bin/../lib/gcc/arm-none-eabi/13.3.1/thumb/v7e-m+fp/hard/crtbegin.o
 .text          0x080001e0       0x10 D:/ABC/STM32CubeIDE_1.18.0/STM32CubeIDE/plugins/com.st.stm32cube.ide.mcu.externaltools.gnu-tools-for-stm32.13.3.rel1.win32_1.0.100.202509120712/tools/bin/../lib/gcc/arm-none-eabi/13.3.1/../../../../arm-none-eabi/lib/thumb/v7e-m+fp/hard\libc_nano.a(libc_a-strlen.o)
                0x080001e0                strlen
 .text          0x080001f0       0xa0 D:/ABC/STM32CubeIDE_1.18.0/STM32CubeIDE/plugins/com.st.stm32cube.ide.mcu.externaltools.gnu-tools-for-stm32.13.3.rel1.win32_1.0.100.202509120712/tools/bin/../lib/gcc/arm-none-eabi/13.3.1/../../../../arm-none-eabi/lib/thumb/v7e-m+fp/hard\libc_nano.a(libc_a-memchr.o)
                0x080001f0                memchr
 .text          0x08000290       0x30 D:/ABC/STM32CubeIDE_1.18.0/STM32CubeIDE/plugins/com.st.stm32cube.ide.mcu.externaltools.gnu-tools-for-stm32.13.3.rel1.win32_1.0.100.202509120712/tools/bin/../lib/gcc/arm-none-eabi/13.3.1/thumb/v7e-m+fp/hard\libgcc.a(_aeabi_uldivmod.o)
                0x08000290                __aeabi_uldivmod
 .text          0x080002c0      0x2f8 D:/ABC/STM32CubeIDE_1.18.0/STM32CubeIDE/plugins/com.st.stm32cube.ide.mcu.externaltools.gnu-tools-for-stm32.13.3.rel1.win32_1.0.100.202509120712/tools/bin/../lib/gcc/arm-none-eabi/13.3.1/thumb/v7e-m+fp/hard\libgcc.a(_udivmoddi4.o)
                0x080002c0                __udivmoddi4
 .text          0x080005b8        0x4 D:/ABC/STM32CubeIDE_1.18.0/STM32CubeIDE/plugins/com.st.stm32cube.ide.mcu.externaltools.gnu-tools-for-stm32.13.3.rel1.win32_1.0.100.202509120712/tools/bin/../lib/gcc/arm-none-eabi/13.3.1/thumb/v7e-m+fp/hard\libgcc.a(_dvmd_tls.o)
                0x080005b8                __aeabi_idiv0
                0x080005b8                __aeabi_ldiv0
 *(.text*)
 .text.map_val  0x080005bc       0x38 ./Core/Src/main.o
                0x080005bc                map_val
 .text.Servo_Init
                0x080005f4       0xc0 ./Core/Src/main.o
                0x080005f4                Servo_Init
 .text.Servo_Write
                0x080006b4       0x40 ./Core/Src/main.o
                0x080006b4                Servo_Write
 .text.LidarInit
                0x080006f4      0x128 ./Core/Src/main.o
                0x080006f4                LidarInit
 .text.HAL_UART_RxCpltCallback
                0x0800081c       0x54 ./Core/Src/main.o
                0x0800081c                HAL_UART_RxCpltCallback
 .text.main     0x08000870      0x1c4 ./Core/Src/main.o
                0x08000870                main
 .text.SystemClock_Config
                0x08000a34       0xc0 ./Core/Src/main.o
                0x08000a34                SystemClock_Config
 .text.MX_I2C1_Init
                0x08000af4       0x5c ./Core/Src/main.o
 .text.MX_USART2_UART_Init
                0x08000b50       0x54 ./Core/Src/main.o
 .text.MX_GPIO_Init
                0x08000ba4       0xa0 ./Core/Src/main.o
 .text.Error_Handler
                0x08000c44        0xc ./Core/Src/main.o
                0x08000c44                Error_Handler
 .text.HAL_MspInit
                0x08000c50       0x50 ./Core/Src/stm32f4xx_hal_msp.o
                0x08000c50                HAL_MspInit
 .text.HAL_I2C_MspInit
                0x08000ca0       0x90 ./Core/Src/stm32f4xx_hal_msp.o
                0x08000ca0                HAL_I2C_MspInit
 .text.HAL_UART_MspInit
                0x08000d30       0xa0 ./Core/Src/stm32f4xx_hal_msp.o
                0x08000d30                HAL_UART_MspInit
 .text.NMI_Handler
                0x08000dd0        0x8 ./Core/Src/stm32f4xx_it.o
                0x08000dd0                NMI_Handler
 .text.HardFault_Handler
                0x08000dd8        0x8 ./Core/Src/stm32f4xx_it.o
                0x08000dd8                HardFault_Handler
 .text.MemManage_Handler
                0x08000de0        0x8 ./Core/Src/stm32f4xx_it.o
                0x08000de0                MemManage_Handler
 .text.BusFault_Handler
                0x08000de8        0x8 ./Core/Src/stm32f4xx_it.o
                0x08000de8                BusFault_Handler
 .text.UsageFault_Handler
                0x08000df0        0x8 ./Core/Src/stm32f4xx_it.o
                0x08000df0                UsageFault_Handler
 .text.SVC_Handler
                0x08000df8        0xe ./Core/Src/stm32f4xx_it.o
                0x08000df8                SVC_Handler
 .text.DebugMon_Handler
                0x08000e06        0xe ./Core/Src/stm32f4xx_it.o
                0x08000e06                DebugMon_Handler
 .text.PendSV_Handler
                0x08000e14        0xe ./Core/Src/stm32f4xx_it.o
                0x08000e14                PendSV_Handler
 .text.SysTick_Handler
                0x08000e22        0xc ./Core/Src/stm32f4xx_it.o
                0x08000e22                SysTick_Handler
 *fill*         0x08000e2e        0x2 
 .text.USART2_IRQHandler
                0x08000e30       0x14 ./Core/Src/stm32f4xx_it.o
                0x08000e30                USART2_IRQHandler
 .text._sbrk    0x08000e44       0x6c ./Core/Src/sysmem.o
                0x08000e44                _sbrk
 .text.SystemInit
                0x08000eb0       0x24 ./Core/Src/system_stm32f4xx.o
                0x08000eb0                SystemInit
 .text.Reset_Handler
                0x08000ed4       0x50 ./Core/Startup/startup_stm32f401retx.o
                0x08000ed4                Reset_Handler
 .text.Default_Handler
                0x08000f24        0x2 ./Core/Startup/startup_stm32f401retx.o
                0x08000f24                RTC_Alarm_IRQHandler
                0x08000f24                EXTI2_IRQHandler
                0x08000f24                SPI4_IRQHandler
                0x08000f24                TIM1_CC_IRQHandler
                0x08000f24                DMA2_Stream5_IRQHandler
                0x08000f24                DMA1_Stream5_IRQHandler
                0x08000f24                PVD_IRQHandler
                0x08000f24                SDIO_IRQHandler
                0x08000f24                TAMP_STAMP_IRQHandler
                0x08000f24                EXTI3_IRQHandler
                0x08000f24                TIM1_UP_TIM10_IRQHandler
                0x08000f24                I2C3_ER_IRQHandler
                0x08000f24                EXTI0_IRQHandler
                0x08000f24                I2C2_EV_IRQHandler
                0x08000f24                DMA1_Stream2_IRQHandler
                0x08000f24                FPU_IRQHandler
                0x08000f24                DMA2_Stream2_IRQHandler
                0x08000f24                SPI1_IRQHandler
                0x08000f24                TIM1_BRK_TIM9_IRQHandler
                0x08000f24                DMA2_Stream3_IRQHandler
                0x08000f24                USART6_IRQHandler
                0x08000f24                DMA2_Stream0_IRQHandler
                0x08000f24                TIM4_IRQHandler
                0x08000f24                I2C1_EV_IRQHandler
                0x08000f24                DMA1_Stream6_IRQHandler
                0x08000f24                DMA1_Stream1_IRQHandler
                0x08000f24                TIM3_IRQHandler
                0x08000f24                RCC_IRQHandler
                0x08000f24                Default_Handler
                0x08000f24                EXTI15_10_IRQHandler
                0x08000f24                ADC_IRQHandler
                0x08000f24                DMA1_Stream7_IRQHandler
                0x08000f24                TIM5_IRQHandler
                0x08000f24                DMA2_Stream7_IRQHandler
                0x08000f24                I2C3_EV_IRQHandler
                0x08000f24                EXTI9_5_IRQHandler
                0x08000f24                RTC_WKUP_IRQHandler
                0x08000f24                SPI2_IRQHandler
                0x08000f24                DMA1_Stream0_IRQHandler
                0x08000f24                EXTI4_IRQHandler
                0x08000f24                WWDG_IRQHandler
                0x08000f24                TIM2_IRQHandler
                0x08000f24                OTG_FS_WKUP_IRQHandler
                0x08000f24                TIM1_TRG_COM_TIM11_IRQHandler
                0x08000f24                EXTI1_IRQHandler
                0x08000f24                I2C2_ER_IRQHandler
                0x08000f24                DMA2_Stream1_IRQHandler
                0x08000f24                FLASH_IRQHandler
                0x08000f24                DMA2_Stream4_IRQHandler
                0x08000f24                USART1_IRQHandler
                0x08000f24                OTG_FS_IRQHandler
                0x08000f24                SPI3_IRQHandler
                0x08000f24                DMA1_Stream4_IRQHandler
                0x08000f24                I2C1_ER_IRQHandler
                0x08000f24                DMA2_Stream6_IRQHandler
                0x08000f24                DMA1_Stream3_IRQHandler
 *fill*         0x08000f26        0x2 
 .text.HAL_Init
                0x08000f28       0x44 ./Drivers/STM32F4xx_HAL_Driver/Src/stm32f4xx_hal.o
                0x08000f28                HAL_Init
 .text.HAL_InitTick
                0x08000f6c       0x60 ./Drivers/STM32F4xx_HAL_Driver/Src/stm32f4xx_hal.o
                0x08000f6c                HAL_InitTick
 .text.HAL_IncTick
                0x08000fcc       0x28 ./Drivers/STM32F4xx_HAL_Driver/Src/stm32f4xx_hal.o
                0x08000fcc                HAL_IncTick
 .text.HAL_GetTick
                0x08000ff4       0x18 ./Drivers/STM32F4xx_HAL_Driver/Src/stm32f4xx_hal.o
                0x08000ff4                HAL_GetTick
 .text.HAL_Delay
                0x0800100c       0x48 ./Drivers/STM32F4xx_HAL_Driver/Src/stm32f4xx_hal.o
                0x0800100c                HAL_Delay
 .text.__NVIC_SetPriorityGrouping
                0x08001054       0x48 ./Drivers/STM32F4xx_HAL_Driver/Src/stm32f4xx_hal_cortex.o
 .text.__NVIC_GetPriorityGrouping
                0x0800109c       0x1c ./Drivers/STM32F4xx_HAL_Driver/Src/stm32f4xx_hal_cortex.o
 .text.__NVIC_EnableIRQ
                0x080010b8       0x3c ./Drivers/STM32F4xx_HAL_Driver/Src/stm32f4xx_hal_cortex.o
 .text.__NVIC_SetPriority
                0x080010f4       0x54 ./Drivers/STM32F4xx_HAL_Driver/Src/stm32f4xx_hal_cortex.o
 .text.NVIC_EncodePriority
                0x08001148       0x66 ./Drivers/STM32F4xx_HAL_Driver/Src/stm32f4xx_hal_cortex.o
 *fill*         0x080011ae        0x2 
 .text.SysTick_Config
                0x080011b0       0x44 ./Drivers/STM32F4xx_HAL_Driver/Src/stm32f4xx_hal_cortex.o
 .text.HAL_NVIC_SetPriorityGrouping
                0x080011f4       0x16 ./Drivers/STM32F4xx_HAL_Driver/Src/stm32f4xx_hal_cortex.o
                0x080011f4                HAL_NVIC_SetPriorityGrouping
 .text.HAL_NVIC_SetPriority
                0x0800120a       0x38 ./Drivers/STM32F4xx_HAL_Driver/Src/stm32f4xx_hal_cortex.o
                0x0800120a                HAL_NVIC_SetPriority
 .text.HAL_NVIC_EnableIRQ
                0x08001242       0x1c ./Drivers/STM32F4xx_HAL_Driver/Src/stm32f4xx_hal_cortex.o
                0x08001242                HAL_NVIC_EnableIRQ
 .text.HAL_SYSTICK_Config
                0x0800125e       0x18 ./Drivers/STM32F4xx_HAL_Driver/Src/stm32f4xx_hal_cortex.o
                0x0800125e                HAL_SYSTICK_Config
 .text.HAL_DMA_Abort
                0x08001276       0xe0 ./Drivers/STM32F4xx_HAL_Driver/Src/stm32f4xx_hal_dma.o
                0x08001276                HAL_DMA_Abort
 .text.HAL_DMA_Abort_IT
                0x08001356       0x44 ./Drivers/STM32F4xx_HAL_Driver/Src/stm32f4xx_hal_dma.o
                0x08001356                HAL_DMA_Abort_IT
 *fill*         0x0800139a        0x2 
 .text.HAL_GPIO_Init
                0x0800139c      0x308 ./Drivers/STM32F4xx_HAL_Driver/Src/stm32f4xx_hal_gpio.o
                0x0800139c                HAL_GPIO_Init
 .text.HAL_GPIO_WritePin
                0x080016a4       0x32 ./Drivers/STM32F4xx_HAL_Driver/Src/stm32f4xx_hal_gpio.o
                0x080016a4                HAL_GPIO_WritePin
 *fill*         0x080016d6        0x2 
 .text.HAL_I2C_Init
                0x080016d8      0x288 ./Drivers/STM32F4xx_HAL_Driver/Src/stm32f4xx_hal_i2c.o
                0x080016d8                HAL_I2C_Init
 .text.HAL_I2C_Master_Transmit
                0x08001960      0x1fc ./Drivers/STM32F4xx_HAL_Driver/Src/stm32f4xx_hal_i2c.o
                0x08001960                HAL_I2C_Master_Transmit
 .text.HAL_I2C_Master_Receive
                0x08001b5c      0x464 ./Drivers/STM32F4xx_HAL_Driver/Src/stm32f4xx_hal_i2c.o
                0x08001b5c                HAL_I2C_Master_Receive
 .text.I2C_MasterRequestWrite
                0x08001fc0      0x104 ./Drivers/STM32F4xx_HAL_Driver/Src/stm32f4xx_hal_i2c.o
 .text.I2C_MasterRequestRead
                0x080020c4      0x19c ./Drivers/STM32F4xx_HAL_Driver/Src/stm32f4xx_hal_i2c.o
 .text.I2C_WaitOnFlagUntilTimeout
                0x08002260       0xf4 ./Drivers/STM32F4xx_HAL_Driver/Src/stm32f4xx_hal_i2c.o
 .text.I2C_WaitOnMasterAddressFlagUntilTimeout
                0x08002354      0x140 ./Drivers/STM32F4xx_HAL_Driver/Src/stm32f4xx_hal_i2c.o
 .text.I2C_WaitOnTXEFlagUntilTimeout
                0x08002494       0x90 ./Drivers/STM32F4xx_HAL_Driver/Src/stm32f4xx_hal_i2c.o
 .text.I2C_WaitOnBTFFlagUntilTimeout
                0x08002524       0x90 ./Drivers/STM32F4xx_HAL_Driver/Src/stm32f4xx_hal_i2c.o
 .text.I2C_WaitOnRXNEFlagUntilTimeout
                0x080025b4       0xba ./Drivers/STM32F4xx_HAL_Driver/Src/stm32f4xx_hal_i2c.o
 .text.I2C_IsAcknowledgeFailed
                0x0800266e       0x5e ./Drivers/STM32F4xx_HAL_Driver/Src/stm32f4xx_hal_i2c.o
 .text.HAL_RCC_OscConfig
                0x080026cc      0x4f0 ./Drivers/STM32F4xx_HAL_Driver/Src/stm32f4xx_hal_rcc.o
                0x080026cc                HAL_RCC_OscConfig
 .text.HAL_RCC_ClockConfig
                0x08002bbc      0x1cc ./Drivers/STM32F4xx_HAL_Driver/Src/stm32f4xx_hal_rcc.o
                0x08002bbc                HAL_RCC_ClockConfig
 .text.HAL_RCC_GetSysClockFreq
                0x08002d88      0x18c ./Drivers/STM32F4xx_HAL_Driver/Src/stm32f4xx_hal_rcc.o
                0x08002d88                HAL_RCC_GetSysClockFreq
 .text.HAL_RCC_GetHCLKFreq
                0x08002f14       0x18 ./Drivers/STM32F4xx_HAL_Driver/Src/stm32f4xx_hal_rcc.o
                0x08002f14                HAL_RCC_GetHCLKFreq
 .text.HAL_RCC_GetPCLK1Freq
                0x08002f2c       0x28 ./Drivers/STM32F4xx_HAL_Driver/Src/stm32f4xx_hal_rcc.o
                0x08002f2c                HAL_RCC_GetPCLK1Freq
 .text.HAL_RCC_GetPCLK2Freq
                0x08002f54       0x28 ./Drivers/STM32F4xx_HAL_Driver/Src/stm32f4xx_hal_rcc.o
                0x08002f54                HAL_RCC_GetPCLK2Freq
 .text.HAL_UART_Init
                0x08002f7c       0xa0 ./Drivers/STM32F4xx_HAL_Driver/Src/stm32f4xx_hal_uart.o
                0x08002f7c                HAL_UART_Init
 .text.HAL_UART_Transmit
                0x0800301c      0x116 ./Drivers/STM32F4xx_HAL_Driver/Src/stm32f4xx_hal_uart.o
                0x0800301c                HAL_UART_Transmit
 .text.HAL_UART_Receive_IT
                0x08003132       0x4a ./Drivers/STM32F4xx_HAL_Driver/Src/stm32f4xx_hal_uart.o
                0x08003132                HAL_UART_Receive_IT
 .text.HAL_UART_IRQHandler
                0x0800317c      0x554 ./Drivers/STM32F4xx_HAL_Driver/Src/stm32f4xx_hal_uart.o
                0x0800317c                HAL_UART_IRQHandler
 .text.HAL_UART_TxCpltCallback
                0x080036d0       0x14 ./Drivers/STM32F4xx_HAL_Driver/Src/stm32f4xx_hal_uart.o
                0x080036d0                HAL_UART_TxCpltCallback
 .text.HAL_UART_ErrorCallback
                0x080036e4       0x14 ./Drivers/STM32F4xx_HAL_Driver/Src/stm32f4xx_hal_uart.o
                0x080036e4                HAL_UART_ErrorCallback
 .text.HAL_UARTEx_RxEventCallback
                0x080036f8       0x18 ./Drivers/STM32F4xx_HAL_Driver/Src/stm32f4xx_hal_uart.o
                0x080036f8                HAL_UARTEx_RxEventCallback
 .text.UART_WaitOnFlagUntilTimeout
                0x08003710       0xb2 ./Drivers/STM32F4xx_HAL_Driver/Src/stm32f4xx_hal_uart.o
 .text.UART_Start_Receive_IT
                0x080037c2       0x74 ./Drivers/STM32F4xx_HAL_Driver/Src/stm32f4xx_hal_uart.o
                0x080037c2                UART_Start_Receive_IT
 .text.UART_EndRxTransfer
                0x08003836       0xc6 ./Drivers/STM32F4xx_HAL_Driver/Src/stm32f4xx_hal_uart.o
 .text.UART_DMAAbortOnError
                0x080038fc       0x22 ./Drivers/STM32F4xx_HAL_Driver/Src/stm32f4xx_hal_uart.o
 .text.UART_Transmit_IT
                0x0800391e       0xa0 ./Drivers/STM32F4xx_HAL_Driver/Src/stm32f4xx_hal_uart.o
 .text.UART_EndTransmit_IT
                0x080039be       0x30 ./Drivers/STM32F4xx_HAL_Driver/Src/stm32f4xx_hal_uart.o
 .text.UART_Receive_IT
                0x080039ee      0x17c ./Drivers/STM32F4xx_HAL_Driver/Src/stm32f4xx_hal_uart.o
 *fill*         0x08003b6a        0x2 
 .text.UART_SetConfig
                0x08003b6c      0x4e8 ./Drivers/STM32F4xx_HAL_Driver/Src/stm32f4xx_hal_uart.o
 .text.VL53L0X_GetOffsetCalibrationDataMicroMeter
                0x08004054       0x26 ./Drivers/VL53L0X/core/src/vl53l0x_api.o
                0x08004054                VL53L0X_GetOffsetCalibrationDataMicroMeter
 *fill*         0x0800407a        0x2 
 .text.VL53L0X_DataInit
                0x0800407c      0x2c8 ./Drivers/VL53L0X/core/src/vl53l0x_api.o
                0x0800407c                VL53L0X_DataInit
 .text.VL53L0X_StaticInit
                0x08004344      0x300 ./Drivers/VL53L0X/core/src/vl53l0x_api.o
                0x08004344                VL53L0X_StaticInit
 .text.VL53L0X_GetDeviceParameters
                0x08004644      0x120 ./Drivers/VL53L0X/core/src/vl53l0x_api.o
                0x08004644                VL53L0X_GetDeviceParameters
 .text.VL53L0X_SetDeviceMode
                0x08004764       0x58 ./Drivers/VL53L0X/core/src/vl53l0x_api.o
                0x08004764                VL53L0X_SetDeviceMode
 .text.VL53L0X_GetDeviceMode
                0x080047bc       0x26 ./Drivers/VL53L0X/core/src/vl53l0x_api.o
                0x080047bc                VL53L0X_GetDeviceMode
 .text.VL53L0X_GetFractionEnable
                0x080047e2       0x3e ./Drivers/VL53L0X/core/src/vl53l0x_api.o
                0x080047e2                VL53L0X_GetFractionEnable
 .text.VL53L0X_SetMeasurementTimingBudgetMicroSeconds
                0x08004820       0x26 ./Drivers/VL53L0X/core/src/vl53l0x_api.o
                0x08004820                VL53L0X_SetMeasurementTimingBudgetMicroSeconds
 .text.VL53L0X_GetMeasurementTimingBudgetMicroSeconds
                0x08004846       0x26 ./Drivers/VL53L0X/core/src/vl53l0x_api.o
                0x08004846                VL53L0X_GetMeasurementTimingBudgetMicroSeconds
 .text.VL53L0X_GetVcselPulsePeriod
                0x0800486c       0x2e ./Drivers/VL53L0X/core/src/vl53l0x_api.o
                0x0800486c                VL53L0X_GetVcselPulsePeriod
 *fill*         0x0800489a        0x2 
 .text.VL53L0X_SetSequenceStepEnable
                0x0800489c      0x140 ./Drivers/VL53L0X/core/src/vl53l0x_api.o
                0x0800489c                VL53L0X_SetSequenceStepEnable
 .text.sequence_step_enabled
                0x080049dc       0xa4 ./Drivers/VL53L0X/core/src/vl53l0x_api.o
                0x080049dc                sequence_step_enabled
 .text.VL53L0X_GetSequenceStepEnables
                0x08004a80       0xb0 ./Drivers/VL53L0X/core/src/vl53l0x_api.o
                0x08004a80                VL53L0X_GetSequenceStepEnables
 .text.VL53L0X_GetInterMeasurementPeriodMilliSeconds
                0x08004b30       0x68 ./Drivers/VL53L0X/core/src/vl53l0x_api.o
                0x08004b30                VL53L0X_GetInterMeasurementPeriodMilliSeconds
 .text.VL53L0X_GetXTalkCompensationEnable
                0x08004b98       0x2a ./Drivers/VL53L0X/core/src/vl53l0x_api.o
                0x08004b98                VL53L0X_GetXTalkCompensationEnable
 .text.VL53L0X_GetXTalkCompensationRateMegaCps
                0x08004bc2       0x66 ./Drivers/VL53L0X/core/src/vl53l0x_api.o
                0x08004bc2                VL53L0X_GetXTalkCompensationRateMegaCps
 .text.VL53L0X_SetLimitCheckEnable
                0x08004c28      0x118 ./Drivers/VL53L0X/core/src/vl53l0x_api.o
                0x08004c28                VL53L0X_SetLimitCheckEnable
 .text.VL53L0X_GetLimitCheckEnable
                0x08004d40       0x46 ./Drivers/VL53L0X/core/src/vl53l0x_api.o
                0x08004d40                VL53L0X_GetLimitCheckEnable
 *fill*         0x08004d86        0x2 
 .text.VL53L0X_SetLimitCheckValue
                0x08004d88       0xc4 ./Drivers/VL53L0X/core/src/vl53l0x_api.o
                0x08004d88                VL53L0X_SetLimitCheckValue
 .text.VL53L0X_GetLimitCheckValue
                0x08004e4c      0x11c ./Drivers/VL53L0X/core/src/vl53l0x_api.o
                0x08004e4c                VL53L0X_GetLimitCheckValue
 .text.VL53L0X_GetWrapAroundCheckEnable
                0x08004f68       0x64 ./Drivers/VL53L0X/core/src/vl53l0x_api.o
                0x08004f68                VL53L0X_GetWrapAroundCheckEnable
 .text.VL53L0X_PerformSingleMeasurement
                0x08004fcc       0x68 ./Drivers/VL53L0X/core/src/vl53l0x_api.o
                0x08004fcc                VL53L0X_PerformSingleMeasurement
 .text.VL53L0X_PerformRefCalibration
                0x08005034       0x2c ./Drivers/VL53L0X/core/src/vl53l0x_api.o
                0x08005034                VL53L0X_PerformRefCalibration
 .text.VL53L0X_CheckAndLoadInterruptSettings
                0x08005060       0xcc ./Drivers/VL53L0X/core/src/vl53l0x_api.o
                0x08005060                VL53L0X_CheckAndLoadInterruptSettings
 .text.VL53L0X_StartMeasurement
                0x0800512c      0x184 ./Drivers/VL53L0X/core/src/vl53l0x_api.o
                0x0800512c                VL53L0X_StartMeasurement
 .text.VL53L0X_GetMeasurementDataReady
                0x080052b0       0x80 ./Drivers/VL53L0X/core/src/vl53l0x_api.o
                0x080052b0                VL53L0X_GetMeasurementDataReady
 .text.VL53L0X_GetRangingMeasurementData
                0x08005330      0x238 ./Drivers/VL53L0X/core/src/vl53l0x_api.o
                0x08005330                VL53L0X_GetRangingMeasurementData
 .text.VL53L0X_PerformSingleRangingMeasurement
                0x08005568       0x60 ./Drivers/VL53L0X/core/src/vl53l0x_api.o
                0x08005568                VL53L0X_PerformSingleRangingMeasurement
 .text.VL53L0X_SetGpioConfig
                0x080055c8      0x244 ./Drivers/VL53L0X/core/src/vl53l0x_api.o
                0x080055c8                VL53L0X_SetGpioConfig
 .text.VL53L0X_GetInterruptThresholds
                0x0800580c       0x68 ./Drivers/VL53L0X/core/src/vl53l0x_api.o
                0x0800580c                VL53L0X_GetInterruptThresholds
 .text.VL53L0X_ClearInterruptMask
                0x08005874       0x80 ./Drivers/VL53L0X/core/src/vl53l0x_api.o
                0x08005874                VL53L0X_ClearInterruptMask
 .text.VL53L0X_GetInterruptMaskStatus
                0x080058f4       0x44 ./Drivers/VL53L0X/core/src/vl53l0x_api.o
                0x080058f4                VL53L0X_GetInterruptMaskStatus
 .text.VL53L0X_PerformRefSpadManagement
                0x08005938       0x2a ./Drivers/VL53L0X/core/src/vl53l0x_api.o
                0x08005938                VL53L0X_PerformRefSpadManagement
 .text.VL53L0X_get_offset_calibration_data_micro_meter
                0x08005962       0x7e ./Drivers/VL53L0X/core/src/vl53l0x_api_calibration.o
                0x08005962                VL53L0X_get_offset_calibration_data_micro_meter
 .text.get_next_good_spad
                0x080059e0       0xbc ./Drivers/VL53L0X/core/src/vl53l0x_api_calibration.o
                0x080059e0                get_next_good_spad
 .text.is_aperture
                0x08005a9c       0x34 ./Drivers/VL53L0X/core/src/vl53l0x_api_calibration.o
                0x08005a9c                is_aperture
 .text.enable_spad_bit
                0x08005ad0       0x70 ./Drivers/VL53L0X/core/src/vl53l0x_api_calibration.o
                0x08005ad0                enable_spad_bit
 .text.set_ref_spad_map
                0x08005b40       0x26 ./Drivers/VL53L0X/core/src/vl53l0x_api_calibration.o
                0x08005b40                set_ref_spad_map
 .text.get_ref_spad_map
                0x08005b66       0x26 ./Drivers/VL53L0X/core/src/vl53l0x_api_calibration.o
                0x08005b66                get_ref_spad_map
 .text.enable_ref_spads
                0x08005b8c       0xf8 ./Drivers/VL53L0X/core/src/vl53l0x_api_calibration.o
                0x08005b8c                enable_ref_spads
 .text.perform_ref_signal_measurement
                0x08005c84       0xd4 ./Drivers/VL53L0X/core/src/vl53l0x_api_calibration.o
                0x08005c84                perform_ref_signal_measurement
 .text.VL53L0X_perform_ref_spad_management
                0x08005d58      0x418 ./Drivers/VL53L0X/core/src/vl53l0x_api_calibration.o
                0x08005d58                VL53L0X_perform_ref_spad_management
 .text.VL53L0X_set_reference_spads
                0x08006170      0x14a ./Drivers/VL53L0X/core/src/vl53l0x_api_calibration.o
                0x08006170                VL53L0X_set_reference_spads
 .text.VL53L0X_perform_single_ref_calibration
                0x080062ba       0x76 ./Drivers/VL53L0X/core/src/vl53l0x_api_calibration.o
                0x080062ba                VL53L0X_perform_single_ref_calibration
 .text.VL53L0X_ref_calibration_io
                0x08006330      0x132 ./Drivers/VL53L0X/core/src/vl53l0x_api_calibration.o
                0x08006330                VL53L0X_ref_calibration_io
 .text.VL53L0X_perform_vhv_calibration
                0x08006462       0xce ./Drivers/VL53L0X/core/src/vl53l0x_api_calibration.o
                0x08006462                VL53L0X_perform_vhv_calibration
 .text.VL53L0X_perform_phase_calibration
                0x08006530       0xca ./Drivers/VL53L0X/core/src/vl53l0x_api_calibration.o
                0x08006530                VL53L0X_perform_phase_calibration
 .text.VL53L0X_perform_ref_calibration
                0x080065fa       0x7a ./Drivers/VL53L0X/core/src/vl53l0x_api_calibration.o
                0x080065fa                VL53L0X_perform_ref_calibration
 .text.VL53L0X_measurement_poll_for_completion
                0x08006674       0x60 ./Drivers/VL53L0X/core/src/vl53l0x_api_core.o
                0x08006674                VL53L0X_measurement_poll_for_completion
 .text.VL53L0X_decode_vcsel_period
                0x080066d4       0x26 ./Drivers/VL53L0X/core/src/vl53l0x_api_core.o
                0x080066d4                VL53L0X_decode_vcsel_period
 .text.VL53L0X_isqrt
                0x080066fa       0x68 ./Drivers/VL53L0X/core/src/vl53l0x_api_core.o
                0x080066fa                VL53L0X_isqrt
 .text.VL53L0X_device_read_strobe
                0x08006762       0x86 ./Drivers/VL53L0X/core/src/vl53l0x_api_core.o
                0x08006762                VL53L0X_device_read_strobe
 .text.VL53L0X_get_info_from_device
                0x080067e8      0x99a ./Drivers/VL53L0X/core/src/vl53l0x_api_core.o
                0x080067e8                VL53L0X_get_info_from_device
 .text.VL53L0X_calc_macro_period_ps
                0x08007182       0x3c ./Drivers/VL53L0X/core/src/vl53l0x_api_core.o
                0x08007182                VL53L0X_calc_macro_period_ps
 .text.VL53L0X_encode_timeout
                0x080071be       0x54 ./Drivers/VL53L0X/core/src/vl53l0x_api_core.o
                0x080071be                VL53L0X_encode_timeout
 .text.VL53L0X_decode_timeout
                0x08007212       0x2c ./Drivers/VL53L0X/core/src/vl53l0x_api_core.o
                0x08007212                VL53L0X_decode_timeout
 *fill*         0x0800723e        0x2 
 .text.VL53L0X_calc_timeout_mclks
                0x08007240       0x54 ./Drivers/VL53L0X/core/src/vl53l0x_api_core.o
                0x08007240                VL53L0X_calc_timeout_mclks
 .text.VL53L0X_calc_timeout_us
                0x08007294       0x54 ./Drivers/VL53L0X/core/src/vl53l0x_api_core.o
                0x08007294                VL53L0X_calc_timeout_us
 .text.get_sequence_step_timeout
                0x080072e8      0x1c0 ./Drivers/VL53L0X/core/src/vl53l0x_api_core.o
                0x080072e8                get_sequence_step_timeout
 .text.set_sequence_step_timeout
                0x080074a8      0x1e4 ./Drivers/VL53L0X/core/src/vl53l0x_api_core.o
                0x080074a8                set_sequence_step_timeout
 .text.VL53L0X_get_vcsel_pulse_period
                0x0800768c       0x6e ./Drivers/VL53L0X/core/src/vl53l0x_api_core.o
                0x0800768c                VL53L0X_get_vcsel_pulse_period
 .text.VL53L0X_set_measurement_timing_budget_micro_seconds
                0x080076fa      0x1c0 ./Drivers/VL53L0X/core/src/vl53l0x_api_core.o
                0x080076fa                VL53L0X_set_measurement_timing_budget_micro_seconds
 .text.VL53L0X_get_measurement_timing_budget_micro_seconds
                0x080078ba      0x162 ./Drivers/VL53L0X/core/src/vl53l0x_api_core.o
                0x080078ba                VL53L0X_get_measurement_timing_budget_micro_seconds
 .text.VL53L0X_load_tuning_settings
                0x08007a1c      0x1c4 ./Drivers/VL53L0X/core/src/vl53l0x_api_core.o
                0x08007a1c                VL53L0X_load_tuning_settings
 .text.VL53L0X_get_total_xtalk_rate
                0x08007be0       0x5e ./Drivers/VL53L0X/core/src/vl53l0x_api_core.o
                0x08007be0                VL53L0X_get_total_xtalk_rate
 .text.VL53L0X_get_total_signal_rate
                0x08007c3e       0x4a ./Drivers/VL53L0X/core/src/vl53l0x_api_core.o
                0x08007c3e                VL53L0X_get_total_signal_rate
 .text.VL53L0X_calc_dmax
                0x08007c88      0x238 ./Drivers/VL53L0X/core/src/vl53l0x_api_core.o
                0x08007c88                VL53L0X_calc_dmax
 .text.VL53L0X_calc_sigma_estimate
                0x08007ec0      0x498 ./Drivers/VL53L0X/core/src/vl53l0x_api_core.o
                0x08007ec0                VL53L0X_calc_sigma_estimate
 .text.VL53L0X_get_pal_range_status
                0x08008358      0x3b6 ./Drivers/VL53L0X/core/src/vl53l0x_api_core.o
                0x08008358                VL53L0X_get_pal_range_status
 .text._I2CWrite
                0x0800870e       0x3e ./Drivers/VL53L0X/platform/src/vl53l0x_platform.o
                0x0800870e                _I2CWrite
 .text._I2CRead
                0x0800874c       0x44 ./Drivers/VL53L0X/platform/src/vl53l0x_platform.o
                0x0800874c                _I2CRead
 .text.VL53L0X_WriteMulti
                0x08008790       0x60 ./Drivers/VL53L0X/platform/src/vl53l0x_platform.o
                0x08008790                VL53L0X_WriteMulti
 .text.VL53L0X_ReadMulti
                0x080087f0       0x56 ./Drivers/VL53L0X/platform/src/vl53l0x_platform.o
                0x080087f0                VL53L0X_ReadMulti
 *fill*         0x08008846        0x2 
 .text.VL53L0X_WrByte
                0x08008848       0x48 ./Drivers/VL53L0X/platform/src/vl53l0x_platform.o
                0x08008848                VL53L0X_WrByte
 .text.VL53L0X_WrWord
                0x08008890       0x54 ./Drivers/VL53L0X/platform/src/vl53l0x_platform.o
                0x08008890                VL53L0X_WrWord
 .text.VL53L0X_UpdateByte
                0x080088e4       0x68 ./Drivers/VL53L0X/platform/src/vl53l0x_platform.o
                0x080088e4                VL53L0X_UpdateByte
 .text.VL53L0X_RdByte
                0x0800894c       0x54 ./Drivers/VL53L0X/platform/src/vl53l0x_platform.o
                0x0800894c                VL53L0X_RdByte
 .text.VL53L0X_RdWord
                0x080089a0       0x6c ./Drivers/VL53L0X/platform/src/vl53l0x_platform.o
                0x080089a0                VL53L0X_RdWord
 .text.VL53L0X_RdDWord
                0x08008a0c       0x78 ./Drivers/VL53L0X/platform/src/vl53l0x_platform.o
                0x08008a0c                VL53L0X_RdDWord
 .text.VL53L0X_PollingDelay
                0x08008a84       0x1e ./Drivers/VL53L0X/platform/src/vl53l0x_platform.o
                0x08008a84                VL53L0X_PollingDelay
 *fill*         0x08008aa2        0x2 
 .text.sprintf  0x08008aa4       0x44 D:/ABC/STM32CubeIDE_1.18.0/STM32CubeIDE/plugins/com.st.stm32cube.ide.mcu.externaltools.gnu-tools-for-stm32.13.3.rel1.win32_1.0.100.202509120712/tools/bin/../lib/gcc/arm-none-eabi/13.3.1/../../../../arm-none-eabi/lib/thumb/v7e-m+fp/hard\libc_nano.a(libc_a-sprintf.o)
                0x08008aa4                siprintf
                0x08008aa4                sprintf
 .text.memset   0x08008ae8       0x10 D:/ABC/STM32CubeIDE_1.18.0/STM32CubeIDE/plugins/com.st.stm32cube.ide.mcu.externaltools.gnu-tools-for-stm32.13.3.rel1.win32_1.0.100.202509120712/tools/bin/../lib/gcc/arm-none-eabi/13.3.1/../../../../arm-none-eabi/lib/thumb/v7e-m+fp/hard\libc_nano.a(libc_a-memset.o)
                0x08008ae8                memset
 .text.__errno  0x08008af8        0xc D:/ABC/STM32CubeIDE_1.18.0/STM32CubeIDE/plugins/com.st.stm32cube.ide.mcu.externaltools.gnu-tools-for-stm32.13.3.rel1.win32_1.0.100.202509120712/tools/bin/../lib/gcc/arm-none-eabi/13.3.1/../../../../arm-none-eabi/lib/thumb/v7e-m+fp/hard\libc_nano.a(libc_a-errno.o)
                0x08008af8                __errno
 .text.__libc_init_array
                0x08008b04       0x48 D:/ABC/STM32CubeIDE_1.18.0/STM32CubeIDE/plugins/com.st.stm32cube.ide.mcu.externaltools.gnu-tools-for-stm32.13.3.rel1.win32_1.0.100.202509120712/tools/bin/../lib/gcc/arm-none-eabi/13.3.1/../../../../arm-none-eabi/lib/thumb/v7e-m+fp/hard\libc_nano.a(libc_a-init.o)
                0x08008b04                __libc_init_array
 .text.__retarget_lock_acquire_recursive
                0x08008b4c        0x2 D:/ABC/STM32CubeIDE_1.18.0/STM32CubeIDE/plugins/com.st.stm32cube.ide.mcu.externaltools.gnu-tools-for-stm32.13.3.rel1.win32_1.0.100.202509120712/tools/bin/../lib/gcc/arm-none-eabi/13.3.1/../../../../arm-none-eabi/lib/thumb/v7e-m+fp/hard\libc_nano.a(libc_a-lock.o)
                0x08008b4c                __retarget_lock_acquire_recursive
 .text.__retarget_lock_release_recursive
                0x08008b4e        0x2 D:/ABC/STM32CubeIDE_1.18.0/STM32CubeIDE/plugins/com.st.stm32cube.ide.mcu.externaltools.gnu-tools-for-stm32.13.3.rel1.win32_1.0.100.202509120712/tools/bin/../lib/gcc/arm-none-eabi/13.3.1/../../../../arm-none-eabi/lib/thumb/v7e-m+fp/hard\libc_nano.a(libc_a-lock.o)
                0x08008b4e                __retarget_lock_release_recursive
 .text.strcpy   0x08008b50       0x10 D:/ABC/STM32CubeIDE_1.18.0/STM32CubeIDE/plugins/com.st.stm32cube.ide.mcu.externaltools.gnu-tools-for-stm32.13.3.rel1.win32_1.0.100.202509120712/tools/bin/../lib/gcc/arm-none-eabi/13.3.1/../../../../arm-none-eabi/lib/thumb/v7e-m+fp/hard\libc_nano.a(libc_a-strcpy.o)
                0x08008b50                strcpy
 .text.memcpy   0x08008b60       0x1c D:/ABC/STM32CubeIDE_1.18.0/STM32CubeIDE/plugins/com.st.stm32cube.ide.mcu.externaltools.gnu-tools-for-stm32.13.3.rel1.win32_1.0.100.202509120712/tools/bin/../lib/gcc/arm-none-eabi/13.3.1/../../../../arm-none-eabi/lib/thumb/v7e-m+fp/hard\libc_nano.a(libc_a-memcpy-stub.o)
                0x08008b60                memcpy
 .text._free_r  0x08008b7c       0x94 D:/ABC/STM32CubeIDE_1.18.0/STM32CubeIDE/plugins/com.st.stm32cube.ide.mcu.externaltools.gnu-tools-for-stm32.13.3.rel1.win32_1.0.100.202509120712/tools/bin/../lib/gcc/arm-none-eabi/13.3.1/../../../../arm-none-eabi/lib/thumb/v7e-m+fp/hard\libc_nano.a(libc_a-freer.o)
                0x08008b7c                _free_r
 .text.sbrk_aligned
                0x08008c10       0x44 D:/ABC/STM32CubeIDE_1.18.0/STM32CubeIDE/plugins/com.st.stm32cube.ide.mcu.externaltools.gnu-tools-for-stm32.13.3.rel1.win32_1.0.100.202509120712/tools/bin/../lib/gcc/arm-none-eabi/13.3.1/../../../../arm-none-eabi/lib/thumb/v7e-m+fp/hard\libc_nano.a(libc_a-mallocr.o)
 .text._malloc_r
                0x08008c54      0x100 D:/ABC/STM32CubeIDE_1.18.0/STM32CubeIDE/plugins/com.st.stm32cube.ide.mcu.externaltools.gnu-tools-for-stm32.13.3.rel1.win32_1.0.100.202509120712/tools/bin/../lib/gcc/arm-none-eabi/13.3.1/../../../../arm-none-eabi/lib/thumb/v7e-m+fp/hard\libc_nano.a(libc_a-mallocr.o)
                0x08008c54                _malloc_r
 .text.__malloc_lock
                0x08008d54        0xc D:/ABC/STM32CubeIDE_1.18.0/STM32CubeIDE/plugins/com.st.stm32cube.ide.mcu.externaltools.gnu-tools-for-stm32.13.3.rel1.win32_1.0.100.202509120712/tools/bin/../lib/gcc/arm-none-eabi/13.3.1/../../../../arm-none-eabi/lib/thumb/v7e-m+fp/hard\libc_nano.a(libc_a-mlock.o)
                0x08008d54                __malloc_lock
 .text.__malloc_unlock
                0x08008d60        0xc D:/ABC/STM32CubeIDE_1.18.0/STM32CubeIDE/plugins/com.st.stm32cube.ide.mcu.externaltools.gnu-tools-for-stm32.13.3.rel1.win32_1.0.100.202509120712/tools/bin/../lib/gcc/arm-none-eabi/13.3.1/../../../../arm-none-eabi/lib/thumb/v7e-m+fp/hard\libc_nano.a(libc_a-mlock.o)
                0x08008d60                __malloc_unlock
 .text.__ssputs_r
                0x08008d6c       0xb6 D:/ABC/STM32CubeIDE_1.18.0/STM32CubeIDE/plugins/com.st.stm32cube.ide.mcu.externaltools.gnu-tools-for-stm32.13.3.rel1.win32_1.0.100.202509120712/tools/bin/../lib/gcc/arm-none-eabi/13.3.1/../../../../arm-none-eabi/lib/thumb/v7e-m+fp/hard\libc_nano.a(libc_a-nano-svfprintf.o)
                0x08008d6c                __ssputs_r
 *fill*         0x08008e22        0x2 
 .text._svfprintf_r
                0x08008e24      0x1f8 D:/ABC/STM32CubeIDE_1.18.0/STM32CubeIDE/plugins/com.st.stm32cube.ide.mcu.externaltools.gnu-tools-for-stm32.13.3.rel1.win32_1.0.100.202509120712/tools/bin/../lib/gcc/arm-none-eabi/13.3.1/../../../../arm-none-eabi/lib/thumb/v7e-m+fp/hard\libc_nano.a(libc_a-nano-svfprintf.o)
                0x08008e24                _svfiprintf_r
                0x08008e24                _svfprintf_r
 .text._printf_common
                0x0800901c       0xda D:/ABC/STM32CubeIDE_1.18.0/STM32CubeIDE/plugins/com.st.stm32cube.ide.mcu.externaltools.gnu-tools-for-stm32.13.3.rel1.win32_1.0.100.202509120712/tools/bin/../lib/gcc/arm-none-eabi/13.3.1/../../../../arm-none-eabi/lib/thumb/v7e-m+fp/hard\libc_nano.a(libc_a-nano-vfprintf_i.o)
                0x0800901c                _printf_common
 *fill*         0x080090f6        0x2 
 .text._printf_i
                0x080090f8      0x23c D:/ABC/STM32CubeIDE_1.18.0/STM32CubeIDE/plugins/com.st.stm32cube.ide.mcu.externaltools.gnu-tools-for-stm32.13.3.rel1.win32_1.0.100.202509120712/tools/bin/../lib/gcc/arm-none-eabi/13.3.1/../../../../arm-none-eabi/lib/thumb/v7e-m+fp/hard\libc_nano.a(libc_a-nano-vfprintf_i.o)
                0x080090f8                _printf_i
 .text.memmove  0x08009334       0x34 D:/ABC/STM32CubeIDE_1.18.0/STM32CubeIDE/plugins/com.st.stm32cube.ide.mcu.externaltools.gnu-tools-for-stm32.13.3.rel1.win32_1.0.100.202509120712/tools/bin/../lib/gcc/arm-none-eabi/13.3.1/../../../../arm-none-eabi/lib/thumb/v7e-m+fp/hard\libc_nano.a(libc_a-memmove.o)
                0x08009334                memmove
 .text._sbrk_r  0x08009368       0x20 D:/ABC/STM32CubeIDE_1.18.0/STM32CubeIDE/plugins/com.st.stm32cube.ide.mcu.externaltools.gnu-tools-for-stm32.13.3.rel1.win32_1.0.100.202509120712/tools/bin/../lib/gcc/arm-none-eabi/13.3.1/../../../../arm-none-eabi/lib/thumb/v7e-m+fp/hard\libc_nano.a(libc_a-sbrkr.o)
                0x08009368                _sbrk_r
 .text._realloc_r
                0x08009388       0x5c D:/ABC/STM32CubeIDE_1.18.0/STM32CubeIDE/plugins/com.st.stm32cube.ide.mcu.externaltools.gnu-tools-for-stm32.13.3.rel1.win32_1.0.100.202509120712/tools/bin/../lib/gcc/arm-none-eabi/13.3.1/../../../../arm-none-eabi/lib/thumb/v7e-m+fp/hard\libc_nano.a(libc_a-reallocr.o)
                0x08009388                _realloc_r
 .text._malloc_usable_size_r
                0x080093e4       0x10 D:/ABC/STM32CubeIDE_1.18.0/STM32CubeIDE/plugins/com.st.stm32cube.ide.mcu.externaltools.gnu-tools-for-stm32.13.3.rel1.win32_1.0.100.202509120712/tools/bin/../lib/gcc/arm-none-eabi/13.3.1/../../../../arm-none-eabi/lib/thumb/v7e-m+fp/hard\libc_nano.a(libc_a-msizer.o)
                0x080093e4                _malloc_usable_size_r
 *(.glue_7)
 .glue_7        0x080093f4        0x0 linker stubs
 *(.glue_7t)
 .glue_7t       0x080093f4        0x0 linker stubs
 *(.eh_frame)
 .eh_frame      0x080093f4        0x0 D:/ABC/STM32CubeIDE_1.18.0/STM32CubeIDE/plugins/com.st.stm32cube.ide.mcu.externaltools.gnu-tools-for-stm32.13.3.rel1.win32_1.0.100.202509120712/tools/bin/../lib/gcc/arm-none-eabi/13.3.1/thumb/v7e-m+fp/hard/crtbegin.o
 *(.init)
 .init          0x080093f4        0x4 D:/ABC/STM32CubeIDE_1.18.0/STM32CubeIDE/plugins/com.st.stm32cube.ide.mcu.externaltools.gnu-tools-for-stm32.13.3.rel1.win32_1.0.100.202509120712/tools/bin/../lib/gcc/arm-none-eabi/13.3.1/thumb/v7e-m+fp/hard/crti.o
                0x080093f4                _init
 .init          0x080093f8        0x8 D:/ABC/STM32CubeIDE_1.18.0/STM32CubeIDE/plugins/com.st.stm32cube.ide.mcu.externaltools.gnu-tools-for-stm32.13.3.rel1.win32_1.0.100.202509120712/tools/bin/../lib/gcc/arm-none-eabi/13.3.1/thumb/v7e-m+fp/hard/crtn.o
 *(.fini)
 .fini          0x08009400        0x4 D:/ABC/STM32CubeIDE_1.18.0/STM32CubeIDE/plugins/com.st.stm32cube.ide.mcu.externaltools.gnu-tools-for-stm32.13.3.rel1.win32_1.0.100.202509120712/tools/bin/../lib/gcc/arm-none-eabi/13.3.1/thumb/v7e-m+fp/hard/crti.o
                0x08009400                _fini
 .fini          0x08009404        0x8 D:/ABC/STM32CubeIDE_1.18.0/STM32CubeIDE/plugins/com.st.stm32cube.ide.mcu.externaltools.gnu-tools-for-stm32.13.3.rel1.win32_1.0.100.202509120712/tools/bin/../lib/gcc/arm-none-eabi/13.3.1/thumb/v7e-m+fp/hard/crtn.o
                0x0800940c                        . = ALIGN (0x4)
                0x0800940c                        _etext = .

.vfp11_veneer   0x0800940c        0x0
 .vfp11_veneer  0x0800940c        0x0 linker stubs

.v4_bx          0x0800940c        0x0
 .v4_bx         0x0800940c        0x0 linker stubs

.iplt           0x0800940c        0x0
 .iplt          0x0800940c        0x0 D:/ABC/STM32CubeIDE_1.18.0/STM32CubeIDE/plugins/com.st.stm32cube.ide.mcu.externaltools.gnu-tools-for-stm32.13.3.rel1.win32_1.0.100.202509120712/tools/bin/../lib/gcc/arm-none-eabi/13.3.1/thumb/v7e-m+fp/hard/crtbegin.o

.rodata         0x0800940c       0xa8
                0x0800940c                        . = ALIGN (0x4)
 *(.rodata)
 .rodata        0x0800940c       0x5c ./Core/Src/main.o
 *(.rodata*)
 .rodata.AHBPrescTable
                0x08009468       0x10 ./Core/Src/system_stm32f4xx.o
                0x08009468                AHBPrescTable
 .rodata.APBPrescTable
                0x08009478        0x8 ./Core/Src/system_stm32f4xx.o
                0x08009478                APBPrescTable
 .rodata._svfprintf_r.str1.1
                0x08009480       0x33 D:/ABC/STM32CubeIDE_1.18.0/STM32CubeIDE/plugins/com.st.stm32cube.ide.mcu.externaltools.gnu-tools-for-stm32.13.3.rel1.win32_1.0.100.202509120712/tools/bin/../lib/gcc/arm-none-eabi/13.3.1/../../../../arm-none-eabi/lib/thumb/v7e-m+fp/hard\libc_nano.a(libc_a-nano-svfprintf.o)
                                 0x11 (size before relaxing)
 .rodata._printf_i.str1.1
                0x080094b3        0x0 D:/ABC/STM32CubeIDE_1.18.0/STM32CubeIDE/plugins/com.st.stm32cube.ide.mcu.externaltools.gnu-tools-for-stm32.13.3.rel1.win32_1.0.100.202509120712/tools/bin/../lib/gcc/arm-none-eabi/13.3.1/../../../../arm-none-eabi/lib/thumb/v7e-m+fp/hard\libc_nano.a(libc_a-nano-vfprintf_i.o)
                                 0x22 (size before relaxing)
                0x080094b4                        . = ALIGN (0x4)
 *fill*         0x080094b3        0x1 

.ARM.extab      0x080094b4        0x0
                0x080094b4                        . = ALIGN (0x4)
 *(.ARM.extab* .gnu.linkonce.armextab.*)
                0x080094b4                        . = ALIGN (0x4)

.ARM            0x080094b4        0x8
                0x080094b4                        . = ALIGN (0x4)
                0x080094b4                        __exidx_start = .
 *(.ARM.exidx*)
 .ARM.exidx     0x080094b4        0x8 D:/ABC/STM32CubeIDE_1.18.0/STM32CubeIDE/plugins/com.st.stm32cube.ide.mcu.externaltools.gnu-tools-for-stm32.13.3.rel1.win32_1.0.100.202509120712/tools/bin/../lib/gcc/arm-none-eabi/13.3.1/../../../../arm-none-eabi/lib/thumb/v7e-m+fp/hard\libc_nano.a(libc_a-strlen.o)
 .ARM.exidx     0x080094bc        0x0 D:/ABC/STM32CubeIDE_1.18.0/STM32CubeIDE/plugins/com.st.stm32cube.ide.mcu.externaltools.gnu-tools-for-stm32.13.3.rel1.win32_1.0.100.202509120712/tools/bin/../lib/gcc/arm-none-eabi/13.3.1/../../../../arm-none-eabi/lib/thumb/v7e-m+fp/hard\libc_nano.a(libc_a-memchr.o)
                                  0x8 (size before relaxing)
 .ARM.exidx     0x080094bc        0x0 D:/ABC/STM32CubeIDE_1.18.0/STM32CubeIDE/plugins/com.st.stm32cube.ide.mcu.externaltools.gnu-tools-for-stm32.13.3.rel1.win32_1.0.100.202509120712/tools/bin/../lib/gcc/arm-none-eabi/13.3.1/thumb/v7e-m+fp/hard\libgcc.a(_udivmoddi4.o)
                                  0x8 (size before relaxing)
                0x080094bc                        __exidx_end = .
                0x080094bc                        . = ALIGN (0x4)

.preinit_array  0x080094bc        0x0
                0x080094bc                        . = ALIGN (0x4)
                0x080094bc                        PROVIDE (__preinit_array_start = .)
 *(.preinit_array*)
                0x080094bc                        PROVIDE (__preinit_array_end = .)
                0x080094bc                        . = ALIGN (0x4)

.init_array     0x080094bc        0x4
                0x080094bc                        . = ALIGN (0x4)
                0x080094bc                        PROVIDE (__init_array_start = .)
 *(SORT_BY_NAME(.init_array.*))
 *(.init_array*)
 .init_array    0x080094bc        0x4 D:/ABC/STM32CubeIDE_1.18.0/STM32CubeIDE/plugins/com.st.stm32cube.ide.mcu.externaltools.gnu-tools-for-stm32.13.3.rel1.win32_1.0.100.202509120712/tools/bin/../lib/gcc/arm-none-eabi/13.3.1/thumb/v7e-m+fp/hard/crtbegin.o
                0x080094c0                        PROVIDE (__init_array_end = .)
                0x080094c0                        . = ALIGN (0x4)

.fini_array     0x080094c0        0x4
                0x080094c0                        . = ALIGN (0x4)
                [!provide]                        PROVIDE (__fini_array_start = .)
 *(SORT_BY_NAME(.fini_array.*))
 *(.fini_array*)
 .fini_array    0x080094c0        0x4 D:/ABC/STM32CubeIDE_1.18.0/STM32CubeIDE/plugins/com.st.stm32cube.ide.mcu.externaltools.gnu-tools-for-stm32.13.3.rel1.win32_1.0.100.202509120712/tools/bin/../lib/gcc/arm-none-eabi/13.3.1/thumb/v7e-m+fp/hard/crtbegin.o
                [!provide]                        PROVIDE (__fini_array_end = .)
                0x080094c4                        . = ALIGN (0x4)
                0x080094c4                        _sidata = LOADADDR (.data)

.rel.dyn        0x080094c4        0x0
 .rel.iplt      0x080094c4        0x0 D:/ABC/STM32CubeIDE_1.18.0/STM32CubeIDE/plugins/com.st.stm32cube.ide.mcu.externaltools.gnu-tools-for-stm32.13.3.rel1.win32_1.0.100.202509120712/tools/bin/../lib/gcc/arm-none-eabi/13.3.1/thumb/v7e-m+fp/hard/crtbegin.o

.data           0x20000000      0x320 load address 0x080094c4
                0x20000000                        . = ALIGN (0x4)
                0x20000000                        _sdata = .
 *(.data)
 *(.data*)
 .data.Dev      0x20000000        0x4 ./Core/Src/main.o
                0x20000000                Dev
 .data.flag_measure
                0x20000004        0x1 ./Core/Src/main.o
                0x20000004                flag_measure
 *fill*         0x20000005        0x3 
 .data.SystemCoreClock
                0x20000008        0x4 ./Core/Src/system_stm32f4xx.o
                0x20000008                SystemCoreClock
 .data.uwTickPrio
                0x2000000c        0x4 ./Drivers/STM32F4xx_HAL_Driver/Src/stm32f4xx_hal.o
                0x2000000c                uwTickPrio
 .data.uwTickFreq
                0x20000010        0x1 ./Drivers/STM32F4xx_HAL_Driver/Src/stm32f4xx_hal.o
                0x20000010                uwTickFreq
 *fill*         0x20000011        0x3 
 .data.DefaultTuningSettings
                0x20000014       0xf3 ./Drivers/VL53L0X/core/src/vl53l0x_api.o
                0x20000014                DefaultTuningSettings
 *fill*         0x20000107        0x1 
 .data.InterruptThresholdSettings
                0x20000108      0x1b6 ./Drivers/VL53L0X/core/src/vl53l0x_api.o
                0x20000108                InterruptThresholdSettings
 *fill*         0x200002be        0x2 
 .data.refArrayQuadrants
                0x200002c0       0x10 ./Drivers/VL53L0X/core/src/vl53l0x_api_calibration.o
                0x200002c0                refArrayQuadrants
 .data._impure_ptr
                0x200002d0        0x4 D:/ABC/STM32CubeIDE_1.18.0/STM32CubeIDE/plugins/com.st.stm32cube.ide.mcu.externaltools.gnu-tools-for-stm32.13.3.rel1.win32_1.0.100.202509120712/tools/bin/../lib/gcc/arm-none-eabi/13.3.1/../../../../arm-none-eabi/lib/thumb/v7e-m+fp/hard\libc_nano.a(libc_a-impure.o)
                0x200002d0                _impure_ptr
 .data._impure_data
                0x200002d4       0x4c D:/ABC/STM32CubeIDE_1.18.0/STM32CubeIDE/plugins/com.st.stm32cube.ide.mcu.externaltools.gnu-tools-for-stm32.13.3.rel1.win32_1.0.100.202509120712/tools/bin/../lib/gcc/arm-none-eabi/13.3.1/../../../../arm-none-eabi/lib/thumb/v7e-m+fp/hard\libc_nano.a(libc_a-impure.o)
                0x200002d4                _impure_data
 *(.RamFunc)
 *(.RamFunc*)
                0x20000320                        . = ALIGN (0x4)
                0x20000320                        _edata = .

.igot.plt       0x20000320        0x0 load address 0x080097e4
 .igot.plt      0x20000320        0x0 D:/ABC/STM32CubeIDE_1.18.0/STM32CubeIDE/plugins/com.st.stm32cube.ide.mcu.externaltools.gnu-tools-for-stm32.13.3.rel1.win32_1.0.100.202509120712/tools/bin/../lib/gcc/arm-none-eabi/13.3.1/thumb/v7e-m+fp/hard/crtbegin.o
                0x20000320                        . = ALIGN (0x4)

.bss            0x20000320      0x45c load address 0x080097e4
                0x20000320                        _sbss = .
                0x20000320                        __bss_start__ = _sbss
 *(.bss)
 .bss           0x20000320       0x1c D:/ABC/STM32CubeIDE_1.18.0/STM32CubeIDE/plugins/com.st.stm32cube.ide.mcu.externaltools.gnu-tools-for-stm32.13.3.rel1.win32_1.0.100.202509120712/tools/bin/../lib/gcc/arm-none-eabi/13.3.1/thumb/v7e-m+fp/hard/crtbegin.o
 *(.bss*)
 .bss.hi2c1     0x2000033c       0x54 ./Core/Src/main.o
                0x2000033c                hi2c1
 .bss.huart2    0x20000390       0x48 ./Core/Src/main.o
                0x20000390                huart2
 .bss.RangingData
                0x200003d8       0x1c ./Core/Src/main.o
                0x200003d8                RangingData
 .bss.vl53l0x_c
                0x200003f4      0x190 ./Core/Src/main.o
                0x200003f4                vl53l0x_c
 .bss.uart_tx_buffer
                0x20000584       0x64 ./Core/Src/main.o
                0x20000584                uart_tx_buffer
 .bss.uart_rx_buffer
                0x200005e8        0x1 ./Core/Src/main.o
                0x200005e8                uart_rx_buffer
 *fill*         0x200005e9        0x3 
 .bss.__sbrk_heap_end
                0x200005ec        0x4 ./Core/Src/sysmem.o
 .bss.uwTick    0x200005f0        0x4 ./Drivers/STM32F4xx_HAL_Driver/Src/stm32f4xx_hal.o
                0x200005f0                uwTick
 .bss._I2CBuffer
                0x200005f4       0x40 ./Drivers/VL53L0X/platform/src/vl53l0x_platform.o
                0x200005f4                _I2CBuffer
 .bss.__sf      0x20000634      0x138 D:/ABC/STM32CubeIDE_1.18.0/STM32CubeIDE/plugins/com.st.stm32cube.ide.mcu.externaltools.gnu-tools-for-stm32.13.3.rel1.win32_1.0.100.202509120712/tools/bin/../lib/gcc/arm-none-eabi/13.3.1/../../../../arm-none-eabi/lib/thumb/v7e-m+fp/hard\libc_nano.a(libc_a-findfp.o)
                0x20000634                __sf
 .bss.errno     0x2000076c        0x4 D:/ABC/STM32CubeIDE_1.18.0/STM32CubeIDE/plugins/com.st.stm32cube.ide.mcu.externaltools.gnu-tools-for-stm32.13.3.rel1.win32_1.0.100.202509120712/tools/bin/../lib/gcc/arm-none-eabi/13.3.1/../../../../arm-none-eabi/lib/thumb/v7e-m+fp/hard\libc_nano.a(libc_a-reent.o)
                0x2000076c                errno
 .bss.__lock___malloc_recursive_mutex
                0x20000770        0x1 D:/ABC/STM32CubeIDE_1.18.0/STM32CubeIDE/plugins/com.st.stm32cube.ide.mcu.externaltools.gnu-tools-for-stm32.13.3.rel1.win32_1.0.100.202509120712/tools/bin/../lib/gcc/arm-none-eabi/13.3.1/../../../../arm-none-eabi/lib/thumb/v7e-m+fp/hard\libc_nano.a(libc_a-lock.o)
                0x20000770                __lock___malloc_recursive_mutex
 *fill*         0x20000771        0x3 
 .bss.__malloc_sbrk_start
                0x20000774        0x4 D:/ABC/STM32CubeIDE_1.18.0/STM32CubeIDE/plugins/com.st.stm32cube.ide.mcu.externaltools.gnu-tools-for-stm32.13.3.rel1.win32_1.0.100.202509120712/tools/bin/../lib/gcc/arm-none-eabi/13.3.1/../../../../arm-none-eabi/lib/thumb/v7e-m+fp/hard\libc_nano.a(libc_a-mallocr.o)
                0x20000774                __malloc_sbrk_start
 .bss.__malloc_free_list
                0x20000778        0x4 D:/ABC/STM32CubeIDE_1.18.0/STM32CubeIDE/plugins/com.st.stm32cube.ide.mcu.externaltools.gnu-tools-for-stm32.13.3.rel1.win32_1.0.100.202509120712/tools/bin/../lib/gcc/arm-none-eabi/13.3.1/../../../../arm-none-eabi/lib/thumb/v7e-m+fp/hard\libc_nano.a(libc_a-mallocr.o)
                0x20000778                __malloc_free_list
 *(COMMON)
                0x2000077c                        . = ALIGN (0x4)
                0x2000077c                        _ebss = .
                0x2000077c                        __bss_end__ = _ebss

._user_heap_stack
                0x2000077c      0x604 load address 0x080097e4
                0x20000780                        . = ALIGN (0x8)
 *fill*         0x2000077c        0x4 
                [!provide]                        PROVIDE (end = .)
                0x20000780                        PROVIDE (_end = .)
                0x20000980                        . = (. + _Min_Heap_Size)
 *fill*         0x20000780      0x200 
                0x20000d80                        . = (. + _Min_Stack_Size)
 *fill*         0x20000980      0x400 
                0x20000d80                        . = ALIGN (0x8)

/DISCARD/
 libc.a(*)
 libm.a(*)
 libgcc.a(*)

.ARM.attributes
                0x00000000       0x30
 *(.ARM.attributes)
 .ARM.attributes
                0x00000000       0x22 D:/ABC/STM32CubeIDE_1.18.0/STM32CubeIDE/plugins/com.st.stm32cube.ide.mcu.externaltools.gnu-tools-for-stm32.13.3.rel1.win32_1.0.100.202509120712/tools/bin/../lib/gcc/arm-none-eabi/13.3.1/thumb/v7e-m+fp/hard/crti.o
 .ARM.attributes
                0x00000022       0x34 D:/ABC/STM32CubeIDE_1.18.0/STM32CubeIDE/plugins/com.st.stm32cube.ide.mcu.externaltools.gnu-tools-for-stm32.13.3.rel1.win32_1.0.100.202509120712/tools/bin/../lib/gcc/arm-none-eabi/13.3.1/thumb/v7e-m+fp/hard/crtbegin.o
 .ARM.attributes
                0x00000056       0x34 ./Core/Src/main.o
 .ARM.attributes
                0x0000008a       0x34 ./Core/Src/stm32f4xx_hal_msp.o
 .ARM.attributes
                0x000000be       0x34 ./Core/Src/stm32f4xx_it.o
 .ARM.attributes
                0x000000f2       0x34 ./Core/Src/sysmem.o
 .ARM.attributes
                0x00000126       0x34 ./Core/Src/system_stm32f4xx.o
 .ARM.attributes
                0x0000015a       0x21 ./Core/Startup/startup_stm32f401retx.o
 .ARM.attributes
                0x0000017b       0x34 ./Drivers/STM32F4xx_HAL_Driver/Src/stm32f4xx_hal.o
 .ARM.attributes
                0x000001af       0x34 ./Drivers/STM32F4xx_HAL_Driver/Src/stm32f4xx_hal_cortex.o
 .ARM.attributes
                0x000001e3       0x34 ./Drivers/STM32F4xx_HAL_Driver/Src/stm32f4xx_hal_dma.o
 .ARM.attributes
                0x00000217       0x34 ./Drivers/STM32F4xx_HAL_Driver/Src/stm32f4xx_hal_gpio.o
 .ARM.attributes
                0x0000024b       0x34 ./Drivers/STM32F4xx_HAL_Driver/Src/stm32f4xx_hal_i2c.o
 .ARM.attributes
                0x0000027f       0x34 ./Drivers/STM32F4xx_HAL_Driver/Src/stm32f4xx_hal_rcc.o
 .ARM.attributes
                0x000002b3       0x34 ./Drivers/STM32F4xx_HAL_Driver/Src/stm32f4xx_hal_uart.o
 .ARM.attributes
                0x000002e7       0x34 ./Drivers/VL53L0X/core/src/vl53l0x_api.o
 .ARM.attributes
                0x0000031b       0x34 ./Drivers/VL53L0X/core/src/vl53l0x_api_calibration.o
 .ARM.attributes
                0x0000034f       0x34 ./Drivers/VL53L0X/core/src/vl53l0x_api_core.o
 .ARM.attributes
                0x00000383       0x34 ./Drivers/VL53L0X/platform/src/vl53l0x_platform.o
 .ARM.attributes
                0x000003b7       0x34 D:/ABC/STM32CubeIDE_1.18.0/STM32CubeIDE/plugins/com.st.stm32cube.ide.mcu.externaltools.gnu-tools-for-stm32.13.3.rel1.win32_1.0.100.202509120712/tools/bin/../lib/gcc/arm-none-eabi/13.3.1/../../../../arm-none-eabi/lib/thumb/v7e-m+fp/hard\libc_nano.a(libc_a-findfp.o)
 .ARM.attributes
                0x000003eb       0x34 D:/ABC/STM32CubeIDE_1.18.0/STM32CubeIDE/plugins/com.st.stm32cube.ide.mcu.externaltools.gnu-tools-for-stm32.13.3.rel1.win32_1.0.100.202509120712/tools/bin/../lib/gcc/arm-none-eabi/13.3.1/../../../../arm-none-eabi/lib/thumb/v7e-m+fp/hard\libc_nano.a(libc_a-sprintf.o)
 .ARM.attributes
                0x0000041f       0x34 D:/ABC/STM32CubeIDE_1.18.0/STM32CubeIDE/plugins/com.st.stm32cube.ide.mcu.externaltools.gnu-tools-for-stm32.13.3.rel1.win32_1.0.100.202509120712/tools/bin/../lib/gcc/arm-none-eabi/13.3.1/../../../../arm-none-eabi/lib/thumb/v7e-m+fp/hard\libc_nano.a(libc_a-memset.o)
 .ARM.attributes
                0x00000453       0x34 D:/ABC/STM32CubeIDE_1.18.0/STM32CubeIDE/plugins/com.st.stm32cube.ide.mcu.externaltools.gnu-tools-for-stm32.13.3.rel1.win32_1.0.100.202509120712/tools/bin/../lib/gcc/arm-none-eabi/13.3.1/../../../../arm-none-eabi/lib/thumb/v7e-m+fp/hard\libc_nano.a(libc_a-reent.o)
 .ARM.attributes
                0x00000487       0x34 D:/ABC/STM32CubeIDE_1.18.0/STM32CubeIDE/plugins/com.st.stm32cube.ide.mcu.externaltools.gnu-tools-for-stm32.13.3.rel1.win32_1.0.100.202509120712/tools/bin/../lib/gcc/arm-none-eabi/13.3.1/../../../../arm-none-eabi/lib/thumb/v7e-m+fp/hard\libc_nano.a(libc_a-impure.o)
 .ARM.attributes
                0x000004bb       0x34 D:/ABC/STM32CubeIDE_1.18.0/STM32CubeIDE/plugins/com.st.stm32cube.ide.mcu.externaltools.gnu-tools-for-stm32.13.3.rel1.win32_1.0.100.202509120712/tools/bin/../lib/gcc/arm-none-eabi/13.3.1/../../../../arm-none-eabi/lib/thumb/v7e-m+fp/hard\libc_nano.a(libc_a-errno.o)
 .ARM.attributes
                0x000004ef       0x34 D:/ABC/STM32CubeIDE_1.18.0/STM32CubeIDE/plugins/com.st.stm32cube.ide.mcu.externaltools.gnu-tools-for-stm32.13.3.rel1.win32_1.0.100.202509120712/tools/bin/../lib/gcc/arm-none-eabi/13.3.1/../../../../arm-none-eabi/lib/thumb/v7e-m+fp/hard\libc_nano.a(libc_a-init.o)
 .ARM.attributes
                0x00000523       0x34 D:/ABC/STM32CubeIDE_1.18.0/STM32CubeIDE/plugins/com.st.stm32cube.ide.mcu.externaltools.gnu-tools-for-stm32.13.3.rel1.win32_1.0.100.202509120712/tools/bin/../lib/gcc/arm-none-eabi/13.3.1/../../../../arm-none-eabi/lib/thumb/v7e-m+fp/hard\libc_nano.a(libc_a-lock.o)
 .ARM.attributes
                0x00000557       0x34 D:/ABC/STM32CubeIDE_1.18.0/STM32CubeIDE/plugins/com.st.stm32cube.ide.mcu.externaltools.gnu-tools-for-stm32.13.3.rel1.win32_1.0.100.202509120712/tools/bin/../lib/gcc/arm-none-eabi/13.3.1/../../../../arm-none-eabi/lib/thumb/v7e-m+fp/hard\libc_nano.a(libc_a-strcpy.o)
 .ARM.attributes
                0x0000058b       0x34 D:/ABC/STM32CubeIDE_1.18.0/STM32CubeIDE/plugins/com.st.stm32cube.ide.mcu.externaltools.gnu-tools-for-stm32.13.3.rel1.win32_1.0.100.202509120712/tools/bin/../lib/gcc/arm-none-eabi/13.3.1/../../../../arm-none-eabi/lib/thumb/v7e-m+fp/hard\libc_nano.a(libc_a-memcpy-stub.o)
 .ARM.attributes
                0x000005bf       0x17 D:/ABC/STM32CubeIDE_1.18.0/STM32CubeIDE/plugins/com.st.stm32cube.ide.mcu.externaltools.gnu-tools-for-stm32.13.3.rel1.win32_1.0.100.202509120712/tools/bin/../lib/gcc/arm-none-eabi/13.3.1/../../../../arm-none-eabi/lib/thumb/v7e-m+fp/hard\libc_nano.a(libc_a-strlen.o)
 .ARM.attributes
                0x000005d6       0x34 D:/ABC/STM32CubeIDE_1.18.0/STM32CubeIDE/plugins/com.st.stm32cube.ide.mcu.externaltools.gnu-tools-for-stm32.13.3.rel1.win32_1.0.100.202509120712/tools/bin/../lib/gcc/arm-none-eabi/13.3.1/../../../../arm-none-eabi/lib/thumb/v7e-m+fp/hard\libc_nano.a(libc_a-freer.o)
 .ARM.attributes
                0x0000060a       0x34 D:/ABC/STM32CubeIDE_1.18.0/STM32CubeIDE/plugins/com.st.stm32cube.ide.mcu.externaltools.gnu-tools-for-stm32.13.3.rel1.win32_1.0.100.202509120712/tools/bin/../lib/gcc/arm-none-eabi/13.3.1/../../../../arm-none-eabi/lib/thumb/v7e-m+fp/hard\libc_nano.a(libc_a-mallocr.o)
 .ARM.attributes
                0x0000063e       0x34 D:/ABC/STM32CubeIDE_1.18.0/STM32CubeIDE/plugins/com.st.stm32cube.ide.mcu.externaltools.gnu-tools-for-stm32.13.3.rel1.win32_1.0.100.202509120712/tools/bin/../lib/gcc/arm-none-eabi/13.3.1/../../../../arm-none-eabi/lib/thumb/v7e-m+fp/hard\libc_nano.a(libc_a-mlock.o)
 .ARM.attributes
                0x00000672       0x34 D:/ABC/STM32CubeIDE_1.18.0/STM32CubeIDE/plugins/com.st.stm32cube.ide.mcu.externaltools.gnu-tools-for-stm32.13.3.rel1.win32_1.0.100.202509120712/tools/bin/../lib/gcc/arm-none-eabi/13.3.1/../../../../arm-none-eabi/lib/thumb/v7e-m+fp/hard\libc_nano.a(libc_a-nano-svfprintf.o)
 .ARM.attributes
                0x000006a6       0x34 D:/ABC/STM32CubeIDE_1.18.0/STM32CubeIDE/plugins/com.st.stm32cube.ide.mcu.externaltools.gnu-tools-for-stm32.13.3.rel1.win32_1.0.100.202509120712/tools/bin/../lib/gcc/arm-none-eabi/13.3.1/../../../../arm-none-eabi/lib/thumb/v7e-m+fp/hard\libc_nano.a(libc_a-nano-vfprintf_i.o)
 .ARM.attributes
                0x000006da       0x34 D:/ABC/STM32CubeIDE_1.18.0/STM32CubeIDE/plugins/com.st.stm32cube.ide.mcu.externaltools.gnu-tools-for-stm32.13.3.rel1.win32_1.0.100.202509120712/tools/bin/../lib/gcc/arm-none-eabi/13.3.1/../../../../arm-none-eabi/lib/thumb/v7e-m+fp/hard\libc_nano.a(libc_a-memmove.o)
 .ARM.attributes
                0x0000070e       0x34 D:/ABC/STM32CubeIDE_1.18.0/STM32CubeIDE/plugins/com.st.stm32cube.ide.mcu.externaltools.gnu-tools-for-stm32.13.3.rel1.win32_1.0.100.202509120712/tools/bin/../lib/gcc/arm-none-eabi/13.3.1/../../../../arm-none-eabi/lib/thumb/v7e-m+fp/hard\libc_nano.a(libc_a-sbrkr.o)
 .ARM.attributes
                0x00000742       0x1c D:/ABC/STM32CubeIDE_1.18.0/STM32CubeIDE/plugins/com.st.stm32cube.ide.mcu.externaltools.gnu-tools-for-stm32.13.3.rel1.win32_1.0.100.202509120712/tools/bin/../lib/gcc/arm-none-eabi/13.3.1/../../../../arm-none-eabi/lib/thumb/v7e-m+fp/hard\libc_nano.a(libc_a-memchr.o)
 .ARM.attributes
                0x0000075e       0x34 D:/ABC/STM32CubeIDE_1.18.0/STM32CubeIDE/plugins/com.st.stm32cube.ide.mcu.externaltools.gnu-tools-for-stm32.13.3.rel1.win32_1.0.100.202509120712/tools/bin/../lib/gcc/arm-none-eabi/13.3.1/../../../../arm-none-eabi/lib/thumb/v7e-m+fp/hard\libc_nano.a(libc_a-reallocr.o)
 .ARM.attributes
                0x00000792       0x34 D:/ABC/STM32CubeIDE_1.18.0/STM32CubeIDE/plugins/com.st.stm32cube.ide.mcu.externaltools.gnu-tools-for-stm32.13.3.rel1.win32_1.0.100.202509120712/tools/bin/../lib/gcc/arm-none-eabi/13.3.1/../../../../arm-none-eabi/lib/thumb/v7e-m+fp/hard\libc_nano.a(libc_a-msizer.o)
 .ARM.attributes
                0x000007c6       0x22 D:/ABC/STM32CubeIDE_1.18.0/STM32CubeIDE/plugins/com.st.stm32cube.ide.mcu.externaltools.gnu-tools-for-stm32.13.3.rel1.win32_1.0.100.202509120712/tools/bin/../lib/gcc/arm-none-eabi/13.3.1/thumb/v7e-m+fp/hard\libgcc.a(_aeabi_uldivmod.o)
 .ARM.attributes
                0x000007e8       0x34 D:/ABC/STM32CubeIDE_1.18.0/STM32CubeIDE/plugins/com.st.stm32cube.ide.mcu.externaltools.gnu-tools-for-stm32.13.3.rel1.win32_1.0.100.202509120712/tools/bin/../lib/gcc/arm-none-eabi/13.3.1/thumb/v7e-m+fp/hard\libgcc.a(_udivmoddi4.o)
 .ARM.attributes
                0x0000081c       0x22 D:/ABC/STM32CubeIDE_1.18.0/STM32CubeIDE/plugins/com.st.stm32cube.ide.mcu.externaltools.gnu-tools-for-stm32.13.3.rel1.win32_1.0.100.202509120712/tools/bin/../lib/gcc/arm-none-eabi/13.3.1/thumb/v7e-m+fp/hard\libgcc.a(_dvmd_tls.o)
 .ARM.attributes
                0x0000083e       0x22 D:/ABC/STM32CubeIDE_1.18.0/STM32CubeIDE/plugins/com.st.stm32cube.ide.mcu.externaltools.gnu-tools-for-stm32.13.3.rel1.win32_1.0.100.202509120712/tools/bin/../lib/gcc/arm-none-eabi/13.3.1/thumb/v7e-m+fp/hard/crtn.o
OUTPUT(Lidar.elf elf32-littlearm)
LOAD linker stubs
LOAD D:/ABC/STM32CubeIDE_1.18.0/STM32CubeIDE/plugins/com.st.stm32cube.ide.mcu.externaltools.gnu-tools-for-stm32.13.3.rel1.win32_1.0.100.202509120712/tools/bin/../lib/gcc/arm-none-eabi/13.3.1/../../../../arm-none-eabi/lib/thumb/v7e-m+fp/hard\libc.a
LOAD D:/ABC/STM32CubeIDE_1.18.0/STM32CubeIDE/plugins/com.st.stm32cube.ide.mcu.externaltools.gnu-tools-for-stm32.13.3.rel1.win32_1.0.100.202509120712/tools/bin/../lib/gcc/arm-none-eabi/13.3.1/../../../../arm-none-eabi/lib/thumb/v7e-m+fp/hard\libm.a
LOAD D:/ABC/STM32CubeIDE_1.18.0/STM32CubeIDE/plugins/com.st.stm32cube.ide.mcu.externaltools.gnu-tools-for-stm32.13.3.rel1.win32_1.0.100.202509120712/tools/bin/../lib/gcc/arm-none-eabi/13.3.1/thumb/v7e-m+fp/hard\libgcc.a

.debug_info     0x00000000    0x13e76
 .debug_info    0x00000000     0x1acc ./Core/Src/main.o
 .debug_info    0x00001acc      0xe15 ./Core/Src/stm32f4xx_hal_msp.o
 .debug_info    0x000028e1      0x640 ./Core/Src/stm32f4xx_it.o
 .debug_info    0x00002f21      0x168 ./Core/Src/sysmem.o
 .debug_info    0x00003089      0x53e ./Core/Src/system_stm32f4xx.o
 .debug_info    0x000035c7       0x30 ./Core/Startup/startup_stm32f401retx.o
 .debug_info    0x000035f7      0x8bb ./Drivers/STM32F4xx_HAL_Driver/Src/stm32f4xx_hal.o
 .debug_info    0x00003eb2      0xcf6 ./Drivers/STM32F4xx_HAL_Driver/Src/stm32f4xx_hal_cortex.o
 .debug_info    0x00004ba8      0x8e6 ./Drivers/STM32F4xx_HAL_Driver/Src/stm32f4xx_hal_dma.o
 .debug_info    0x0000548e      0x6f9 ./Drivers/STM32F4xx_HAL_Driver/Src/stm32f4xx_hal_gpio.o
 .debug_info    0x00005b87     0x2426 ./Drivers/STM32F4xx_HAL_Driver/Src/stm32f4xx_hal_i2c.o
 .debug_info    0x00007fad      0x905 ./Drivers/STM32F4xx_HAL_Driver/Src/stm32f4xx_hal_rcc.o
 .debug_info    0x000088b2     0x2f56 ./Drivers/STM32F4xx_HAL_Driver/Src/stm32f4xx_hal_uart.o
 .debug_info    0x0000b808     0x3554 ./Drivers/VL53L0X/core/src/vl53l0x_api.o
 .debug_info    0x0000ed5c     0x1d21 ./Drivers/VL53L0X/core/src/vl53l0x_api_calibration.o
 .debug_info    0x00010a7d     0x21d7 ./Drivers/VL53L0X/core/src/vl53l0x_api_core.o
 .debug_info    0x00012c54     0x1222 ./Drivers/VL53L0X/platform/src/vl53l0x_platform.o

.debug_abbrev   0x00000000     0x2507
 .debug_abbrev  0x00000000      0x34e ./Core/Src/main.o
 .debug_abbrev  0x0000034e      0x1cb ./Core/Src/stm32f4xx_hal_msp.o
 .debug_abbrev  0x00000519      0x182 ./Core/Src/stm32f4xx_it.o
 .debug_abbrev  0x0000069b       0xbc ./Core/Src/sysmem.o
 .debug_abbrev  0x00000757      0x11a ./Core/Src/system_stm32f4xx.o
 .debug_abbrev  0x00000871       0x24 ./Core/Startup/startup_stm32f401retx.o
 .debug_abbrev  0x00000895      0x24b ./Drivers/STM32F4xx_HAL_Driver/Src/stm32f4xx_hal.o
 .debug_abbrev  0x00000ae0      0x31d ./Drivers/STM32F4xx_HAL_Driver/Src/stm32f4xx_hal_cortex.o
 .debug_abbrev  0x00000dfd      0x221 ./Drivers/STM32F4xx_HAL_Driver/Src/stm32f4xx_hal_dma.o
 .debug_abbrev  0x0000101e      0x1d3 ./Drivers/STM32F4xx_HAL_Driver/Src/stm32f4xx_hal_gpio.o
 .debug_abbrev  0x000011f1      0x2bc ./Drivers/STM32F4xx_HAL_Driver/Src/stm32f4xx_hal_i2c.o
 .debug_abbrev  0x000014ad      0x2b6 ./Drivers/STM32F4xx_HAL_Driver/Src/stm32f4xx_hal_rcc.o
 .debug_abbrev  0x00001763      0x31b ./Drivers/STM32F4xx_HAL_Driver/Src/stm32f4xx_hal_uart.o
 .debug_abbrev  0x00001a7e      0x2c1 ./Drivers/VL53L0X/core/src/vl53l0x_api.o
 .debug_abbrev  0x00001d3f      0x2b2 ./Drivers/VL53L0X/core/src/vl53l0x_api_calibration.o
 .debug_abbrev  0x00001ff1      0x2ca ./Drivers/VL53L0X/core/src/vl53l0x_api_core.o
 .debug_abbrev  0x000022bb      0x24c ./Drivers/VL53L0X/platform/src/vl53l0x_platform.o

.debug_aranges  0x00000000      0xf28
 .debug_aranges
                0x00000000       0x78 ./Core/Src/main.o
 .debug_aranges
                0x00000078       0x40 ./Core/Src/stm32f4xx_hal_msp.o
 .debug_aranges
                0x000000b8       0x68 ./Core/Src/stm32f4xx_it.o
 .debug_aranges
                0x00000120       0x20 ./Core/Src/sysmem.o
 .debug_aranges
                0x00000140       0x28 ./Core/Src/system_stm32f4xx.o
 .debug_aranges
                0x00000168       0x28 ./Core/Startup/startup_stm32f401retx.o
 .debug_aranges
                0x00000190       0xf0 ./Drivers/STM32F4xx_HAL_Driver/Src/stm32f4xx_hal.o
 .debug_aranges
                0x00000280      0x130 ./Drivers/STM32F4xx_HAL_Driver/Src/stm32f4xx_hal_cortex.o
 .debug_aranges
                0x000003b0       0x90 ./Drivers/STM32F4xx_HAL_Driver/Src/stm32f4xx_hal_dma.o
 .debug_aranges
                0x00000440       0x58 ./Drivers/STM32F4xx_HAL_Driver/Src/stm32f4xx_hal_gpio.o
 .debug_aranges
                0x00000498      0x2a8 ./Drivers/STM32F4xx_HAL_Driver/Src/stm32f4xx_hal_i2c.o
 .debug_aranges
                0x00000740       0x88 ./Drivers/STM32F4xx_HAL_Driver/Src/stm32f4xx_hal_rcc.o
 .debug_aranges
                0x000007c8      0x208 ./Drivers/STM32F4xx_HAL_Driver/Src/stm32f4xx_hal_uart.o
 .debug_aranges
                0x000009d0      0x330 ./Drivers/VL53L0X/core/src/vl53l0x_api.o
 .debug_aranges
                0x00000d00       0xd0 ./Drivers/VL53L0X/core/src/vl53l0x_api_calibration.o
 .debug_aranges
                0x00000dd0       0xe0 ./Drivers/VL53L0X/core/src/vl53l0x_api_core.o
 .debug_aranges
                0x00000eb0       0x78 ./Drivers/VL53L0X/platform/src/vl53l0x_platform.o

.debug_rnglists
                0x00000000      0xbdb
 .debug_rnglists
                0x00000000       0x66 ./Core/Src/main.o
 .debug_rnglists
                0x00000066       0x2d ./Core/Src/stm32f4xx_hal_msp.o
 .debug_rnglists
                0x00000093       0x49 ./Core/Src/stm32f4xx_it.o
 .debug_rnglists
                0x000000dc       0x13 ./Core/Src/sysmem.o
 .debug_rnglists
                0x000000ef       0x1a ./Core/Src/system_stm32f4xx.o
 .debug_rnglists
                0x00000109       0x19 ./Core/Startup/startup_stm32f401retx.o
 .debug_rnglists
                0x00000122       0xaf ./Drivers/STM32F4xx_HAL_Driver/Src/stm32f4xx_hal.o
 .debug_rnglists
                0x000001d1       0xe0 ./Drivers/STM32F4xx_HAL_Driver/Src/stm32f4xx_hal_cortex.o
 .debug_rnglists
                0x000002b1       0x70 ./Drivers/STM32F4xx_HAL_Driver/Src/stm32f4xx_hal_dma.o
 .debug_rnglists
                0x00000321       0x3f ./Drivers/STM32F4xx_HAL_Driver/Src/stm32f4xx_hal_gpio.o
 .debug_rnglists
                0x00000360      0x23c ./Drivers/STM32F4xx_HAL_Driver/Src/stm32f4xx_hal_i2c.o
 .debug_rnglists
                0x0000059c       0x66 ./Drivers/STM32F4xx_HAL_Driver/Src/stm32f4xx_hal_rcc.o
 .debug_rnglists
                0x00000602      0x1bc ./Drivers/STM32F4xx_HAL_Driver/Src/stm32f4xx_hal_uart.o
 .debug_rnglists
                0x000007be      0x276 ./Drivers/VL53L0X/core/src/vl53l0x_api.o
 .debug_rnglists
                0x00000a34       0xa4 ./Drivers/VL53L0X/core/src/vl53l0x_api_calibration.o
 .debug_rnglists
                0x00000ad8       0xae ./Drivers/VL53L0X/core/src/vl53l0x_api_core.o
 .debug_rnglists
                0x00000b86       0x55 ./Drivers/VL53L0X/platform/src/vl53l0x_platform.o

.debug_macro    0x00000000    0x17322
 .debug_macro   0x00000000      0x356 ./Core/Src/main.o
 .debug_macro   0x00000356      0xad8 ./Core/Src/main.o
 .debug_macro   0x00000e2e      0x29b ./Core/Src/main.o
 .debug_macro   0x000010c9       0x2e ./Core/Src/main.o
 .debug_macro   0x000010f7       0x28 ./Core/Src/main.o
 .debug_macro   0x0000111f       0x22 ./Core/Src/main.o
 .debug_macro   0x00001141       0x8e ./Core/Src/main.o
 .debug_macro   0x000011cf       0x51 ./Core/Src/main.o
 .debug_macro   0x00001220      0x103 ./Core/Src/main.o
 .debug_macro   0x00001323       0x6a ./Core/Src/main.o
 .debug_macro   0x0000138d      0x1df ./Core/Src/main.o
 .debug_macro   0x0000156c       0x1c ./Core/Src/main.o
 .debug_macro   0x00001588       0x22 ./Core/Src/main.o
 .debug_macro   0x000015aa       0xfb ./Core/Src/main.o
 .debug_macro   0x000016a5     0x1011 ./Core/Src/main.o
 .debug_macro   0x000026b6      0x11f ./Core/Src/main.o
 .debug_macro   0x000027d5     0xb881 ./Core/Src/main.o
 .debug_macro   0x0000e056       0x6d ./Core/Src/main.o
 .debug_macro   0x0000e0c3     0x3693 ./Core/Src/main.o
 .debug_macro   0x00011756      0x190 ./Core/Src/main.o
 .debug_macro   0x000118e6       0x5c ./Core/Src/main.o
 .debug_macro   0x00011942      0x416 ./Core/Src/main.o
 .debug_macro   0x00011d58      0x9e9 ./Core/Src/main.o
 .debug_macro   0x00012741      0x115 ./Core/Src/main.o
 .debug_macro   0x00012856       0xf8 ./Core/Src/main.o
 .debug_macro   0x0001294e       0xa5 ./Core/Src/main.o
 .debug_macro   0x000129f3      0x15f ./Core/Src/main.o
 .debug_macro   0x00012b52      0x287 ./Core/Src/main.o
 .debug_macro   0x00012dd9       0x5f ./Core/Src/main.o
 .debug_macro   0x00012e38      0x236 ./Core/Src/main.o
 .debug_macro   0x0001306e      0x132 ./Core/Src/main.o
 .debug_macro   0x000131a0      0x264 ./Core/Src/main.o
 .debug_macro   0x00013404       0x2e ./Core/Src/main.o
 .debug_macro   0x00013432      0x1b5 ./Core/Src/main.o
 .debug_macro   0x000135e7       0x22 ./Core/Src/main.o
 .debug_macro   0x00013609       0xd6 ./Core/Src/main.o
 .debug_macro   0x000136df      0x127 ./Core/Src/main.o
 .debug_macro   0x00013806       0x85 ./Core/Src/main.o
 .debug_macro   0x0001388b       0x89 ./Core/Src/main.o
 .debug_macro   0x00013914      0x2aa ./Core/Src/main.o
 .debug_macro   0x00013bbe      0x126 ./Core/Src/main.o
 .debug_macro   0x00013ce4       0x10 ./Core/Src/main.o
 .debug_macro   0x00013cf4       0x76 ./Core/Src/main.o
 .debug_macro   0x00013d6a      0x29c ./Core/Src/main.o
 .debug_macro   0x00014006      0x203 ./Core/Src/main.o
 .debug_macro   0x00014209       0x61 ./Core/Src/main.o
 .debug_macro   0x0001426a       0x2a ./Core/Src/main.o
 .debug_macro   0x00014294       0x43 ./Core/Src/main.o
 .debug_macro   0x000142d7       0x34 ./Core/Src/main.o
 .debug_macro   0x0001430b       0x16 ./Core/Src/main.o
 .debug_macro   0x00014321       0x3c ./Core/Src/main.o
 .debug_macro   0x0001435d      0x370 ./Core/Src/main.o
 .debug_macro   0x000146cd       0x10 ./Core/Src/main.o
 .debug_macro   0x000146dd       0x16 ./Core/Src/main.o
 .debug_macro   0x000146f3       0x4a ./Core/Src/main.o
 .debug_macro   0x0001473d       0x34 ./Core/Src/main.o
 .debug_macro   0x00014771       0x10 ./Core/Src/main.o
 .debug_macro   0x00014781       0x58 ./Core/Src/main.o
 .debug_macro   0x000147d9       0x8e ./Core/Src/main.o
 .debug_macro   0x00014867       0x1c ./Core/Src/main.o
 .debug_macro   0x00014883      0x185 ./Core/Src/main.o
 .debug_macro   0x00014a08       0x16 ./Core/Src/main.o
 .debug_macro   0x00014a1e       0x16 ./Core/Src/main.o
 .debug_macro   0x00014a34      0x146 ./Core/Src/main.o
 .debug_macro   0x00014b7a       0x16 ./Core/Src/main.o
 .debug_macro   0x00014b90       0x20 ./Core/Src/main.o
 .debug_macro   0x00014bb0       0x2e ./Core/Src/main.o
 .debug_macro   0x00014bde       0x17 ./Core/Src/main.o
 .debug_macro   0x00014bf5      0x1d2 ./Core/Src/main.o
 .debug_macro   0x00014dc7      0x1e2 ./Core/Src/stm32f4xx_hal_msp.o
 .debug_macro   0x00014fa9      0x1ec ./Core/Src/stm32f4xx_it.o
 .debug_macro   0x00015195      0x112 ./Core/Src/sysmem.o
 .debug_macro   0x000152a7      0x23c ./Core/Src/sysmem.o
 .debug_macro   0x000154e3      0x1d3 ./Core/Src/system_stm32f4xx.o
 .debug_macro   0x000156b6      0x233 ./Drivers/STM32F4xx_HAL_Driver/Src/stm32f4xx_hal.o
 .debug_macro   0x000158e9      0x1d3 ./Drivers/STM32F4xx_HAL_Driver/Src/stm32f4xx_hal_cortex.o
 .debug_macro   0x00015abc      0x1d9 ./Drivers/STM32F4xx_HAL_Driver/Src/stm32f4xx_hal_dma.o
 .debug_macro   0x00015c95      0x1d9 ./Drivers/STM32F4xx_HAL_Driver/Src/stm32f4xx_hal_gpio.o
 .debug_macro   0x00015e6e      0x221 ./Drivers/STM32F4xx_HAL_Driver/Src/stm32f4xx_hal_i2c.o
 .debug_macro   0x0001608f      0x1f7 ./Drivers/STM32F4xx_HAL_Driver/Src/stm32f4xx_hal_rcc.o
 .debug_macro   0x00016286      0x1d4 ./Drivers/STM32F4xx_HAL_Driver/Src/stm32f4xx_hal_uart.o
 .debug_macro   0x0001645a      0x3b9 ./Drivers/VL53L0X/core/src/vl53l0x_api.o
 .debug_macro   0x00016813       0x56 ./Drivers/VL53L0X/core/src/vl53l0x_api.o
 .debug_macro   0x00016869      0x3b3 ./Drivers/VL53L0X/core/src/vl53l0x_api_calibration.o
 .debug_macro   0x00016c1c      0x3a1 ./Drivers/VL53L0X/core/src/vl53l0x_api_core.o
 .debug_macro   0x00016fbd      0x365 ./Drivers/VL53L0X/platform/src/vl53l0x_platform.o

.debug_line     0x00000000    0x126ca
 .debug_line    0x00000000      0xd25 ./Core/Src/main.o
 .debug_line    0x00000d25      0x7f0 ./Core/Src/stm32f4xx_hal_msp.o
 .debug_line    0x00001515      0x819 ./Core/Src/stm32f4xx_it.o
 .debug_line    0x00001d2e      0x597 ./Core/Src/sysmem.o
 .debug_line    0x000022c5      0x7c8 ./Core/Src/system_stm32f4xx.o
 .debug_line    0x00002a8d       0x7a ./Core/Startup/startup_stm32f401retx.o
 .debug_line    0x00002b07      0xa44 ./Drivers/STM32F4xx_HAL_Driver/Src/stm32f4xx_hal.o
 .debug_line    0x0000354b      0xd14 ./Drivers/STM32F4xx_HAL_Driver/Src/stm32f4xx_hal_cortex.o
 .debug_line    0x0000425f      0xfb0 ./Drivers/STM32F4xx_HAL_Driver/Src/stm32f4xx_hal_dma.o
 .debug_line    0x0000520f      0xb60 ./Drivers/STM32F4xx_HAL_Driver/Src/stm32f4xx_hal_gpio.o
 .debug_line    0x00005d6f     0x3af1 ./Drivers/STM32F4xx_HAL_Driver/Src/stm32f4xx_hal_i2c.o
 .debug_line    0x00009860      0xe51 ./Drivers/STM32F4xx_HAL_Driver/Src/stm32f4xx_hal_rcc.o
 .debug_line    0x0000a6b1     0x258c ./Drivers/STM32F4xx_HAL_Driver/Src/stm32f4xx_hal_uart.o
 .debug_line    0x0000cc3d     0x2002 ./Drivers/VL53L0X/core/src/vl53l0x_api.o
 .debug_line    0x0000ec3f     0x136f ./Drivers/VL53L0X/core/src/vl53l0x_api_calibration.o
 .debug_line    0x0000ffae     0x1b36 ./Drivers/VL53L0X/core/src/vl53l0x_api_core.o
 .debug_line    0x00011ae4      0xbe6 ./Drivers/VL53L0X/platform/src/vl53l0x_platform.o

.debug_str      0x00000000    0x8e6c2
 .debug_str     0x00000000    0x8e6c2 ./Core/Src/main.o
                              0x8931d (size before relaxing)
 .debug_str     0x0008e6c2        0x0 ./Core/Src/stm32f4xx_hal_msp.o
                              0x81aae (size before relaxing)
 .debug_str     0x0008e6c2        0x0 ./Core/Src/stm32f4xx_it.o
                              0x81344 (size before relaxing)
 .debug_str     0x0008e6c2        0x0 ./Core/Src/sysmem.o
                               0x7777 (size before relaxing)
 .debug_str     0x0008e6c2        0x0 ./Core/Src/system_stm32f4xx.o
                              0x80f91 (size before relaxing)
 .debug_str     0x0008e6c2        0x0 ./Core/Startup/startup_stm32f401retx.o
                                 0x79 (size before relaxing)
 .debug_str     0x0008e6c2        0x0 ./Drivers/STM32F4xx_HAL_Driver/Src/stm32f4xx_hal.o
                              0x819b3 (size before relaxing)
 .debug_str     0x0008e6c2        0x0 ./Drivers/STM32F4xx_HAL_Driver/Src/stm32f4xx_hal_cortex.o
                              0x8171d (size before relaxing)
 .debug_str     0x0008e6c2        0x0 ./Drivers/STM32F4xx_HAL_Driver/Src/stm32f4xx_hal_dma.o
                              0x81399 (size before relaxing)
 .debug_str     0x0008e6c2        0x0 ./Drivers/STM32F4xx_HAL_Driver/Src/stm32f4xx_hal_gpio.o
                              0x8110c (size before relaxing)
 .debug_str     0x0008e6c2        0x0 ./Drivers/STM32F4xx_HAL_Driver/Src/stm32f4xx_hal_i2c.o
                              0x81fa2 (size before relaxing)
 .debug_str     0x0008e6c2        0x0 ./Drivers/STM32F4xx_HAL_Driver/Src/stm32f4xx_hal_rcc.o
                              0x813c5 (size before relaxing)
 .debug_str     0x0008e6c2        0x0 ./Drivers/STM32F4xx_HAL_Driver/Src/stm32f4xx_hal_uart.o
                              0x81994 (size before relaxing)
 .debug_str     0x0008e6c2        0x0 ./Drivers/VL53L0X/core/src/vl53l0x_api.o
                              0x8a73f (size before relaxing)
 .debug_str     0x0008e6c2        0x0 ./Drivers/VL53L0X/core/src/vl53l0x_api_calibration.o
                              0x897f7 (size before relaxing)
 .debug_str     0x0008e6c2        0x0 ./Drivers/VL53L0X/core/src/vl53l0x_api_core.o
                              0x89dc9 (size before relaxing)
 .debug_str     0x0008e6c2        0x0 ./Drivers/VL53L0X/platform/src/vl53l0x_platform.o
                              0x88cc9 (size before relaxing)

.comment        0x00000000       0x43
 .comment       0x00000000       0x43 ./Core/Src/main.o
                                 0x44 (size before relaxing)
 .comment       0x00000043        0x0 ./Core/Src/stm32f4xx_hal_msp.o
                                 0x44 (size before relaxing)
 .comment       0x00000043        0x0 ./Core/Src/stm32f4xx_it.o
                                 0x44 (size before relaxing)
 .comment       0x00000043        0x0 ./Core/Src/sysmem.o
                                 0x44 (size before relaxing)
 .comment       0x00000043        0x0 ./Core/Src/system_stm32f4xx.o
                                 0x44 (size before relaxing)
 .comment       0x00000043        0x0 ./Drivers/STM32F4xx_HAL_Driver/Src/stm32f4xx_hal.o
                                 0x44 (size before relaxing)
 .comment       0x00000043        0x0 ./Drivers/STM32F4xx_HAL_Driver/Src/stm32f4xx_hal_cortex.o
                                 0x44 (size before relaxing)
 .comment       0x00000043        0x0 ./Drivers/STM32F4xx_HAL_Driver/Src/stm32f4xx_hal_dma.o
                                 0x44 (size before relaxing)
 .comment       0x00000043        0x0 ./Drivers/STM32F4xx_HAL_Driver/Src/stm32f4xx_hal_gpio.o
                                 0x44 (size before relaxing)
 .comment       0x00000043        0x0 ./Drivers/STM32F4xx_HAL_Driver/Src/stm32f4xx_hal_i2c.o
                                 0x44 (size before relaxing)
 .comment       0x00000043        0x0 ./Drivers/STM32F4xx_HAL_Driver/Src/stm32f4xx_hal_rcc.o
                                 0x44 (size before relaxing)
 .comment       0x00000043        0x0 ./Drivers/STM32F4xx_HAL_Driver/Src/stm32f4xx_hal_uart.o
                                 0x44 (size before relaxing)
 .comment       0x00000043        0x0 ./Drivers/VL53L0X/core/src/vl53l0x_api.o
                                 0x44 (size before relaxing)
 .comment       0x00000043        0x0 ./Drivers/VL53L0X/core/src/vl53l0x_api_calibration.o
                                 0x44 (size before relaxing)
 .comment       0x00000043        0x0 ./Drivers/VL53L0X/core/src/vl53l0x_api_core.o
                                 0x44 (size before relaxing)
 .comment       0x00000043        0x0 ./Drivers/VL53L0X/platform/src/vl53l0x_platform.o
                                 0x44 (size before relaxing)

.debug_frame    0x00000000     0x4594
 .debug_frame   0x00000000      0x1a4 ./Core/Src/main.o
 .debug_frame   0x000001a4       0xc8 ./Core/Src/stm32f4xx_hal_msp.o
 .debug_frame   0x0000026c      0x120 ./Core/Src/stm32f4xx_it.o
 .debug_frame   0x0000038c       0x34 ./Core/Src/sysmem.o
 .debug_frame   0x000003c0       0x58 ./Core/Src/system_stm32f4xx.o
 .debug_frame   0x00000418      0x374 ./Drivers/STM32F4xx_HAL_Driver/Src/stm32f4xx_hal.o
 .debug_frame   0x0000078c      0x508 ./Drivers/STM32F4xx_HAL_Driver/Src/stm32f4xx_hal_cortex.o
 .debug_frame   0x00000c94      0x250 ./Drivers/STM32F4xx_HAL_Driver/Src/stm32f4xx_hal_dma.o
 .debug_frame   0x00000ee4      0x14c ./Drivers/STM32F4xx_HAL_Driver/Src/stm32f4xx_hal_gpio.o
 .debug_frame   0x00001030      0xc84 ./Drivers/STM32F4xx_HAL_Driver/Src/stm32f4xx_hal_i2c.o
 .debug_frame   0x00001cb4      0x1f4 ./Drivers/STM32F4xx_HAL_Driver/Src/stm32f4xx_hal_rcc.o
 .debug_frame   0x00001ea8      0x954 ./Drivers/STM32F4xx_HAL_Driver/Src/stm32f4xx_hal_uart.o
 .debug_frame   0x000027fc      0xe94 ./Drivers/VL53L0X/core/src/vl53l0x_api.o
 .debug_frame   0x00003690      0x374 ./Drivers/VL53L0X/core/src/vl53l0x_api_calibration.o
 .debug_frame   0x00003a04      0x3c4 ./Drivers/VL53L0X/core/src/vl53l0x_api_core.o
 .debug_frame   0x00003dc8      0x1c0 ./Drivers/VL53L0X/platform/src/vl53l0x_platform.o
 .debug_frame   0x00003f88      0x144 D:/ABC/STM32CubeIDE_1.18.0/STM32CubeIDE/plugins/com.st.stm32cube.ide.mcu.externaltools.gnu-tools-for-stm32.13.3.rel1.win32_1.0.100.202509120712/tools/bin/../lib/gcc/arm-none-eabi/13.3.1/../../../../arm-none-eabi/lib/thumb/v7e-m+fp/hard\libc_nano.a(libc_a-findfp.o)
 .debug_frame   0x000040cc       0x74 D:/ABC/STM32CubeIDE_1.18.0/STM32CubeIDE/plugins/com.st.stm32cube.ide.mcu.externaltools.gnu-tools-for-stm32.13.3.rel1.win32_1.0.100.202509120712/tools/bin/../lib/gcc/arm-none-eabi/13.3.1/../../../../arm-none-eabi/lib/thumb/v7e-m+fp/hard\libc_nano.a(libc_a-sprintf.o)
 .debug_frame   0x00004140       0x20 D:/ABC/STM32CubeIDE_1.18.0/STM32CubeIDE/plugins/com.st.stm32cube.ide.mcu.externaltools.gnu-tools-for-stm32.13.3.rel1.win32_1.0.100.202509120712/tools/bin/../lib/gcc/arm-none-eabi/13.3.1/../../../../arm-none-eabi/lib/thumb/v7e-m+fp/hard\libc_nano.a(libc_a-memset.o)
 .debug_frame   0x00004160       0x38 D:/ABC/STM32CubeIDE_1.18.0/STM32CubeIDE/plugins/com.st.stm32cube.ide.mcu.externaltools.gnu-tools-for-stm32.13.3.rel1.win32_1.0.100.202509120712/tools/bin/../lib/gcc/arm-none-eabi/13.3.1/../../../../arm-none-eabi/lib/thumb/v7e-m+fp/hard\libc_nano.a(libc_a-reent.o)
 .debug_frame   0x00004198       0x20 D:/ABC/STM32CubeIDE_1.18.0/STM32CubeIDE/plugins/com.st.stm32cube.ide.mcu.externaltools.gnu-tools-for-stm32.13.3.rel1.win32_1.0.100.202509120712/tools/bin/../lib/gcc/arm-none-eabi/13.3.1/../../../../arm-none-eabi/lib/thumb/v7e-m+fp/hard\libc_nano.a(libc_a-errno.o)
 .debug_frame   0x000041b8       0x2c D:/ABC/STM32CubeIDE_1.18.0/STM32CubeIDE/plugins/com.st.stm32cube.ide.mcu.externaltools.gnu-tools-for-stm32.13.3.rel1.win32_1.0.100.202509120712/tools/bin/../lib/gcc/arm-none-eabi/13.3.1/../../../../arm-none-eabi/lib/thumb/v7e-m+fp/hard\libc_nano.a(libc_a-init.o)
 .debug_frame   0x000041e4       0xb0 D:/ABC/STM32CubeIDE_1.18.0/STM32CubeIDE/plugins/com.st.stm32cube.ide.mcu.externaltools.gnu-tools-for-stm32.13.3.rel1.win32_1.0.100.202509120712/tools/bin/../lib/gcc/arm-none-eabi/13.3.1/../../../../arm-none-eabi/lib/thumb/v7e-m+fp/hard\libc_nano.a(libc_a-lock.o)
 .debug_frame   0x00004294       0x20 D:/ABC/STM32CubeIDE_1.18.0/STM32CubeIDE/plugins/com.st.stm32cube.ide.mcu.externaltools.gnu-tools-for-stm32.13.3.rel1.win32_1.0.100.202509120712/tools/bin/../lib/gcc/arm-none-eabi/13.3.1/../../../../arm-none-eabi/lib/thumb/v7e-m+fp/hard\libc_nano.a(libc_a-strcpy.o)
 .debug_frame   0x000042b4       0x28 D:/ABC/STM32CubeIDE_1.18.0/STM32CubeIDE/plugins/com.st.stm32cube.ide.mcu.externaltools.gnu-tools-for-stm32.13.3.rel1.win32_1.0.100.202509120712/tools/bin/../lib/gcc/arm-none-eabi/13.3.1/../../../../arm-none-eabi/lib/thumb/v7e-m+fp/hard\libc_nano.a(libc_a-memcpy-stub.o)
 .debug_frame   0x000042dc       0x38 D:/ABC/STM32CubeIDE_1.18.0/STM32CubeIDE/plugins/com.st.stm32cube.ide.mcu.externaltools.gnu-tools-for-stm32.13.3.rel1.win32_1.0.100.202509120712/tools/bin/../lib/gcc/arm-none-eabi/13.3.1/../../../../arm-none-eabi/lib/thumb/v7e-m+fp/hard\libc_nano.a(libc_a-freer.o)
 .debug_frame   0x00004314       0x50 D:/ABC/STM32CubeIDE_1.18.0/STM32CubeIDE/plugins/com.st.stm32cube.ide.mcu.externaltools.gnu-tools-for-stm32.13.3.rel1.win32_1.0.100.202509120712/tools/bin/../lib/gcc/arm-none-eabi/13.3.1/../../../../arm-none-eabi/lib/thumb/v7e-m+fp/hard\libc_nano.a(libc_a-mallocr.o)
 .debug_frame   0x00004364       0x30 D:/ABC/STM32CubeIDE_1.18.0/STM32CubeIDE/plugins/com.st.stm32cube.ide.mcu.externaltools.gnu-tools-for-stm32.13.3.rel1.win32_1.0.100.202509120712/tools/bin/../lib/gcc/arm-none-eabi/13.3.1/../../../../arm-none-eabi/lib/thumb/v7e-m+fp/hard\libc_nano.a(libc_a-mlock.o)