Archive member included to satisfy reference by file (symbol)

C:/ST/STM32CubeIDE_1.18.1/STM32CubeIDE/plugins/com.st.stm32cube.ide.mcu.externaltools.gnu-tools-for-stm32.13.3.rel1.win32_1.0.0.202411081344/tools/bin/../lib/gcc/arm-none-eabi/13.3.1/../../../../arm-none-eabi/lib/thumb/v7e-m+fp/hard\libc_nano.a(libc_a-exit.o)
                              C:/ST/STM32CubeIDE_1.18.1/STM32CubeIDE/plugins/com.st.stm32cube.ide.mcu.externaltools.gnu-tools-for-stm32.13.3.rel1.win32_1.0.0.202411081344/tools/bin/../lib/gcc/arm-none-eabi/13.3.1/../../../../arm-none-eabi/lib/thumb/v7e-m+fp/hard/crt0.o (exit)
C:/ST/STM32CubeIDE_1.18.1/STM32CubeIDE/plugins/com.st.stm32cube.ide.mcu.externaltools.gnu-tools-for-stm32.13.3.rel1.win32_1.0.0.202411081344/tools/bin/../lib/gcc/arm-none-eabi/13.3.1/../../../../arm-none-eabi/lib/thumb/v7e-m+fp/hard\libc_nano.a(libc_a-findfp.o)
                              C:/ST/STM32CubeIDE_1.18.1/STM32CubeIDE/plugins/com.st.stm32cube.ide.mcu.externaltools.gnu-tools-for-stm32.13.3.rel1.win32_1.0.0.202411081344/tools/bin/../lib/gcc/arm-none-eabi/13.3.1/../../../../arm-none-eabi/lib/thumb/v7e-m+fp/hard\libc_nano.a(libc_a-exit.o) (__stdio_exit_handler)
C:/ST/STM32CubeIDE_1.18.1/STM32CubeIDE/plugins/com.st.stm32cube.ide.mcu.externaltools.gnu-tools-for-stm32.13.3.rel1.win32_1.0.0.202411081344/tools/bin/../lib/gcc/arm-none-eabi/13.3.1/../../../../arm-none-eabi/lib/thumb/v7e-m+fp/hard\libc_nano.a(libc_a-fwalk.o)
                              C:/ST/STM32CubeIDE_1.18.1/STM32CubeIDE/plugins/com.st.stm32cube.ide.mcu.externaltools.gnu-tools-for-stm32.13.3.rel1.win32_1.0.0.202411081344/tools/bin/../lib/gcc/arm-none-eabi/13.3.1/../../../../arm-none-eabi/lib/thumb/v7e-m+fp/hard\libc_nano.a(libc_a-findfp.o) (_fwalk_sglue)
C:/ST/STM32CubeIDE_1.18.1/STM32CubeIDE/plugins/com.st.stm32cube.ide.mcu.externaltools.gnu-tools-for-stm32.13.3.rel1.win32_1.0.0.202411081344/tools/bin/../lib/gcc/arm-none-eabi/13.3.1/../../../../arm-none-eabi/lib/thumb/v7e-m+fp/hard\libc_nano.a(libc_a-sprintf.o)
                              ./Core/Src/main.o (sprintf)
C:/ST/STM32CubeIDE_1.18.1/STM32CubeIDE/plugins/com.st.stm32cube.ide.mcu.externaltools.gnu-tools-for-stm32.13.3.rel1.win32_1.0.0.202411081344/tools/bin/../lib/gcc/arm-none-eabi/13.3.1/../../../../arm-none-eabi/lib/thumb/v7e-m+fp/hard\libc_nano.a(libc_a-stdio.o)
                              C:/ST/STM32CubeIDE_1.18.1/STM32CubeIDE/plugins/com.st.stm32cube.ide.mcu.externaltools.gnu-tools-for-stm32.13.3.rel1.win32_1.0.0.202411081344/tools/bin/../lib/gcc/arm-none-eabi/13.3.1/../../../../arm-none-eabi/lib/thumb/v7e-m+fp/hard\libc_nano.a(libc_a-findfp.o) (__sread)
C:/ST/STM32CubeIDE_1.18.1/STM32CubeIDE/plugins/com.st.stm32cube.ide.mcu.externaltools.gnu-tools-for-stm32.13.3.rel1.win32_1.0.0.202411081344/tools/bin/../lib/gcc/arm-none-eabi/13.3.1/../../../../arm-none-eabi/lib/thumb/v7e-m+fp/hard\libc_nano.a(libc_a-memset.o)
                              C:/ST/STM32CubeIDE_1.18.1/STM32CubeIDE/plugins/com.st.stm32cube.ide.mcu.externaltools.gnu-tools-for-stm32.13.3.rel1.win32_1.0.0.202411081344/tools/bin/../lib/gcc/arm-none-eabi/13.3.1/../../../../arm-none-eabi/lib/thumb/v7e-m+fp/hard/crt0.o (memset)
C:/ST/STM32CubeIDE_1.18.1/STM32CubeIDE/plugins/com.st.stm32cube.ide.mcu.externaltools.gnu-tools-for-stm32.13.3.rel1.win32_1.0.0.202411081344/tools/bin/../lib/gcc/arm-none-eabi/13.3.1/../../../../arm-none-eabi/lib/thumb/v7e-m+fp/hard\libc_nano.a(libc_a-closer.o)
                              C:/ST/STM32CubeIDE_1.18.1/STM32CubeIDE/plugins/com.st.stm32cube.ide.mcu.externaltools.gnu-tools-for-stm32.13.3.rel1.win32_1.0.0.202411081344/tools/bin/../lib/gcc/arm-none-eabi/13.3.1/../../../../arm-none-eabi/lib/thumb/v7e-m+fp/hard\libc_nano.a(libc_a-stdio.o) (_close_r)
C:/ST/STM32CubeIDE_1.18.1/STM32CubeIDE/plugins/com.st.stm32cube.ide.mcu.externaltools.gnu-tools-for-stm32.13.3.rel1.win32_1.0.0.202411081344/tools/bin/../lib/gcc/arm-none-eabi/13.3.1/../../../../arm-none-eabi/lib/thumb/v7e-m+fp/hard\libc_nano.a(libc_a-reent.o)
                              C:/ST/STM32CubeIDE_1.18.1/STM32CubeIDE/plugins/com.st.stm32cube.ide.mcu.externaltools.gnu-tools-for-stm32.13.3.rel1.win32_1.0.0.202411081344/tools/bin/../lib/gcc/arm-none-eabi/13.3.1/../../../../arm-none-eabi/lib/thumb/v7e-m+fp/hard\libc_nano.a(libc_a-closer.o) (errno)
C:/ST/STM32CubeIDE_1.18.1/STM32CubeIDE/plugins/com.st.stm32cube.ide.mcu.externaltools.gnu-tools-for-stm32.13.3.rel1.win32_1.0.0.202411081344/tools/bin/../lib/gcc/arm-none-eabi/13.3.1/../../../../arm-none-eabi/lib/thumb/v7e-m+fp/hard\libc_nano.a(libc_a-impure.o)
                              C:/ST/STM32CubeIDE_1.18.1/STM32CubeIDE/plugins/com.st.stm32cube.ide.mcu.externaltools.gnu-tools-for-stm32.13.3.rel1.win32_1.0.0.202411081344/tools/bin/../lib/gcc/arm-none-eabi/13.3.1/../../../../arm-none-eabi/lib/thumb/v7e-m+fp/hard\libc_nano.a(libc_a-sprintf.o) (_impure_ptr)
[...]
Memory Configuration

Name             Origin             Length             Attributes
RAM              0x20000000         0x00018000         xrw
FLASH            0x08000000         0x00080000         xr
*default*        0x00000000         0xffffffff

Linker script and memory map

LOAD C:/ST/STM32CubeIDE_1.18.1/STM32CubeIDE/plugins/com.st.stm32cube.ide.mcu.externaltools.gnu-tools-for-stm32.13.3.rel1.win32_1.0.0.202411081344/tools/bin/../lib/gcc/arm-none-eabi/13.3.1/thumb/v7e-m+fp/hard/crti.o
LOAD C:/ST/STM32CubeIDE_1.18.1/STM32CubeIDE/plugins/com.st.stm32cube.ide.mcu.externaltools.gnu-tools-for-stm32.13.3.rel1.win32_1.0.0.202411081344/tools/bin/../lib/gcc/arm-none-eabi/13.3.1/thumb/v7e-m+fp/hard/crtbegin.o
LOAD C:/ST/STM32CubeIDE_1.18.1/STM32CubeIDE/plugins/com.st.stm32cube.ide.mcu.externaltools.gnu-tools-for-stm32.13.3.rel1.win32_1.0.0.202411081344/tools/bin/../lib/gcc/arm-none-eabi/13.3.1/../../../../arm-none-eabi/lib/thumb/v7e-m+fp/hard/crt0.o
LOAD ./Core/Src/main.o
LOAD ./Core/Src/stm32f4xx_hal_msp.o
LOAD ./Core/Src/stm32f4xx_it.o
LOAD ./Core/Src/syscalls.o
LOAD ./Core/Src/sysmem.o
LOAD ./Core/Src/system_stm32f4xx.o
LOAD ./Core/Startup/startup_stm32f401retx.o
LOAD ./Drivers/STM32F4xx_HAL_Driver/Src/stm32f4xx_hal.o
LOAD ./Drivers/STM32F4xx_HAL_Driver/Src/stm32f4xx_hal_cortex.o
LOAD ./Drivers/STM32F4xx_HAL_Driver/Src/stm32f4xx_hal_dma.o
LOAD ./Drivers/STM32F4xx_HAL_Driver/Src/stm32f4xx_hal_dma_ex.o
LOAD ./Drivers/STM32F4xx_HAL_Driver/Src/stm32f4xx_hal_exti.o
LOAD ./Drivers/STM32F4xx_HAL_Driver/Src/stm32f4xx_hal_flash.o
LOAD ./Drivers/STM32F4xx_HAL_Driver/Src/stm32f4xx_hal_flash_ex.o
LOAD ./Drivers/STM32F4xx_HAL_Driver/Src/stm32f4xx_hal_flash_ramfunc.o
LOAD ./Drivers/STM32F4xx_HAL_Driver/Src/stm32f4xx_hal_gpio.o
LOAD ./Drivers/STM32F4xx_HAL_Driver/Src/stm32f4xx_hal_i2c.o
LOAD ./Drivers/STM32F4xx_HAL_Driver/Src/stm32f4xx_hal_i2c_ex.o
LOAD ./Drivers/STM32F4xx_HAL_Driver/Src/stm32f4xx_hal_pwr.o
LOAD ./Drivers/STM32F4xx_HAL_Driver/Src/stm32f4xx_hal_pwr_ex.o
LOAD ./Drivers/STM32F4xx_HAL_Driver/Src/stm32f4xx_hal_rcc.o
LOAD ./Drivers/STM32F4xx_HAL_Driver/Src/stm32f4xx_hal_rcc_ex.o
LOAD ./Drivers/STM32F4xx_HAL_Driver/Src/stm32f4xx_hal_uart.o
LOAD ./Drivers/VL53L0X/core/src/vl53l0x_api.o
LOAD ./Drivers/VL53L0X/core/src/vl53l0x_api_calibration.o
LOAD ./Drivers/VL53L0X/core/src/vl53l0x_api_core.o
LOAD ./Drivers/VL53L0X/core/src/vl53l0x_api_ranging.o
LOAD ./Drivers/VL53L0X/core/src/vl53l0x_api_strings.o
LOAD ./Drivers/VL53L0X/platform/src/vl53l0x_platform.o
LOAD ./Drivers/VL53L0X/platform/src/vl53l0x_platform_log.o
START GROUP
LOAD C:/ST/STM32CubeIDE_1.18.1/STM32CubeIDE/plugins/com.st.stm32cube.ide.mcu.externaltools.gnu-tools-for-stm32.13.3.rel1.win32_1.0.0.202411081344/tools/bin/../lib/gcc/arm-none-eabi/13.3.1/../../../../arm-none-eabi/lib/thumb/v7e-m+fp/hard\libc_nano.a
LOAD C:/ST/STM32CubeIDE_1.18.1/STM32CubeIDE/plugins/com.st.stm32cube.ide.mcu.externaltools.gnu-tools-for-stm32.13.3.rel1.win32_1.0.0.202411081344/tools/bin/../lib/gcc/arm-none-eabi/13.3.1/../../../../arm-none-eabi/lib/thumb/v7e-m+fp/hard\libm.a
END GROUP
START GROUP
LOAD C:/ST/STM32CubeIDE_1.18.1/STM32CubeIDE/plugins/com.st.stm32cube.ide.mcu.externaltools.gnu-tools-for-stm32.13.3.rel1.win32_1.0.0.202411081344/tools/bin/../lib/gcc/arm-none-eabi/13.3.1/thumb/v7e-m+fp/hard\libgcc.a
LOAD C:/ST/STM32CubeIDE_1.18.1/STM32CubeIDE/plugins/com.st.stm32cube.ide.mcu.externaltools.gnu-tools-for-stm32.13.3.rel1.win32_1.0.0.202411081344/tools/bin/../lib/gcc/arm-none-eabi/13.3.1/../../../../arm-none-eabi/lib/thumb/v7e-m+fp/hard\libc_nano.a
END GROUP
START GROUP
LOAD C:/ST/STM32CubeIDE_1.18.1/STM32CubeIDE/plugins/com.st.stm32cube.ide.mcu.externaltools.gnu-tools-for-stm32.13.3.rel1.win32_1.0.0.202411081344/tools/bin/../lib/gcc/arm-none-eabi/13.3.1/thumb/v7e-m+fp/hard\libgcc.a
LOAD C:/ST/STM32CubeIDE_1.18.1/STM32CubeIDE/plugins/com.st.stm32cube.ide.mcu.externaltools.gnu-tools-for-stm32.13.3.rel1.win32_1.0.0.202411081344/tools/bin/../lib/gcc/arm-none-eabi/13.3.1/../../../../arm-none-eabi/lib/thumb/v7e-m+fp/hard\libc_nano.a
LOAD C:/ST/STM32CubeIDE_1.18.1/STM32CubeIDE/plugins/com.st.stm32cube.ide.mcu.externaltools.gnu-tools-for-stm32.13.3.rel1.win32_1.0.0.202411081344/tools/bin/../lib/gcc/arm-none-eabi/13.3.1/../../../../arm-none-eabi/lib/thumb/v7e-m+fp/hard\libnosys.a
END GROUP
START GROUP
LOAD C:/ST/STM32CubeIDE_1.18.1/STM32CubeIDE/plugins/com.st.stm32cube.ide.mcu.externaltools.gnu-tools-for-stm32.13.3.rel1.win32_1.0.0.202411081344/tools/bin/../lib/gcc/arm-none-eabi/13.3.1/thumb/v7e-m+fp/hard\libgcc.a
LOAD C:/ST/STM32CubeIDE_1.18.1/STM32CubeIDE/plugins/com.st.stm32cube.ide.mcu.externaltools.gnu-tools-for-stm32.13.3.rel1.win32_1.0.0.202411081344/tools/bin/../lib/gcc/arm-none-eabi/13.3.1/../../../../arm-none-eabi/lib/thumb/v7e-m+fp/hard\libc_nano.a
LOAD C:/ST/STM32CubeIDE_1.18.1/STM32CubeIDE/plugins/com.st.stm32cube.ide.mcu.externaltools.gnu-tools-for-stm32.13.3.rel1.win32_1.0.0.202411081344/tools/bin/../lib/gcc/arm-none-eabi/13.3.1/../../../../arm-none-eabi/lib/thumb/v7e-m+fp/hard\libnosys.a
END GROUP
LOAD C:/ST/STM32CubeIDE_1.18.1/STM32CubeIDE/plugins/com.st.stm32cube.ide.mcu.externaltools.gnu-tools-for-stm32.13.3.rel1.win32_1.0.0.202411081344/tools/bin/../lib/gcc/arm-none-eabi/13.3.1/thumb/v7e-m+fp/hard/crtend.o
LOAD C:/ST/STM32CubeIDE_1.18.1/STM32CubeIDE/plugins/com.st.stm32cube.ide.mcu.externaltools.gnu-tools-for-stm32.13.3.rel1.win32_1.0.0.202411081344/tools/bin/../lib/gcc/arm-none-eabi/13.3.1/thumb/v7e-m+fp/hard/crtn.o
                0x20018000                        _estack = (ORIGIN (RAM) + LENGTH (RAM))
                0x00000200                        _Min_Heap_Size = 0x200
                0x00000400                        _Min_Stack_Size = 0x400

.isr_vector     0x08000000      0x194
                0x08000000                        . = ALIGN (0x4)
 *(.isr_vector)
 .isr_vector    0x08000000      0x194 ./Core/Startup/startup_stm32f401retx.o
                0x08000000                g_pfnVectors
                0x08000194                        . = ALIGN (0x4)

.text           0x080001a0     0x90ac
                0x080001a0                        . = ALIGN (0x4)
 *(.text)
 .text          0x080001a0       0x40 C:/ST/STM32CubeIDE_1.18.1/STM32CubeIDE/plugins/com.st.stm32cube.ide.mcu.externaltools.gnu-tools-for-stm32.13.3.rel1.win32_1.0.0.202411081344/tools/bin/../lib/gcc/arm-none-eabi/13.3.1/thumb/v7e-m+fp/hard/crtbegin.o
 .text          0x080001e0       0x10 C:/ST/STM32CubeIDE_1.18.1/STM32CubeIDE/plugins/com.st.stm32cube.ide.mcu.externaltools.gnu-tools-for-stm32.13.3.rel1.win32_1.0.0.202411081344/tools/bin/../lib/gcc/arm-none-eabi/13.3.1/../../../../arm-none-eabi/lib/thumb/v7e-m+fp/hard\libc_nano.a(libc_a-strlen.o)
                0x080001e0                strlen
 .text          0x080001f0       0xa0 C:/ST/STM32CubeIDE_1.18.1/STM32CubeIDE/plugins/com.st.stm32cube.ide.mcu.externaltools.gnu-tools-for-stm32.13.3.rel1.win32_1.0.0.202411081344/tools/bin/../lib/gcc/arm-none-eabi/13.3.1/../../../../arm-none-eabi/lib/thumb/v7e-m+fp/hard\libc_nano.a(libc_a-memchr.o)
                0x080001f0                memchr
 .text          0x08000290       0x30 C:/ST/STM32CubeIDE_1.18.1/STM32CubeIDE/plugins/com.st.stm32cube.ide.mcu.externaltools.gnu-tools-for-stm32.13.3.rel1.win32_1.0.0.202411081344/tools/bin/../lib/gcc/arm-none-eabi/13.3.1/thumb/v7e-m+fp/hard\libgcc.a(_aeabi_uldivmod.o)
                0x08000290                __aeabi_uldivmod
 .text          0x080002c0      0x2f8 C:/ST/STM32CubeIDE_1.18.1/STM32CubeIDE/plugins/com.st.stm32cube.ide.mcu.externaltools.gnu-tools-for-stm32.13.3.rel1.win32_1.0.0.202411081344/tools/bin/../lib/gcc/arm-none-eabi/13.3.1/thumb/v7e-m+fp/hard\libgcc.a(_udivmoddi4.o)
                0x080002c0                __udivmoddi4
 .text          0x080005b8        0x4 C:/ST/STM32CubeIDE_1.18.1/STM32CubeIDE/plugins/com.st.stm32cube.ide.mcu.externaltools.gnu-tools-for-stm32.13.3.rel1.win32_1.0.0.202411081344/tools/bin/../lib/gcc/arm-none-eabi/13.3.1/thumb/v7e-m+fp/hard\libgcc.a(_dvmd_tls.o)
                0x080005b8                __aeabi_idiv0
                0x080005b8                __aeabi_ldiv0
 *(.text*)
 .text.LidarInit
                0x080005bc      0x124 ./Core/Src/main.o
                0x080005bc                LidarInit
 .text.HAL_UART_RxCpltCallback
                0x080006e0       0x54 ./Core/Src/main.o
                0x080006e0                HAL_UART_RxCpltCallback
 .text.main     0x08000734      0x140 ./Core/Src/main.o
                0x08000734                main
 .text.SystemClock_Config
                0x08000874       0xc0 ./Core/Src/main.o
                0x08000874                SystemClock_Config
 .text.MX_I2C1_Init
                0x08000934       0x5c ./Core/Src/main.o
 .text.MX_USART2_UART_Init
                0x08000990       0x54 ./Core/Src/main.o
 .text.MX_GPIO_Init
                0x080009e4       0xa0 ./Core/Src/main.o
 .text.Error_Handler
                0x08000a84        0xc ./Core/Src/main.o
                0x08000a84                Error_Handler
 .text.HAL_MspInit
                0x08000a90       0x50 ./Core/Src/stm32f4xx_hal_msp.o
                0x08000a90                HAL_MspInit
 .text.HAL_I2C_MspInit
                0x08000ae0       0x90 ./Core/Src/stm32f4xx_hal_msp.o
                0x08000ae0                HAL_I2C_MspInit
 .text.HAL_UART_MspInit
                0x08000b70       0xa0 ./Core/Src/stm32f4xx_hal_msp.o
                0x08000b70                HAL_UART_MspInit
 .text.NMI_Handler
                0x08000c10        0x8 ./Core/Src/stm32f4xx_it.o
                0x08000c10                NMI_Handler
 .text.HardFault_Handler
                0x08000c18        0x8 ./Core/Src/stm32f4xx_it.o
                0x08000c18                HardFault_Handler
 .text.MemManage_Handler
                0x08000c20        0x8 ./Core/Src/stm32f4xx_it.o
                0x08000c20                MemManage_Handler
 .text.BusFault_Handler
                0x08000c28        0x8 ./Core/Src/stm32f4xx_it.o
                0x08000c28                BusFault_Handler
 .text.UsageFault_Handler
                0x08000c30        0x8 ./Core/Src/stm32f4xx_it.o
                0x08000c30                UsageFault_Handler
 .text.SVC_Handler
                0x08000c38        0xe ./Core/Src/stm32f4xx_it.o
                0x08000c38                SVC_Handler
 .text.DebugMon_Handler
                0x08000c46        0xe ./Core/Src/stm32f4xx_it.o
                0x08000c46                DebugMon_Handler
 .text.PendSV_Handler
                0x08000c54        0xe ./Core/Src/stm32f4xx_it.o
                0x08000c54                PendSV_Handler
 .text.SysTick_Handler
                0x08000c62        0xc ./Core/Src/stm32f4xx_it.o
                0x08000c62                SysTick_Handler
 *fill*         0x08000c6e        0x2 
 .text.USART2_IRQHandler
                0x08000c70       0x14 ./Core/Src/stm32f4xx_it.o
                0x08000c70                USART2_IRQHandler
 .text._sbrk    0x08000c84       0x6c ./Core/Src/sysmem.o
                0x08000c84                _sbrk
 .text.SystemInit
                0x08000cf0       0x24 ./Core/Src/system_stm32f4xx.o
                0x08000cf0                SystemInit
 .text.Reset_Handler
                0x08000d14       0x50 ./Core/Startup/startup_stm32f401retx.o
                0x08000d14                Reset_Handler
 .text.Default_Handler
                0x08000d64        0x2 ./Core/Startup/startup_stm32f401retx.o
                0x08000d64                RTC_Alarm_IRQHandler
                0x08000d64                EXTI2_IRQHandler
                0x08000d64                SPI4_IRQHandler
                0x08000d64                TIM1_CC_IRQHandler
                0x08000d64                DMA2_Stream5_IRQHandler
                0x08000d64                DMA1_Stream5_IRQHandler
                0x08000d64                PVD_IRQHandler
                0x08000d64                SDIO_IRQHandler
                0x08000d64                TAMP_STAMP_IRQHandler
                0x08000d64                EXTI3_IRQHandler
                0x08000d64                TIM1_UP_TIM10_IRQHandler
                0x08000d64                I2C3_ER_IRQHandler
                0x08000d64                EXTI0_IRQHandler
                0x08000d64                I2C2_EV_IRQHandler
                0x08000d64                DMA1_Stream2_IRQHandler
                0x08000d64                FPU_IRQHandler
                0x08000d64                DMA2_Stream2_IRQHandler
                0x08000d64                SPI1_IRQHandler
                0x08000d64                TIM1_BRK_TIM9_IRQHandler
                0x08000d64                DMA2_Stream3_IRQHandler
                0x08000d64                USART6_IRQHandler
                0x08000d64                DMA2_Stream0_IRQHandler
                0x08000d64                TIM4_IRQHandler
                0x08000d64                I2C1_EV_IRQHandler
                0x08000d64                DMA1_Stream6_IRQHandler
                0x08000d64                DMA1_Stream1_IRQHandler
                0x08000d64                TIM3_IRQHandler
                0x08000d64                RCC_IRQHandler
                0x08000d64                Default_Handler
                0x08000d64                EXTI15_10_IRQHandler
                0x08000d64                ADC_IRQHandler
                0x08000d64                DMA1_Stream7_IRQHandler
                0x08000d64                TIM5_IRQHandler
                0x08000d64                DMA2_Stream7_IRQHandler
                0x08000d64                I2C3_EV_IRQHandler
                0x08000d64                EXTI9_5_IRQHandler
                0x08000d64                RTC_WKUP_IRQHandler
                0x08000d64                SPI2_IRQHandler
                0x08000d64                DMA1_Stream0_IRQHandler
                0x08000d64                EXTI4_IRQHandler
                0x08000d64                WWDG_IRQHandler
                0x08000d64                TIM2_IRQHandler
                0x08000d64                OTG_FS_WKUP_IRQHandler
                0x08000d64                TIM1_TRG_COM_TIM11_IRQHandler
                0x08000d64                EXTI1_IRQHandler
                0x08000d64                I2C2_ER_IRQHandler
                0x08000d64                DMA2_Stream1_IRQHandler
                0x08000d64                FLASH_IRQHandler
                0x08000d64                DMA2_Stream4_IRQHandler
                0x08000d64                USART1_IRQHandler
                0x08000d64                OTG_FS_IRQHandler
                0x08000d64                SPI3_IRQHandler
                0x08000d64                DMA1_Stream4_IRQHandler
                0x08000d64                I2C1_ER_IRQHandler
                0x08000d64                DMA2_Stream6_IRQHandler
                0x08000d64                DMA1_Stream3_IRQHandler
 *fill*         0x08000d66        0x2 
 .text.HAL_Init
                0x08000d68       0x44 ./Drivers/STM32F4xx_HAL_Driver/Src/stm32f4xx_hal.o
                0x08000d68                HAL_Init
 .text.HAL_InitTick
                0x08000dac       0x60 ./Drivers/STM32F4xx_HAL_Driver/Src/stm32f4xx_hal.o
                0x08000dac                HAL_InitTick
 .text.HAL_IncTick
                0x08000e0c       0x28 ./Drivers/STM32F4xx_HAL_Driver/Src/stm32f4xx_hal.o
                0x08000e0c                HAL_IncTick
 .text.HAL_GetTick
                0x08000e34       0x18 ./Drivers/STM32F4xx_HAL_Driver/Src/stm32f4xx_hal.o
                0x08000e34                HAL_GetTick
 .text.HAL_Delay
                0x08000e4c       0x48 ./Drivers/STM32F4xx_HAL_Driver/Src/stm32f4xx_hal.o
                0x08000e4c                HAL_Delay
 .text.__NVIC_SetPriorityGrouping
                0x08000e94       0x48 ./Drivers/STM32F4xx_HAL_Driver/Src/stm32f4xx_hal_cortex.o
 .text.__NVIC_GetPriorityGrouping
                0x08000edc       0x1c ./Drivers/STM32F4xx_HAL_Driver/Src/stm32f4xx_hal_cortex.o
 .text.__NVIC_EnableIRQ
                0x08000ef8       0x3c ./Drivers/STM32F4xx_HAL_Driver/Src/stm32f4xx_hal_cortex.o
 .text.__NVIC_SetPriority
                0x08000f34       0x54 ./Drivers/STM32F4xx_HAL_Driver/Src/stm32f4xx_hal_cortex.o
 .text.NVIC_EncodePriority
                0x08000f88       0x66 ./Drivers/STM32F4xx_HAL_Driver/Src/stm32f4xx_hal_cortex.o
 *fill*         0x08000fee        0x2 
 .text.SysTick_Config
                0x08000ff0       0x44 ./Drivers/STM32F4xx_HAL_Driver/Src/stm32f4xx_hal_cortex.o
 .text.HAL_NVIC_SetPriorityGrouping
                0x08001034       0x16 ./Drivers/STM32F4xx_HAL_Driver/Src/stm32f4xx_hal_cortex.o
                0x08001034                HAL_NVIC_SetPriorityGrouping
 .text.HAL_NVIC_SetPriority
                0x0800104a       0x38 ./Drivers/STM32F4xx_HAL_Driver/Src/stm32f4xx_hal_cortex.o
                0x0800104a                HAL_NVIC_SetPriority
 .text.HAL_NVIC_EnableIRQ
                0x08001082       0x1c ./Drivers/STM32F4xx_HAL_Driver/Src/stm32f4xx_hal_cortex.o
                0x08001082                HAL_NVIC_EnableIRQ
 .text.HAL_SYSTICK_Config
                0x0800109e       0x18 ./Drivers/STM32F4xx_HAL_Driver/Src/stm32f4xx_hal_cortex.o
                0x0800109e                HAL_SYSTICK_Config
 .text.HAL_DMA_Abort
                0x080010b6       0xe0 ./Drivers/STM32F4xx_HAL_Driver/Src/stm32f4xx_hal_dma.o
                0x080010b6                HAL_DMA_Abort
 .text.HAL_DMA_Abort_IT
                0x08001196       0x44 ./Drivers/STM32F4xx_HAL_Driver/Src/stm32f4xx_hal_dma.o
                0x08001196                HAL_DMA_Abort_IT
 *fill*         0x080011da        0x2 
 .text.HAL_GPIO_Init
                0x080011dc      0x308 ./Drivers/STM32F4xx_HAL_Driver/Src/stm32f4xx_hal_gpio.o
                0x080011dc                HAL_GPIO_Init
 .text.HAL_GPIO_WritePin
                0x080014e4       0x32 ./Drivers/STM32F4xx_HAL_Driver/Src/stm32f4xx_hal_gpio.o
                0x080014e4                HAL_GPIO_WritePin
 *fill*         0x08001516        0x2 
 .text.HAL_I2C_Init
                0x08001518      0x288 ./Drivers/STM32F4xx_HAL_Driver/Src/stm32f4xx_hal_i2c.o
                0x08001518                HAL_I2C_Init
 .text.HAL_I2C_Master_Transmit
                0x080017a0      0x1fc ./Drivers/STM32F4xx_HAL_Driver/Src/stm32f4xx_hal_i2c.o
                0x080017a0                HAL_I2C_Master_Transmit
 .text.HAL_I2C_Master_Receive
                0x0800199c      0x464 ./Drivers/STM32F4xx_HAL_Driver/Src/stm32f4xx_hal_i2c.o
                0x0800199c                HAL_I2C_Master_Receive
 .text.I2C_MasterRequestWrite
                0x08001e00      0x104 ./Drivers/STM32F4xx_HAL_Driver/Src/stm32f4xx_hal_i2c.o
 .text.I2C_MasterRequestRead
                0x08001f04      0x19c ./Drivers/STM32F4xx_HAL_Driver/Src/stm32f4xx_hal_i2c.o
 .text.I2C_WaitOnFlagUntilTimeout
                0x080020a0       0xf4 ./Drivers/STM32F4xx_HAL_Driver/Src/stm32f4xx_hal_i2c.o
 .text.I2C_WaitOnMasterAddressFlagUntilTimeout
                0x08002194      0x140 ./Drivers/STM32F4xx_HAL_Driver/Src/stm32f4xx_hal_i2c.o
 .text.I2C_WaitOnTXEFlagUntilTimeout
                0x080022d4       0x90 ./Drivers/STM32F4xx_HAL_Driver/Src/stm32f4xx_hal_i2c.o
 .text.I2C_WaitOnBTFFlagUntilTimeout
                0x08002364       0x90 ./Drivers/STM32F4xx_HAL_Driver/Src/stm32f4xx_hal_i2c.o
 .text.I2C_WaitOnRXNEFlagUntilTimeout
                0x080023f4       0xba ./Drivers/STM32F4xx_HAL_Driver/Src/stm32f4xx_hal_i2c.o
 .text.I2C_IsAcknowledgeFailed
                0x080024ae       0x5e ./Drivers/STM32F4xx_HAL_Driver/Src/stm32f4xx_hal_i2c.o
 .text.HAL_RCC_OscConfig
                0x0800250c      0x4f0 ./Drivers/STM32F4xx_HAL_Driver/Src/stm32f4xx_hal_rcc.o
                0x0800250c                HAL_RCC_OscConfig
 .text.HAL_RCC_ClockConfig
                0x080029fc      0x1cc ./Drivers/STM32F4xx_HAL_Driver/Src/stm32f4xx_hal_rcc.o
                0x080029fc                HAL_RCC_ClockConfig
 .text.HAL_RCC_GetSysClockFreq
                0x08002bc8      0x18c ./Drivers/STM32F4xx_HAL_Driver/Src/stm32f4xx_hal_rcc.o
                0x08002bc8                HAL_RCC_GetSysClockFreq
 .text.HAL_RCC_GetHCLKFreq
                0x08002d54       0x18 ./Drivers/STM32F4xx_HAL_Driver/Src/stm32f4xx_hal_rcc.o
                0x08002d54                HAL_RCC_GetHCLKFreq
 .text.HAL_RCC_GetPCLK1Freq
                0x08002d6c       0x28 ./Drivers/STM32F4xx_HAL_Driver/Src/stm32f4xx_hal_rcc.o
                0x08002d6c                HAL_RCC_GetPCLK1Freq
 .text.HAL_RCC_GetPCLK2Freq
                0x08002d94       0x28 ./Drivers/STM32F4xx_HAL_Driver/Src/stm32f4xx_hal_rcc.o
                0x08002d94                HAL_RCC_GetPCLK2Freq
 .text.HAL_UART_Init
                0x08002dbc       0xa0 ./Drivers/STM32F4xx_HAL_Driver/Src/stm32f4xx_hal_uart.o
                0x08002dbc                HAL_UART_Init
 .text.HAL_UART_Transmit
                0x08002e5c      0x116 ./Drivers/STM32F4xx_HAL_Driver/Src/stm32f4xx_hal_uart.o
                0x08002e5c                HAL_UART_Transmit
 .text.HAL_UART_Receive_IT
                0x08002f72       0x4a ./Drivers/STM32F4xx_HAL_Driver/Src/stm32f4xx_hal_uart.o
                0x08002f72                HAL_UART_Receive_IT
 .text.HAL_UART_IRQHandler
                0x08002fbc      0x554 ./Drivers/STM32F4xx_HAL_Driver/Src/stm32f4xx_hal_uart.o
                0x08002fbc                HAL_UART_IRQHandler
 .text.HAL_UART_TxCpltCallback
                0x08003510       0x14 ./Drivers/STM32F4xx_HAL_Driver/Src/stm32f4xx_hal_uart.o
                0x08003510                HAL_UART_TxCpltCallback
 .text.HAL_UART_ErrorCallback
                0x08003524       0x14 ./Drivers/STM32F4xx_HAL_Driver/Src/stm32f4xx_hal_uart.o
                0x08003524                HAL_UART_ErrorCallback
 .text.HAL_UARTEx_RxEventCallback
                0x08003538       0x18 ./Drivers/STM32F4xx_HAL_Driver/Src/stm32f4xx_hal_uart.o
                0x08003538                HAL_UARTEx_RxEventCallback
 .text.UART_WaitOnFlagUntilTimeout
                0x08003550       0xb2 ./Drivers/STM32F4xx_HAL_Driver/Src/stm32f4xx_hal_uart.o
 .text.UART_Start_Receive_IT
                0x08003602       0x74 ./Drivers/STM32F4xx_HAL_Driver/Src/stm32f4xx_hal_uart.o
                0x08003602                UART_Start_Receive_IT
 .text.UART_EndRxTransfer
                0x08003676       0xc6 ./Drivers/STM32F4xx_HAL_Driver/Src/stm32f4xx_hal_uart.o
 .text.UART_DMAAbortOnError
                0x0800373c       0x22 ./Drivers/STM32F4xx_HAL_Driver/Src/stm32f4xx_hal_uart.o
 .text.UART_Transmit_IT
                0x0800375e       0xa0 ./Drivers/STM32F4xx_HAL_Driver/Src/stm32f4xx_hal_uart.o
 .text.UART_EndTransmit_IT
                0x080037fe       0x30 ./Drivers/STM32F4xx_HAL_Driver/Src/stm32f4xx_hal_uart.o
 .text.UART_Receive_IT
                0x0800382e      0x17c ./Drivers/STM32F4xx_HAL_Driver/Src/stm32f4xx_hal_uart.o
 *fill*         0x080039aa        0x2 
 .text.UART_SetConfig
                0x080039ac      0x4e8 ./Drivers/STM32F4xx_HAL_Driver/Src/stm32f4xx_hal_uart.o
 .text.VL53L0X_GetOffsetCalibrationDataMicroMeter
                0x08003e94       0x26 ./Drivers/VL53L0X/core/src/vl53l0x_api.o
                0x08003e94                VL53L0X_GetOffsetCalibrationDataMicroMeter
 *fill*         0x08003eba        0x2 
 .text.VL53L0X_DataInit
                0x08003ebc      0x2c8 ./Drivers/VL53L0X/core/src/vl53l0x_api.o
                0x08003ebc                VL53L0X_DataInit
 .text.VL53L0X_StaticInit
                0x08004184      0x300 ./Drivers/VL53L0X/core/src/vl53l0x_api.o
                0x08004184                VL53L0X_StaticInit
 .text.VL53L0X_GetDeviceParameters
                0x08004484      0x120 ./Drivers/VL53L0X/core/src/vl53l0x_api.o
                0x08004484                VL53L0X_GetDeviceParameters
 .text.VL53L0X_SetDeviceMode
                0x080045a4       0x58 ./Drivers/VL53L0X/core/src/vl53l0x_api.o
                0x080045a4                VL53L0X_SetDeviceMode
 .text.VL53L0X_GetDeviceMode
                0x080045fc       0x26 ./Drivers/VL53L0X/core/src/vl53l0x_api.o
                0x080045fc                VL53L0X_GetDeviceMode
 .text.VL53L0X_GetFractionEnable
                0x08004622       0x3e ./Drivers/VL53L0X/core/src/vl53l0x_api.o
                0x08004622                VL53L0X_GetFractionEnable
 .text.VL53L0X_SetMeasurementTimingBudgetMicroSeconds
                0x08004660       0x26 ./Drivers/VL53L0X/core/src/vl53l0x_api.o
                0x08004660                VL53L0X_SetMeasurementTimingBudgetMicroSeconds
 .text.VL53L0X_GetMeasurementTimingBudgetMicroSeconds
                0x08004686       0x26 ./Drivers/VL53L0X/core/src/vl53l0x_api.o
                0x08004686                VL53L0X_GetMeasurementTimingBudgetMicroSeconds
 .text.VL53L0X_GetVcselPulsePeriod
                0x080046ac       0x2e ./Drivers/VL53L0X/core/src/vl53l0x_api.o
                0x080046ac                VL53L0X_GetVcselPulsePeriod
 *fill*         0x080046da        0x2 
 .text.VL53L0X_SetSequenceStepEnable
                0x080046dc      0x140 ./Drivers/VL53L0X/core/src/vl53l0x_api.o
                0x080046dc                VL53L0X_SetSequenceStepEnable
 .text.sequence_step_enabled
                0x0800481c       0xa4 ./Drivers/VL53L0X/core/src/vl53l0x_api.o
                0x0800481c                sequence_step_enabled
 .text.VL53L0X_GetSequenceStepEnables
                0x080048c0       0xb0 ./Drivers/VL53L0X/core/src/vl53l0x_api.o
                0x080048c0                VL53L0X_GetSequenceStepEnables
 .text.VL53L0X_GetInterMeasurementPeriodMilliSeconds
                0x08004970       0x68 ./Drivers/VL53L0X/core/src/vl53l0x_api.o
                0x08004970                VL53L0X_GetInterMeasurementPeriodMilliSeconds
 .text.VL53L0X_GetXTalkCompensationEnable
                0x080049d8       0x2a ./Drivers/VL53L0X/core/src/vl53l0x_api.o
                0x080049d8                VL53L0X_GetXTalkCompensationEnable
 .text.VL53L0X_GetXTalkCompensationRateMegaCps
                0x08004a02       0x66 ./Drivers/VL53L0X/core/src/vl53l0x_api.o
                0x08004a02                VL53L0X_GetXTalkCompensationRateMegaCps
 .text.VL53L0X_SetLimitCheckEnable
                0x08004a68      0x118 ./Drivers/VL53L0X/core/src/vl53l0x_api.o
                0x08004a68                VL53L0X_SetLimitCheckEnable
 .text.VL53L0X_GetLimitCheckEnable
                0x08004b80       0x46 ./Drivers/VL53L0X/core/src/vl53l0x_api.o
                0x08004b80                VL53L0X_GetLimitCheckEnable
 *fill*         0x08004bc6        0x2 
 .text.VL53L0X_SetLimitCheckValue
                0x08004bc8       0xc4 ./Drivers/VL53L0X/core/src/vl53l0x_api.o
                0x08004bc8                VL53L0X_SetLimitCheckValue
 .text.VL53L0X_GetLimitCheckValue
                0x08004c8c      0x11c ./Drivers/VL53L0X/core/src/vl53l0x_api.o
                0x08004c8c                VL53L0X_GetLimitCheckValue
 .text.VL53L0X_GetWrapAroundCheckEnable
                0x08004da8       0x64 ./Drivers/VL53L0X/core/src/vl53l0x_api.o
                0x08004da8                VL53L0X_GetWrapAroundCheckEnable
 .text.VL53L0X_PerformSingleMeasurement
                0x08004e0c       0x68 ./Drivers/VL53L0X/core/src/vl53l0x_api.o
                0x08004e0c                VL53L0X_PerformSingleMeasurement
 .text.VL53L0X_PerformRefCalibration
                0x08004e74       0x2c ./Drivers/VL53L0X/core/src/vl53l0x_api.o
                0x08004e74                VL53L0X_PerformRefCalibration
 .text.VL53L0X_CheckAndLoadInterruptSettings
                0x08004ea0       0xcc ./Drivers/VL53L0X/core/src/vl53l0x_api.o
                0x08004ea0                VL53L0X_CheckAndLoadInterruptSettings
 .text.VL53L0X_StartMeasurement
                0x08004f6c      0x184 ./Drivers/VL53L0X/core/src/vl53l0x_api.o
                0x08004f6c                VL53L0X_StartMeasurement
 .text.VL53L0X_GetMeasurementDataReady
                0x080050f0       0x80 ./Drivers/VL53L0X/core/src/vl53l0x_api.o
                0x080050f0                VL53L0X_GetMeasurementDataReady
 .text.VL53L0X_GetRangingMeasurementData
                0x08005170      0x238 ./Drivers/VL53L0X/core/src/vl53l0x_api.o
                0x08005170                VL53L0X_GetRangingMeasurementData
 .text.VL53L0X_PerformSingleRangingMeasurement
                0x080053a8       0x60 ./Drivers/VL53L0X/core/src/vl53l0x_api.o
                0x080053a8                VL53L0X_PerformSingleRangingMeasurement
 .text.VL53L0X_SetGpioConfig
                0x08005408      0x244 ./Drivers/VL53L0X/core/src/vl53l0x_api.o
                0x08005408                VL53L0X_SetGpioConfig
 .text.VL53L0X_GetInterruptThresholds
                0x0800564c       0x68 ./Drivers/VL53L0X/core/src/vl53l0x_api.o
                0x0800564c                VL53L0X_GetInterruptThresholds
 .text.VL53L0X_ClearInterruptMask
                0x080056b4       0x80 ./Drivers/VL53L0X/core/src/vl53l0x_api.o
                0x080056b4                VL53L0X_ClearInterruptMask
 .text.VL53L0X_GetInterruptMaskStatus
                0x08005734       0x44 ./Drivers/VL53L0X/core/src/vl53l0x_api.o
                0x08005734                VL53L0X_GetInterruptMaskStatus
 .text.VL53L0X_PerformRefSpadManagement
                0x08005778       0x2a ./Drivers/VL53L0X/core/src/vl53l0x_api.o
                0x08005778                VL53L0X_PerformRefSpadManagement
 .text.VL53L0X_get_offset_calibration_data_micro_meter
                0x080057a2       0x7e ./Drivers/VL53L0X/core/src/vl53l0x_api_calibration.o
                0x080057a2                VL53L0X_get_offset_calibration_data_micro_meter
 .text.get_next_good_spad
                0x08005820       0xbc ./Drivers/VL53L0X/core/src/vl53l0x_api_calibration.o
                0x08005820                get_next_good_spad
 .text.is_aperture
                0x080058dc       0x34 ./Drivers/VL53L0X/core/src/vl53l0x_api_calibration.o
                0x080058dc                is_aperture
 .text.enable_spad_bit
                0x08005910       0x70 ./Drivers/VL53L0X/core/src/vl53l0x_api_calibration.o
                0x08005910                enable_spad_bit
 .text.set_ref_spad_map
                0x08005980       0x26 ./Drivers/VL53L0X/core/src/vl53l0x_api_calibration.o
                0x08005980                set_ref_spad_map
 .text.get_ref_spad_map
                0x080059a6       0x26 ./Drivers/VL53L0X/core/src/vl53l0x_api_calibration.o
                0x080059a6                get_ref_spad_map
 .text.enable_ref_spads
                0x080059cc       0xf8 ./Drivers/VL53L0X/core/src/vl53l0x_api_calibration.o
                0x080059cc                enable_ref_spads
 .text.perform_ref_signal_measurement
                0x08005ac4       0xd4 ./Drivers/VL53L0X/core/src/vl53l0x_api_calibration.o
                0x08005ac4                perform_ref_signal_measurement
 .text.VL53L0X_perform_ref_spad_management
                0x08005b98      0x418 ./Drivers/VL53L0X/core/src/vl53l0x_api_calibration.o
                0x08005b98                VL53L0X_perform_ref_spad_management
 .text.VL53L0X_set_reference_spads
                0x08005fb0      0x14a ./Drivers/VL53L0X/core/src/vl53l0x_api_calibration.o
                0x08005fb0                VL53L0X_set_reference_spads
 .text.VL53L0X_perform_single_ref_calibration
                0x080060fa       0x76 ./Drivers/VL53L0X/core/src/vl53l0x_api_calibration.o
                0x080060fa                VL53L0X_perform_single_ref_calibration
 .text.VL53L0X_ref_calibration_io
                0x08006170      0x132 ./Drivers/VL53L0X/core/src/vl53l0x_api_calibration.o
                0x08006170                VL53L0X_ref_calibration_io
 .text.VL53L0X_perform_vhv_calibration
                0x080062a2       0xce ./Drivers/VL53L0X/core/src/vl53l0x_api_calibration.o
                0x080062a2                VL53L0X_perform_vhv_calibration
 .text.VL53L0X_perform_phase_calibration
                0x08006370       0xca ./Drivers/VL53L0X/core/src/vl53l0x_api_calibration.o
                0x08006370                VL53L0X_perform_phase_calibration
 .text.VL53L0X_perform_ref_calibration
                0x0800643a       0x7a ./Drivers/VL53L0X/core/src/vl53l0x_api_calibration.o
                0x0800643a                VL53L0X_perform_ref_calibration
 .text.VL53L0X_measurement_poll_for_completion
                0x080064b4       0x60 ./Drivers/VL53L0X/core/src/vl53l0x_api_core.o
                0x080064b4                VL53L0X_measurement_poll_for_completion
 .text.VL53L0X_decode_vcsel_period
                0x08006514       0x26 ./Drivers/VL53L0X/core/src/vl53l0x_api_core.o
                0x08006514                VL53L0X_decode_vcsel_period
 .text.VL53L0X_isqrt
                0x0800653a       0x68 ./Drivers/VL53L0X/core/src/vl53l0x_api_core.o
                0x0800653a                VL53L0X_isqrt
 .text.VL53L0X_device_read_strobe
                0x080065a2       0x86 ./Drivers/VL53L0X/core/src/vl53l0x_api_core.o
                0x080065a2                VL53L0X_device_read_strobe
 .text.VL53L0X_get_info_from_device
                0x08006628      0x99a ./Drivers/VL53L0X/core/src/vl53l0x_api_core.o
                0x08006628                VL53L0X_get_info_from_device
 .text.VL53L0X_calc_macro_period_ps
                0x08006fc2       0x3c ./Drivers/VL53L0X/core/src/vl53l0x_api_core.o
                0x08006fc2                VL53L0X_calc_macro_period_ps
 .text.VL53L0X_encode_timeout
                0x08006ffe       0x54 ./Drivers/VL53L0X/core/src/vl53l0x_api_core.o
                0x08006ffe                VL53L0X_encode_timeout
 .text.VL53L0X_decode_timeout
                0x08007052       0x2c ./Drivers/VL53L0X/core/src/vl53l0x_api_core.o
                0x08007052                VL53L0X_decode_timeout
 *fill*         0x0800707e        0x2 
 .text.VL53L0X_calc_timeout_mclks
                0x08007080       0x54 ./Drivers/VL53L0X/core/src/vl53l0x_api_core.o
                0x08007080                VL53L0X_calc_timeout_mclks
 .text.VL53L0X_calc_timeout_us
                0x080070d4       0x54 ./Drivers/VL53L0X/core/src/vl53l0x_api_core.o
                0x080070d4                VL53L0X_calc_timeout_us
 .text.get_sequence_step_timeout
                0x08007128      0x1c0 ./Drivers/VL53L0X/core/src/vl53l0x_api_core.o
                0x08007128                get_sequence_step_timeout
 .text.set_sequence_step_timeout
                0x080072e8      0x1e4 ./Drivers/VL53L0X/core/src/vl53l0x_api_core.o
                0x080072e8                set_sequence_step_timeout
 .text.VL53L0X_get_vcsel_pulse_period
                0x080074cc       0x6e ./Drivers/VL53L0X/core/src/vl53l0x_api_core.o
                0x080074cc                VL53L0X_get_vcsel_pulse_period
 .text.VL53L0X_set_measurement_timing_budget_micro_seconds
                0x0800753a      0x1c0 ./Drivers/VL53L0X/core/src/vl53l0x_api_core.o
                0x0800753a                VL53L0X_set_measurement_timing_budget_micro_seconds
 .text.VL53L0X_get_measurement_timing_budget_micro_seconds
                0x080076fa      0x162 ./Drivers/VL53L0X/core/src/vl53l0x_api_core.o
                0x080076fa                VL53L0X_get_measurement_timing_budget_micro_seconds
 .text.VL53L0X_load_tuning_settings
                0x0800785c      0x1c4 ./Drivers/VL53L0X/core/src/vl53l0x_api_core.o
                0x0800785c                VL53L0X_load_tuning_settings
 .text.VL53L0X_get_total_xtalk_rate
                0x08007a20       0x5e ./Drivers/VL53L0X/core/src/vl53l0x_api_core.o
                0x08007a20                VL53L0X_get_total_xtalk_rate
 .text.VL53L0X_get_total_signal_rate
                0x08007a7e       0x4a ./Drivers/VL53L0X/core/src/vl53l0x_api_core.o
                0x08007a7e                VL53L0X_get_total_signal_rate
 .text.VL53L0X_calc_dmax
                0x08007ac8      0x238 ./Drivers/VL53L0X/core/src/vl53l0x_api_core.o
                0x08007ac8                VL53L0X_calc_dmax
 .text.VL53L0X_calc_sigma_estimate
                0x08007d00      0x498 ./Drivers/VL53L0X/core/src/vl53l0x_api_core.o
                0x08007d00                VL53L0X_calc_sigma_estimate
 .text.VL53L0X_get_pal_range_status
                0x08008198      0x3b6 ./Drivers/VL53L0X/core/src/vl53l0x_api_core.o
                0x08008198                VL53L0X_get_pal_range_status
 .text._I2CWrite
                0x0800854e       0x3e ./Drivers/VL53L0X/platform/src/vl53l0x_platform.o
                0x0800854e                _I2CWrite
 .text._I2CRead
                0x0800858c       0x44 ./Drivers/VL53L0X/platform/src/vl53l0x_platform.o
                0x0800858c                _I2CRead
 .text.VL53L0X_WriteMulti
                0x080085d0       0x60 ./Drivers/VL53L0X/platform/src/vl53l0x_platform.o
                0x080085d0                VL53L0X_WriteMulti
 .text.VL53L0X_ReadMulti
                0x08008630       0x56 ./Drivers/VL53L0X/platform/src/vl53l0x_platform.o
                0x08008630                VL53L0X_ReadMulti
 *fill*         0x08008686        0x2 
 .text.VL53L0X_WrByte
                0x08008688       0x48 ./Drivers/VL53L0X/platform/src/vl53l0x_platform.o
                0x08008688                VL53L0X_WrByte
 .text.VL53L0X_WrWord
                0x080086d0       0x54 ./Drivers/VL53L0X/platform/src/vl53l0x_platform.o
                0x080086d0                VL53L0X_WrWord
 .text.VL53L0X_UpdateByte
                0x08008724       0x68 ./Drivers/VL53L0X/platform/src/vl53l0x_platform.o
                0x08008724                VL53L0X_UpdateByte
 .text.VL53L0X_RdByte
                0x0800878c       0x54 ./Drivers/VL53L0X/platform/src/vl53l0x_platform.o
                0x0800878c                VL53L0X_RdByte
 .text.VL53L0X_RdWord
                0x080087e0       0x6c ./Drivers/VL53L0X/platform/src/vl53l0x_platform.o
                0x080087e0                VL53L0X_RdWord
 .text.VL53L0X_RdDWord
                0x0800884c       0x78 ./Drivers/VL53L0X/platform/src/vl53l0x_platform.o
                0x0800884c                VL53L0X_RdDWord
 .text.VL53L0X_PollingDelay
                0x080088c4       0x1e ./Drivers/VL53L0X/platform/src/vl53l0x_platform.o
                0x080088c4                VL53L0X_PollingDelay
 *fill*         0x080088e2        0x2 
 .text.sprintf  0x080088e4       0x44 C:/ST/STM32CubeIDE_1.18.1/STM32CubeIDE/plugins/com.st.stm32cube.ide.mcu.externaltools.gnu-tools-for-stm32.13.3.rel1.win32_1.0.0.202411081344/tools/bin/../lib/gcc/arm-none-eabi/13.3.1/../../../../arm-none-eabi/lib/thumb/v7e-m+fp/hard\libc_nano.a(libc_a-sprintf.o)
                0x080088e4                siprintf
                0x080088e4                sprintf
 .text.memset   0x08008928       0x10 C:/ST/STM32CubeIDE_1.18.1/STM32CubeIDE/plugins/com.st.stm32cube.ide.mcu.externaltools.gnu-tools-for-stm32.13.3.rel1.win32_1.0.0.202411081344/tools/bin/../lib/gcc/arm-none-eabi/13.3.1/../../../../arm-none-eabi/lib/thumb/v7e-m+fp/hard\libc_nano.a(libc_a-memset.o)
                0x08008928                memset
 .text.__errno  0x08008938        0xc C:/ST/STM32CubeIDE_1.18.1/STM32CubeIDE/plugins/com.st.stm32cube.ide.mcu.externaltools.gnu-tools-for-stm32.13.3.rel1.win32_1.0.0.202411081344/tools/bin/../lib/gcc/arm-none-eabi/13.3.1/../../../../arm-none-eabi/lib/thumb/v7e-m+fp/hard\libc_nano.a(libc_a-errno.o)
                0x08008938                __errno
 .text.__libc_init_array
                0x08008944       0x48 C:/ST/STM32CubeIDE_1.18.1/STM32CubeIDE/plugins/com.st.stm32cube.ide.mcu.externaltools.gnu-tools-for-stm32.13.3.rel1.win32_1.0.0.202411081344/tools/bin/../lib/gcc/arm-none-eabi/13.3.1/../../../../arm-none-eabi/lib/thumb/v7e-m+fp/hard\libc_nano.a(libc_a-init.o)
                0x08008944                __libc_init_array
 .text.__retarget_lock_acquire_recursive
                0x0800898c        0x2 C:/ST/STM32CubeIDE_1.18.1/STM32CubeIDE/plugins/com.st.stm32cube.ide.mcu.externaltools.gnu-tools-for-stm32.13.3.rel1.win32_1.0.0.202411081344/tools/bin/../lib/gcc/arm-none-eabi/13.3.1/../../../../arm-none-eabi/lib/thumb/v7e-m+fp/hard\libc_nano.a(libc_a-lock.o)
                0x0800898c                __retarget_lock_acquire_recursive
 .text.__retarget_lock_release_recursive
                0x0800898e        0x2 C:/ST/STM32CubeIDE_1.18.1/STM32CubeIDE/plugins/com.st.stm32cube.ide.mcu.externaltools.gnu-tools-for-stm32.13.3.rel1.win32_1.0.0.202411081344/tools/bin/../lib/gcc/arm-none-eabi/13.3.1/../../../../arm-none-eabi/lib/thumb/v7e-m+fp/hard\libc_nano.a(libc_a-lock.o)
                0x0800898e                __retarget_lock_release_recursive
 .text.strcpy   0x08008990       0x10 C:/ST/STM32CubeIDE_1.18.1/STM32CubeIDE/plugins/com.st.stm32cube.ide.mcu.externaltools.gnu-tools-for-stm32.13.3.rel1.win32_1.0.0.202411081344/tools/bin/../lib/gcc/arm-none-eabi/13.3.1/../../../../arm-none-eabi/lib/thumb/v7e-m+fp/hard\libc_nano.a(libc_a-strcpy.o)
                0x08008990                strcpy
 .text.memcpy   0x080089a0       0x1c C:/ST/STM32CubeIDE_1.18.1/STM32CubeIDE/plugins/com.st.stm32cube.ide.mcu.externaltools.gnu-tools-for-stm32.13.3.rel1.win32_1.0.0.202411081344/tools/bin/../lib/gcc/arm-none-eabi/13.3.1/../../../../arm-none-eabi/lib/thumb/v7e-m+fp/hard\libc_nano.a(libc_a-memcpy-stub.o)
                0x080089a0                memcpy
 .text._free_r  0x080089bc       0x94 C:/ST/STM32CubeIDE_1.18.1/STM32CubeIDE/plugins/com.st.stm32cube.ide.mcu.externaltools.gnu-tools-for-stm32.13.3.rel1.win32_1.0.0.202411081344/tools/bin/../lib/gcc/arm-none-eabi/13.3.1/../../../../arm-none-eabi/lib/thumb/v7e-m+fp/hard\libc_nano.a(libc_a-freer.o)
                0x080089bc                _free_r
 .text.sbrk_aligned
                0x08008a50       0x44 C:/ST/STM32CubeIDE_1.18.1/STM32CubeIDE/plugins/com.st.stm32cube.ide.mcu.externaltools.gnu-tools-for-stm32.13.3.rel1.win32_1.0.0.202411081344/tools/bin/../lib/gcc/arm-none-eabi/13.3.1/../../../../arm-none-eabi/lib/thumb/v7e-m+fp/hard\libc_nano.a(libc_a-mallocr.o)
 .text._malloc_r
                0x08008a94      0x100 C:/ST/STM32CubeIDE_1.18.1/STM32CubeIDE/plugins/com.st.stm32cube.ide.mcu.externaltools.gnu-tools-for-stm32.13.3.rel1.win32_1.0.0.202411081344/tools/bin/../lib/gcc/arm-none-eabi/13.3.1/../../../../arm-none-eabi/lib/thumb/v7e-m+fp/hard\libc_nano.a(libc_a-mallocr.o)
                0x08008a94                _malloc_r
 .text.__malloc_lock
                0x08008b94        0xc C:/ST/STM32CubeIDE_1.18.1/STM32CubeIDE/plugins/com.st.stm32cube.ide.mcu.externaltools.gnu-tools-for-stm32.13.3.rel1.win32_1.0.0.202411081344/tools/bin/../lib/gcc/arm-none-eabi/13.3.1/../../../../arm-none-eabi/lib/thumb/v7e-m+fp/hard\libc_nano.a(libc_a-mlock.o)
                0x08008b94                __malloc_lock
 .text.__malloc_unlock
                0x08008ba0        0xc C:/ST/STM32CubeIDE_1.18.1/STM32CubeIDE/plugins/com.st.stm32cube.ide.mcu.externaltools.gnu-tools-for-stm32.13.3.rel1.win32_1.0.0.202411081344/tools/bin/../lib/gcc/arm-none-eabi/13.3.1/../../../../arm-none-eabi/lib/thumb/v7e-m+fp/hard\libc_nano.a(libc_a-mlock.o)
                0x08008ba0                __malloc_unlock
 .text.__ssputs_r
                0x08008bac       0xb6 C:/ST/STM32CubeIDE_1.18.1/STM32CubeIDE/plugins/com.st.stm32cube.ide.mcu.externaltools.gnu-tools-for-stm32.13.3.rel1.win32_1.0.0.202411081344/tools/bin/../lib/gcc/arm-none-eabi/13.3.1/../../../../arm-none-eabi/lib/thumb/v7e-m+fp/hard\libc_nano.a(libc_a-nano-svfprintf.o)
                0x08008bac                __ssputs_r
 *fill*         0x08008c62        0x2 
 .text._svfprintf_r
                0x08008c64      0x1f8 C:/ST/STM32CubeIDE_1.18.1/STM32CubeIDE/plugins/com.st.stm32cube.ide.mcu.externaltools.gnu-tools-for-stm32.13.3.rel1.win32_1.0.0.202411081344/tools/bin/../lib/gcc/arm-none-eabi/13.3.1/../../../../arm-none-eabi/lib/thumb/v7e-m+fp/hard\libc_nano.a(libc_a-nano-svfprintf.o)
                0x08008c64                _svfiprintf_r
                0x08008c64                _svfprintf_r
 .text._printf_common
                0x08008e5c       0xda C:/ST/STM32CubeIDE_1.18.1/STM32CubeIDE/plugins/com.st.stm32cube.ide.mcu.externaltools.gnu-tools-for-stm32.13.3.rel1.win32_1.0.0.202411081344/tools/bin/../lib/gcc/arm-none-eabi/13.3.1/../../../../arm-none-eabi/lib/thumb/v7e-m+fp/hard\libc_nano.a(libc_a-nano-vfprintf_i.o)
                0x08008e5c                _printf_common
 *fill*         0x08008f36        0x2 
 .text._printf_i
                0x08008f38      0x23c C:/ST/STM32CubeIDE_1.18.1/STM32CubeIDE/plugins/com.st.stm32cube.ide.mcu.externaltools.gnu-tools-for-stm32.13.3.rel1.win32_1.0.0.202411081344/tools/bin/../lib/gcc/arm-none-eabi/13.3.1/../../../../arm-none-eabi/lib/thumb/v7e-m+fp/hard\libc_nano.a(libc_a-nano-vfprintf_i.o)
                0x08008f38                _printf_i
 .text.memmove  0x08009174       0x34 C:/ST/STM32CubeIDE_1.18.1/STM32CubeIDE/plugins/com.st.stm32cube.ide.mcu.externaltools.gnu-tools-for-stm32.13.3.rel1.win32_1.0.0.202411081344/tools/bin/../lib/gcc/arm-none-eabi/13.3.1/../../../../arm-none-eabi/lib/thumb/v7e-m+fp/hard\libc_nano.a(libc_a-memmove.o)
                0x08009174                memmove
 .text._sbrk_r  0x080091a8       0x20 C:/ST/STM32CubeIDE_1.18.1/STM32CubeIDE/plugins/com.st.stm32cube.ide.mcu.externaltools.gnu-tools-for-stm32.13.3.rel1.win32_1.0.0.202411081344/tools/bin/../lib/gcc/arm-none-eabi/13.3.1/../../../../arm-none-eabi/lib/thumb/v7e-m+fp/hard\libc_nano.a(libc_a-sbrkr.o)
                0x080091a8                _sbrk_r
 .text._realloc_r
                0x080091c8       0x5c C:/ST/STM32CubeIDE_1.18.1/STM32CubeIDE/plugins/com.st.stm32cube.ide.mcu.externaltools.gnu-tools-for-stm32.13.3.rel1.win32_1.0.0.202411081344/tools/bin/../lib/gcc/arm-none-eabi/13.3.1/../../../../arm-none-eabi/lib/thumb/v7e-m+fp/hard\libc_nano.a(libc_a-reallocr.o)
                0x080091c8                _realloc_r
 .text._malloc_usable_size_r
                0x08009224       0x10 C:/ST/STM32CubeIDE_1.18.1/STM32CubeIDE/plugins/com.st.stm32cube.ide.mcu.externaltools.gnu-tools-for-stm32.13.3.rel1.win32_1.0.0.202411081344/tools/bin/../lib/gcc/arm-none-eabi/13.3.1/../../../../arm-none-eabi/lib/thumb/v7e-m+fp/hard\libc_nano.a(libc_a-msizer.o)
                0x08009224                _malloc_usable_size_r
 *(.glue_7)
 .glue_7        0x08009234        0x0 linker stubs
 *(.glue_7t)
 .glue_7t       0x08009234        0x0 linker stubs
 *(.eh_frame)
 .eh_frame      0x08009234        0x0 C:/ST/STM32CubeIDE_1.18.1/STM32CubeIDE/plugins/com.st.stm32cube.ide.mcu.externaltools.gnu-tools-for-stm32.13.3.rel1.win32_1.0.0.202411081344/tools/bin/../lib/gcc/arm-none-eabi/13.3.1/thumb/v7e-m+fp/hard/crtbegin.o
 *(.init)
 .init          0x08009234        0x4 C:/ST/STM32CubeIDE_1.18.1/STM32CubeIDE/plugins/com.st.stm32cube.ide.mcu.externaltools.gnu-tools-for-stm32.13.3.rel1.win32_1.0.0.202411081344/tools/bin/../lib/gcc/arm-none-eabi/13.3.1/thumb/v7e-m+fp/hard/crti.o
                0x08009234                _init
 .init          0x08009238        0x8 C:/ST/STM32CubeIDE_1.18.1/STM32CubeIDE/plugins/com.st.stm32cube.ide.mcu.externaltools.gnu-tools-for-stm32.13.3.rel1.win32_1.0.0.202411081344/tools/bin/../lib/gcc/arm-none-eabi/13.3.1/thumb/v7e-m+fp/hard/crtn.o
 *(.fini)
 .fini          0x08009240        0x4 C:/ST/STM32CubeIDE_1.18.1/STM32CubeIDE/plugins/com.st.stm32cube.ide.mcu.externaltools.gnu-tools-for-stm32.13.3.rel1.win32_1.0.0.202411081344/tools/bin/../lib/gcc/arm-none-eabi/13.3.1/thumb/v7e-m+fp/hard/crti.o
                0x08009240                _fini
 .fini          0x08009244        0x8 C:/ST/STM32CubeIDE_1.18.1/STM32CubeIDE/plugins/com.st.stm32cube.ide.mcu.externaltools.gnu-tools-for-stm32.13.3.rel1.win32_1.0.0.202411081344/tools/bin/../lib/gcc/arm-none-eabi/13.3.1/thumb/v7e-m+fp/hard/crtn.o
                0x0800924c                        . = ALIGN (0x4)
                0x0800924c                        _etext = .

.vfp11_veneer   0x0800924c        0x0
 .vfp11_veneer  0x0800924c        0x0 linker stubs

.v4_bx          0x0800924c        0x0
 .v4_bx         0x0800924c        0x0 linker stubs

.iplt           0x0800924c        0x0
 .iplt          0x0800924c        0x0 C:/ST/STM32CubeIDE_1.18.1/STM32CubeIDE/plugins/com.st.stm32cube.ide.mcu.externaltools.gnu-tools-for-stm32.13.3.rel1.win32_1.0.0.202411081344/tools/bin/../lib/gcc/arm-none-eabi/13.3.1/thumb/v7e-m+fp/hard/crtbegin.o

.rodata         0x0800924c       0xb8
                0x0800924c                        . = ALIGN (0x4)
 *(.rodata)
 .rodata        0x0800924c       0x6b ./Core/Src/main.o
 *(.rodata*)
 *fill*         0x080092b7        0x1 
 .rodata.AHBPrescTable
                0x080092b8       0x10 ./Core/Src/system_stm32f4xx.o
                0x080092b8                AHBPrescTable
 .rodata.APBPrescTable
                0x080092c8        0x8 ./Core/Src/system_stm32f4xx.o
                0x080092c8                APBPrescTable
 .rodata._svfprintf_r.str1.1
                0x080092d0       0x33 C:/ST/STM32CubeIDE_1.18.1/STM32CubeIDE/plugins/com.st.stm32cube.ide.mcu.externaltools.gnu-tools-for-stm32.13.3.rel1.win32_1.0.0.202411081344/tools/bin/../lib/gcc/arm-none-eabi/13.3.1/../../../../arm-none-eabi/lib/thumb/v7e-m+fp/hard\libc_nano.a(libc_a-nano-svfprintf.o)
                                 0x11 (size before relaxing)
 .rodata._printf_i.str1.1
                0x08009303       0x22 C:/ST/STM32CubeIDE_1.18.1/STM32CubeIDE/plugins/com.st.stm32cube.ide.mcu.externaltools.gnu-tools-for-stm32.13.3.rel1.win32_1.0.0.202411081344/tools/bin/../lib/gcc/arm-none-eabi/13.3.1/../../../../arm-none-eabi/lib/thumb/v7e-m+fp/hard\libc_nano.a(libc_a-nano-vfprintf_i.o)
                0x08009328                        . = ALIGN (0x4)
 *fill*         0x08009303        0x1 

.ARM.extab      0x08009304        0x0
                0x08009304                        . = ALIGN (0x4)
 *(.ARM.extab* .gnu.linkonce.armextab.*)
                0x08009304                        . = ALIGN (0x4)

.ARM            0x08009304        0x8
                0x08009304                        . = ALIGN (0x4)
                0x08009304                        __exidx_start = .
 *(.ARM.exidx*)
 .ARM.exidx     0x08009304        0x8 C:/ST/STM32CubeIDE_1.18.1/STM32CubeIDE/plugins/com.st.stm32cube.ide.mcu.externaltools.gnu-tools-for-stm32.13.3.rel1.win32_1.0.0.202411081344/tools/bin/../lib/gcc/arm-none-eabi/13.3.1/../../../../arm-none-eabi/lib/thumb/v7e-m+fp/hard\libc_nano.a(libc_a-strlen.o)
 .ARM.exidx     0x0800930c        0x0 C:/ST/STM32CubeIDE_1.18.1/STM32CubeIDE/plugins/com.st.stm32cube.ide.mcu.externaltools.gnu-tools-for-stm32.13.3.rel1.win32_1.0.0.202411081344/tools/bin/../lib/gcc/arm-none-eabi/13.3.1/../../../../arm-none-eabi/lib/thumb/v7e-m+fp/hard\libc_nano.a(libc_a-memchr.o)
                                  0x8 (size before relaxing)
 .ARM.exidx     0x0800930c        0x0 C:/ST/STM32CubeIDE_1.18.1/STM32CubeIDE/plugins/com.st.stm32cube.ide.mcu.externaltools.gnu-tools-for-stm32.13.3.rel1.win32_1.0.0.202411081344/tools/bin/../lib/gcc/arm-none-eabi/13.3.1/thumb/v7e-m+fp/hard\libgcc.a(_udivmoddi4.o)
                                  0x8 (size before relaxing)
                0x0800930c                        __exidx_end = .
                0x0800930c                        . = ALIGN (0x4)

.preinit_array  0x0800930c        0x0
                0x0800930c                        . = ALIGN (0x4)
                0x0800930c                        PROVIDE (__preinit_array_start = .)
 *(.preinit_array*)
                0x0800930c                        PROVIDE (__preinit_array_end = .)
                0x0800930c                        . = ALIGN (0x4)

.init_array     0x0800930c        0x4
                0x0800930c                        . = ALIGN (0x4)
                0x0800930c                        PROVIDE (__init_array_start = .)
 *(SORT_BY_NAME(.init_array.*))
 *(.init_array*)
 .init_array    0x0800930c        0x4 C:/ST/STM32CubeIDE_1.18.1/STM32CubeIDE/plugins/com.st.stm32cube.ide.mcu.externaltools.gnu-tools-for-stm32.13.3.rel1.win32_1.0.0.202411081344/tools/bin/../lib/gcc/arm-none-eabi/13.3.1/thumb/v7e-m+fp/hard/crtbegin.o
                0x08009310                        PROVIDE (__init_array_end = .)
                0x08009310                        . = ALIGN (0x4)

.fini_array     0x08009310        0x4
                0x08009310                        . = ALIGN (0x4)
                [!provide]                        PROVIDE (__fini_array_start = .)
 *(SORT_BY_NAME(.fini_array.*))
 *(.fini_array*)
 .fini_array    0x08009310        0x4 C:/ST/STM32CubeIDE_1.18.1/STM32CubeIDE/plugins/com.st.stm32cube.ide.mcu.externaltools.gnu-tools-for-stm32.13.3.rel1.win32_1.0.0.202411081344/tools/bin/../lib/gcc/arm-none-eabi/13.3.1/thumb/v7e-m+fp/hard/crtbegin.o
                [!provide]                        PROVIDE (__fini_array_end = .)
                0x08009314                        . = ALIGN (0x4)
                0x08009314                        _sidata = LOADADDR (.data)

.rel.dyn        0x08009314        0x0
 .rel.iplt      0x08009314        0x0 C:/ST/STM32CubeIDE_1.18.1/STM32CubeIDE/plugins/com.st.stm32cube.ide.mcu.externaltools.gnu-tools-for-stm32.13.3.rel1.win32_1.0.0.202411081344/tools/bin/../lib/gcc/arm-none-eabi/13.3.1/thumb/v7e-m+fp/hard/crtbegin.o

.data           0x20000000      0x320 load address 0x08009314
                0x20000000                        . = ALIGN (0x4)
                0x20000000                        _sdata = .
 *(.data)
 *(.data*)
 .data.Dev      0x20000000        0x4 ./Core/Src/main.o
                0x20000000                Dev
 .data.flag_measure
                0x20000004        0x1 ./Core/Src/main.o
                0x20000004                flag_measure
 *fill*         0x20000005        0x3 
 .data.SystemCoreClock
                0x20000008        0x4 ./Core/Src/system_stm32f4xx.o
                0x20000008                SystemCoreClock
 .data.uwTickPrio
                0x2000000c        0x4 ./Drivers/STM32F4xx_HAL_Driver/Src/stm32f4xx_hal.o
                0x2000000c                uwTickPrio
 .data.uwTickFreq
                0x20000010        0x1 ./Drivers/STM32F4xx_HAL_Driver/Src/stm32f4xx_hal.o
                0x20000010                uwTickFreq
 *fill*         0x20000011        0x3 
 .data.DefaultTuningSettings
                0x20000014       0xf3 ./Drivers/VL53L0X/core/src/vl53l0x_api.o
                0x20000014                DefaultTuningSettings
 *fill*         0x20000107        0x1 
 .data.InterruptThresholdSettings
                0x20000108      0x1b6 ./Drivers/VL53L0X/core/src/vl53l0x_api.o
                0x20000108                InterruptThresholdSettings
 *fill*         0x200002be        0x2 
 .data.refArrayQuadrants
                0x200002c0       0x10 ./Drivers/VL53L0X/core/src/vl53l0x_api_calibration.o
                0x200002c0                refArrayQuadrants
 .data._impure_ptr
                0x200002d0        0x4 C:/ST/STM32CubeIDE_1.18.1/STM32CubeIDE/plugins/com.st.stm32cube.ide.mcu.externaltools.gnu-tools-for-stm32.13.3.rel1.win32_1.0.0.202411081344/tools/bin/../lib/gcc/arm-none-eabi/13.3.1/../../../../arm-none-eabi/lib/thumb/v7e-m+fp/hard\libc_nano.a(libc_a-impure.o)
                0x200002d0                _impure_ptr
 .data._impure_data
                0x200002d4       0x4c C:/ST/STM32CubeIDE_1.18.1/STM32CubeIDE/plugins/com.st.stm32cube.ide.mcu.externaltools.gnu-tools-for-stm32.13.3.rel1.win32_1.0.0.202411081344/tools/bin/../lib/gcc/arm-none-eabi/13.3.1/../../../../arm-none-eabi/lib/thumb/v7e-m+fp/hard\libc_nano.a(libc_a-impure.o)
                0x200002d4                _impure_data
 *(.RamFunc)
 *(.RamFunc*)
                0x20000320                        . = ALIGN (0x4)
                0x20000320                        _edata = .

.igot.plt       0x20000320        0x0 load address 0x08009634
 .igot.plt      0x20000320        0x0 C:/ST/STM32CubeIDE_1.18.1/STM32CubeIDE/plugins/com.st.stm32cube.ide.mcu.externaltools.gnu-tools-for-stm32.13.3.rel1.win32_1.0.0.202411081344/tools/bin/../lib/gcc/arm-none-eabi/13.3.1/thumb/v7e-m+fp/hard/crtbegin.o
                0x20000320                        . = ALIGN (0x4)

.bss            0x20000320      0x45c load address 0x08009634
                0x20000320                        _sbss = .
                0x20000320                        __bss_start__ = _sbss
 *(.bss)
 .bss           0x20000320       0x1c C:/ST/STM32CubeIDE_1.18.1/STM32CubeIDE/plugins/com.st.stm32cube.ide.mcu.externaltools.gnu-tools-for-stm32.13.3.rel1.win32_1.0.0.202411081344/tools/bin/../lib/gcc/arm-none-eabi/13.3.1/thumb/v7e-m+fp/hard/crtbegin.o
 *(.bss*)
 .bss.hi2c1     0x2000033c       0x54 ./Core/Src/main.o
                0x2000033c                hi2c1
 .bss.huart2    0x20000390       0x48 ./Core/Src/main.o
                0x20000390                huart2
 .bss.RangingData
                0x200003d8       0x1c ./Core/Src/main.o
                0x200003d8                RangingData
 .bss.vl53l0x_c
                0x200003f4      0x190 ./Core/Src/main.o
                0x200003f4                vl53l0x_c
 .bss.uart_tx_buffer
                0x20000584       0x64 ./Core/Src/main.o
                0x20000584                uart_tx_buffer
 .bss.uart_rx_buffer
                0x200005e8        0x1 ./Core/Src/main.o
                0x200005e8                uart_rx_buffer
 *fill*         0x200005e9        0x3 
 .bss.__sbrk_heap_end
                0x200005ec        0x4 ./Core/Src/sysmem.o
 .bss.uwTick    0x200005f0        0x4 ./Drivers/STM32F4xx_HAL_Driver/Src/stm32f4xx_hal.o
                0x200005f0                uwTick
 .bss._I2CBuffer
                0x200005f4       0x40 ./Drivers/VL53L0X/platform/src/vl53l0x_platform.o
                0x200005f4                _I2CBuffer
 .bss.__sf      0x20000634      0x138 C:/ST/STM32CubeIDE_1.18.1/STM32CubeIDE/plugins/com.st.stm32cube.ide.mcu.externaltools.gnu-tools-for-stm32.13.3.rel1.win32_1.0.0.202411081344/tools/bin/../lib/gcc/arm-none-eabi/13.3.1/../../../../arm-none-eabi/lib/thumb/v7e-m+fp/hard\libc_nano.a(libc_a-findfp.o)
                0x20000634                __sf
 .bss.errno     0x2000076c        0x4 C:/ST/STM32CubeIDE_1.18.1/STM32CubeIDE/plugins/com.st.stm32cube.ide.mcu.externaltools.gnu-tools-for-stm32.13.3.rel1.win32_1.0.0.202411081344/tools/bin/../lib/gcc/arm-none-eabi/13.3.1/../../../../arm-none-eabi/lib/thumb/v7e-m+fp/hard\libc_nano.a(libc_a-reent.o)
                0x2000076c                errno
 .bss.__lock___malloc_recursive_mutex
                0x20000770        0x1 C:/ST/STM32CubeIDE_1.18.1/STM32CubeIDE/plugins/com.st.stm32cube.ide.mcu.externaltools.gnu-tools-for-stm32.13.3.rel1.win32_1.0.0.202411081344/tools/bin/../lib/gcc/arm-none-eabi/13.3.1/../../../../arm-none-eabi/lib/thumb/v7e-m+fp/hard\libc_nano.a(libc_a-lock.o)
                0x20000770                __lock___malloc_recursive_mutex
 *fill*         0x20000771        0x3 
 .bss.__malloc_sbrk_start
                0x20000774        0x4 C:/ST/STM32CubeIDE_1.18.1/STM32CubeIDE/plugins/com.st.stm32cube.ide.mcu.externaltools.gnu-tools-for-stm32.13.3.rel1.win32_1.0.0.202411081344/tools/bin/../lib/gcc/arm-none-eabi/13.3.1/../../../../arm-none-eabi/lib/thumb/v7e-m+fp/hard\libc_nano.a(libc_a-mallocr.o)
                0x20000774                __malloc_sbrk_start
 .bss.__malloc_free_list
                0x20000778        0x4 C:/ST/STM32CubeIDE_1.18.1/STM32CubeIDE/plugins/com.st.stm32cube.ide.mcu.externaltools.gnu-tools-for-stm32.13.3.rel1.win32_1.0.0.202411081344/tools/bin/../lib/gcc/arm-none-eabi/13.3.1/../../../../arm-none-eabi/lib/thumb/v7e-m+fp/hard\libc_nano.a(libc_a-mallocr.o)
                0x20000778                __malloc_free_list
 *(COMMON)
                0x2000077c                        . = ALIGN (0x4)
                0x2000077c                        _ebss = .
                0x2000077c                        __bss_end__ = _ebss

._user_heap_stack
                0x2000077c      0x604 load address 0x08009634
                0x20000780                        . = ALIGN (0x8)
 *fill*         0x2000077c        0x4 
                [!provide]                        PROVIDE (end = .)
                0x20000780                        PROVIDE (_end = .)
                0x20000980                        . = (. + _Min_Heap_Size)
 *fill*         0x20000780      0x200 
                0x20000d80                        . = (. + _Min_Stack_Size)
 *fill*         0x20000980      0x400 
                0x20000d80                        . = ALIGN (0x8)

/DISCARD/
 libc.a(*)
 libm.a(*)
 libgcc.a(*)

.ARM.attributes
                0x00000000       0x30
 *(.ARM.attributes)
 .ARM.attributes
                0x00000000       0x22 C:/ST/STM32CubeIDE_1.18.1/STM32CubeIDE/plugins/com.st.stm32cube.ide.mcu.externaltools.gnu-tools-for-stm32.13.3.rel1.win32_1.0.0.202411081344/tools/bin/../lib/gcc/arm-none-eabi/13.3.1/thumb/v7e-m+fp/hard/crti.o
 .ARM.attributes
                0x00000022       0x34 C:/ST/STM32CubeIDE_1.18.1/STM32CubeIDE/plugins/com.st.stm32cube.ide.mcu.externaltools.gnu-tools-for-stm32.13.3.rel1.win32_1.0.0.202411081344/tools/bin/../lib/gcc/arm-none-eabi/13.3.1/thumb/v7e-m+fp/hard/crtbegin.o
 .ARM.attributes
                0x00000056       0x34 ./Core/Src/main.o
 .ARM.attributes
                0x0000008a       0x34 ./Core/Src/stm32f4xx_hal_msp.o
 .ARM.attributes
                0x000000be       0x34 ./Core/Src/stm32f4xx_it.o
 .ARM.attributes
                0x000000f2       0x34 ./Core/Src/sysmem.o
 .ARM.attributes
                0x00000126       0x34 ./Core/Src/system_stm32f4xx.o
 .ARM.attributes
                0x0000015a       0x21 ./Core/Startup/startup_stm32f401retx.o
 .ARM.attributes
                0x0000017b       0x34 ./Drivers/STM32F4xx_HAL_Driver/Src/stm32f4xx_hal.o
 .ARM.attributes
                0x000001af       0x34 ./Drivers/STM32F4xx_HAL_Driver/Src/stm32f4xx_hal_cortex.o
 .ARM.attributes
                0x000001e3       0x34 ./Drivers/STM32F4xx_HAL_Driver/Src/stm32f4xx_hal_dma.o
 .ARM.attributes
                0x00000217       0x34 ./Drivers/STM32F4xx_HAL_Driver/Src/stm32f4xx_hal_gpio.o
 .ARM.attributes
                0x0000024b       0x34 ./Drivers/STM32F4xx_HAL_Driver/Src/stm32f4xx_hal_i2c.o
 .ARM.attributes
                0x0000027f       0x34 ./Drivers/STM32F4xx_HAL_Driver/Src/stm32f4xx_hal_rcc.o
 .ARM.attributes
                0x000002b3       0x34 ./Drivers/STM32F4xx_HAL_Driver/Src/stm32f4xx_hal_uart.o
 .ARM.attributes
                0x000002e7       0x34 ./Drivers/VL53L0X/core/src/vl53l0x_api.o
 .ARM.attributes
                0x0000031b       0x34 ./Drivers/VL53L0X/core/src/vl53l0x_api_calibration.o
 .ARM.attributes
                0x0000034f       0x34 ./Drivers/VL53L0X/core/src/vl53l0x_api_core.o
 .ARM.attributes
                0x00000383       0x34 ./Drivers/VL53L0X/platform/src/vl53l0x_platform.o
 .ARM.attributes
                0x000003b7       0x34 C:/ST/STM32CubeIDE_1.18.1/STM32CubeIDE/plugins/com.st.stm32cube.ide.mcu.externaltools.gnu-tools-for-stm32.13.3.rel1.win32_1.0.0.202411081344/tools/bin/../lib/gcc/arm-none-eabi/13.3.1/../../../../arm-none-eabi/lib/thumb/v7e-m+fp/hard\libc_nano.a(libc_a-findfp.o)
 .ARM.attributes
                0x000003eb       0x34 C:/ST/STM32CubeIDE_1.18.1/STM32CubeIDE/plugins/com.st.stm32cube.ide.mcu.externaltools.gnu-tools-for-stm32.13.3.rel1.win32_1.0.0.202411081344/tools/bin/../lib/gcc/arm-none-eabi/13.3.1/../../../../arm-none-eabi/lib/thumb/v7e-m+fp/hard\libc_nano.a(libc_a-sprintf.o)
 .ARM.attributes
                0x0000041f       0x34 C:/ST/STM32CubeIDE_1.18.1/STM32CubeIDE/plugins/com.st.stm32cube.ide.mcu.externaltools.gnu-tools-for-stm32.13.3.rel1.win32_1.0.0.202411081344/tools/bin/../lib/gcc/arm-none-eabi/13.3.1/../../../../arm-none-eabi/lib/thumb/v7e-m+fp/hard\libc_nano.a(libc_a-memset.o)
 .ARM.attributes
                0x00000453       0x34 C:/ST/STM32CubeIDE_1.18.1/STM32CubeIDE/plugins/com.st.stm32cube.ide.mcu.externaltools.gnu-tools-for-stm32.13.3.rel1.win32_1.0.0.202411081344/tools/bin/../lib/gcc/arm-none-eabi/13.3.1/../../../../arm-none-eabi/lib/thumb/v7e-m+fp/hard\libc_nano.a(libc_a-reent.o)
 .ARM.attributes
                0x00000487       0x34 C:/ST/STM32CubeIDE_1.18.1/STM32CubeIDE/plugins/com.st.stm32cube.ide.mcu.externaltools.gnu-tools-for-stm32.13.3.rel1.win32_1.0.0.202411081344/tools/bin/../lib/gcc/arm-none-eabi/13.3.1/../../../../arm-none-eabi/lib/thumb/v7e-m+fp/hard\libc_nano.a(libc_a-impure.o)
 .ARM.attributes
                0x000004bb       0x34 C:/ST/STM32CubeIDE_1.18.1/STM32CubeIDE/plugins/com.st.stm32cube.ide.mcu.externaltools.gnu-tools-for-stm32.13.3.rel1.win32_1.0.0.202411081344/tools/bin/../lib/gcc/arm-none-eabi/13.3.1/../../../../arm-none-eabi/lib/thumb/v7e-m+fp/hard\libc_nano.a(libc_a-errno.o)
 .ARM.attributes
                0x000004ef       0x34 C:/ST/STM32CubeIDE_1.18.1/STM32CubeIDE/plugins/com.st.stm32cube.ide.mcu.externaltools.gnu-tools-for-stm32.13.3.rel1.win32_1.0.0.202411081344/tools/bin/../lib/gcc/arm-none-eabi/13.3.1/../../../../arm-none-eabi/lib/thumb/v7e-m+fp/hard\libc_nano.a(libc_a-init.o)
 .ARM.attributes
                0x00000523       0x34 C:/ST/STM32CubeIDE_1.18.1/STM32CubeIDE/plugins/com.st.stm32cube.ide.mcu.externaltools.gnu-tools-for-stm32.13.3.rel1.win32_1.0.0.202411081344/tools/bin/../lib/gcc/arm-none-eabi/13.3.1/../../../../arm-none-eabi/lib/thumb/v7e-m+fp/hard\libc_nano.a(libc_a-lock.o)
 .ARM.attributes
                0x00000557       0x34 C:/ST/STM32CubeIDE_1.18.1/STM32CubeIDE/plugins/com.st.stm32cube.ide.mcu.externaltools.gnu-tools-for-stm32.13.3.rel1.win32_1.0.0.202411081344/tools/bin/../lib/gcc/arm-none-eabi/13.3.1/../../../../arm-none-eabi/lib/thumb/v7e-m+fp/hard\libc_nano.a(libc_a-strcpy.o)
 .ARM.attributes
                0x0000058b       0x34 C:/ST/STM32CubeIDE_1.18.1/STM32CubeIDE/plugins/com.st.stm32cube.ide.mcu.externaltools.gnu-tools-for-stm32.13.3.rel1.win32_1.0.0.202411081344/tools/bin/../lib/gcc/arm-none-eabi/13.3.1/../../../../arm-none-eabi/lib/thumb/v7e-m+fp/hard\libc_nano.a(libc_a-memcpy-stub.o)
 .ARM.attributes
                0x000005bf       0x17 C:/ST/STM32CubeIDE_1.18.1/STM32CubeIDE/plugins/com.st.stm32cube.ide.mcu.externaltools.gnu-tools-for-stm32.13.3.rel1.win32_1.0.0.202411081344/tools/bin/../lib/gcc/arm-none-eabi/13.3.1/../../../../arm-none-eabi/lib/thumb/v7e-m+fp/hard\libc_nano.a(libc_a-strlen.o)
 .ARM.attributes
                0x000005d6       0x34 C:/ST/STM32CubeIDE_1.18.1/STM32CubeIDE/plugins/com.st.stm32cube.ide.mcu.externaltools.gnu-tools-for-stm32.13.3.rel1.win32_1.0.0.202411081344/tools/bin/../lib/gcc/arm-none-eabi/13.3.1/../../../../arm-none-eabi/lib/thumb/v7e-m+fp/hard\libc_nano.a(libc_a-freer.o)
 .ARM.attributes
                0x0000060a       0x34 C:/ST/STM32CubeIDE_1.18.1/STM32CubeIDE/plugins/com.st.stm32cube.ide.mcu.externaltools.gnu-tools-for-stm32.13.3.rel1.win32_1.0.0.202411081344/tools/bin/../lib/gcc/arm-none-eabi/13.3.1/../../../../arm-none-eabi/lib/thumb/v7e-m+fp/hard\libc_nano.a(libc_a-mallocr.o)
 .ARM.attributes
                0x0000063e       0x34 C:/ST/STM32CubeIDE_1.18.1/STM32CubeIDE/plugins/com.st.stm32cube.ide.mcu.externaltools.gnu-tools-for-stm32.13.3.rel1.win32_1.0.0.202411081344/tools/bin/../lib/gcc/arm-none-eabi/13.3.1/../../../../arm-none-eabi/lib/thumb/v7e-m+fp/hard\libc_nano.a(libc_a-mlock.o)
 .ARM.attributes
                0x00000672       0x34 C:/ST/STM32CubeIDE_1.18.1/STM32CubeIDE/plugins/com.st.stm32cube.ide.mcu.externaltools.gnu-tools-for-stm32.13.3.rel1.win32_1.0.0.202411081344/tools/bin/../lib/gcc/arm-none-eabi/13.3.1/../../../../arm-none-eabi/lib/thumb/v7e-m+fp/hard\libc_nano.a(libc_a-nano-svfprintf.o)
 .ARM.attributes
                0x000006a6       0x34 C:/ST/STM32CubeIDE_1.18.1/STM32CubeIDE/plugins/com.st.stm32cube.ide.mcu.externaltools.gnu-tools-for-stm32.13.3.rel1.win32_1.0.0.202411081344/tools/bin/../lib/gcc/arm-none-eabi/13.3.1/../../../../arm-none-eabi/lib/thumb/v7e-m+fp/hard\libc_nano.a(libc_a-nano-vfprintf_i.o)
 .ARM.attributes
                0x000006da       0x34 C:/ST/STM32CubeIDE_1.18.1/STM32CubeIDE/plugins/com.st.stm32cube.ide.mcu.externaltools.gnu-tools-for-stm32.13.3.rel1.win32_1.0.0.202411081344/tools/bin/../lib/gcc/arm-none-eabi/13.3.1/../../../../arm-none-eabi/lib/thumb/v7e-m+fp/hard\libc_nano.a(libc_a-memmove.o)
 .ARM.attributes
                0x0000070e       0x34 C:/ST/STM32CubeIDE_1.18.1/STM32CubeIDE/plugins/com.st.stm32cube.ide.mcu.externaltools.gnu-tools-for-stm32.13.3.rel1.win32_1.0.0.202411081344/tools/bin/../lib/gcc/arm-none-eabi/13.3.1/../../../../arm-none-eabi/lib/thumb/v7e-m+fp/hard\libc_nano.a(libc_a-sbrkr.o)
 .ARM.attributes
                0x00000742       0x1c C:/ST/STM32CubeIDE_1.18.1/STM32CubeIDE/plugins/com.st.stm32cube.ide.mcu.externaltools.gnu-tools-for-stm32.13.3.rel1.win32_1.0.0.202411081344/tools/bin/../lib/gcc/arm-none-eabi/13.3.1/../../../../arm-none-eabi/lib/thumb/v7e-m+fp/hard\libc_nano.a(libc_a-memchr.o)
 .ARM.attributes
                0x0000075e       0x34 C:/ST/STM32CubeIDE_1.18.1/STM32CubeIDE/plugins/com.st.stm32cube.ide.mcu.externaltools.gnu-tools-for-stm32.13.3.rel1.win32_1.0.0.202411081344/tools/bin/../lib/gcc/arm-none-eabi/13.3.1/../../../../arm-none-eabi/lib/thumb/v7e-m+fp/hard\libc_nano.a(libc_a-reallocr.o)
 .ARM.attributes
                0x00000792       0x34 C:/ST/STM32CubeIDE_1.18.1/STM32CubeIDE/plugins/com.st.stm32cube.ide.mcu.externaltools.gnu-tools-for-stm32.13.3.rel1.win32_1.0.0.202411081344/tools/bin/../lib/gcc/arm-none-eabi/13.3.1/../../../../arm-none-eabi/lib/thumb/v7e-m+fp/hard\libc_nano.a(libc_a-msizer.o)
 .ARM.attributes
                0x000007c6       0x22 C:/ST/STM32CubeIDE_1.18.1/STM32CubeIDE/plugins/com.st.stm32cube.ide.mcu.externaltools.gnu-tools-for-stm32.13.3.rel1.win32_1.0.0.202411081344/tools/bin/../lib/gcc/arm-none-eabi/13.3.1/thumb/v7e-m+fp/hard\libgcc.a(_aeabi_uldivmod.o)
 .ARM.attributes
                0x000007e8       0x34 C:/ST/STM32CubeIDE_1.18.1/STM32CubeIDE/plugins/com.st.stm32cube.ide.mcu.externaltools.gnu-tools-for-stm32.13.3.rel1.win32_1.0.0.202411081344/tools/bin/../lib/gcc/arm-none-eabi/13.3.1/thumb/v7e-m+fp/hard\libgcc.a(_udivmoddi4.o)
 .ARM.attributes
                0x0000081c       0x22 C:/ST/STM32CubeIDE_1.18.1/STM32CubeIDE/plugins/com.st.stm32cube.ide.mcu.externaltools.gnu-tools-for-stm32.13.3.rel1.win32_1.0.0.202411081344/tools/bin/../lib/gcc/arm-none-eabi/13.3.1/thumb/v7e-m+fp/hard\libgcc.a(_dvmd_tls.o)
 .ARM.attributes
                0x0000083e       0x22 C:/ST/STM32CubeIDE_1.18.1/STM32CubeIDE/plugins/com.st.stm32cube.ide.mcu.externaltools.gnu-tools-for-stm32.13.3.rel1.win32_1.0.0.202411081344/tools/bin/../lib/gcc/arm-none-eabi/13.3.1/thumb/v7e-m+fp/hard/crtn.o
OUTPUT(Lidar.elf elf32-littlearm)
LOAD linker stubs
LOAD C:/ST/STM32CubeIDE_1.18.1/STM32CubeIDE/plugins/com.st.stm32cube.ide.mcu.externaltools.gnu-tools-for-stm32.13.3.rel1.win32_1.0.0.202411081344/tools/bin/../lib/gcc/arm-none-eabi/13.3.1/../../../../arm-none-eabi/lib/thumb/v7e-m+fp/hard\libc.a
LOAD C:/ST/STM32CubeIDE_1.18.1/STM32CubeIDE/plugins/com.st.stm32cube.ide.mcu.externaltools.gnu-tools-for-stm32.13.3.rel1.win32_1.0.0.202411081344/tools/bin/../lib/gcc/arm-none-eabi/13.3.1/../../../../arm-none-eabi/lib/thumb/v7e-m+fp/hard\libm.a
LOAD C:/ST/STM32CubeIDE_1.18.1/STM32CubeIDE/plugins/com.st.stm32cube.ide.mcu.externaltools.gnu-tools-for-stm32.13.3.rel1.win32_1.0.0.202411081344/tools/bin/../lib/gcc/arm-none-eabi/13.3.1/thumb/v7e-m+fp/hard\libgcc.a

.debug_info     0x00000000    0x13c94
 .debug_info    0x00000000     0x18ea ./Core/Src/main.o
 .debug_info    0x000018ea      0xe15 ./Core/Src/stm32f4xx_hal_msp.o
 .debug_info    0x000026ff      0x640 ./Core/Src/stm32f4xx_it.o
 .debug_info    0x00002d3f      0x168 ./Core/Src/sysmem.o
 .debug_info    0x00002ea7      0x53e ./Core/Src/system_stm32f4xx.o
 .debug_info    0x000033e5       0x30 ./Core/Startup/startup_stm32f401retx.o
 .debug_info    0x00003415      0x8bb ./Drivers/STM32F4xx_HAL_Driver/Src/stm32f4xx_hal.o
 .debug_info    0x00003cd0      0xcf6 ./Drivers/STM32F4xx_HAL_Driver/Src/stm32f4xx_hal_cortex.o
 .debug_info    0x000049c6      0x8e6 ./Drivers/STM32F4xx_HAL_Driver/Src/stm32f4xx_hal_dma.o
 .debug_info    0x000052ac      0x6f9 ./Drivers/STM32F4xx_HAL_Driver/Src/stm32f4xx_hal_gpio.o
 .debug_info    0x000059a5     0x2426 ./Drivers/STM32F4xx_HAL_Driver/Src/stm32f4xx_hal_i2c.o
 .debug_info    0x00007dcb      0x905 ./Drivers/STM32F4xx_HAL_Driver/Src/stm32f4xx_hal_rcc.o
 .debug_info    0x000086d0     0x2f56 ./Drivers/STM32F4xx_HAL_Driver/Src/stm32f4xx_hal_uart.o
 .debug_info    0x0000b626     0x3554 ./Drivers/VL53L0X/core/src/vl53l0x_api.o
 .debug_info    0x0000eb7a     0x1d21 ./Drivers/VL53L0X/core/src/vl53l0x_api_calibration.o
 .debug_info    0x0001089b     0x21d7 ./Drivers/VL53L0X/core/src/vl53l0x_api_core.o
 .debug_info    0x00012a72     0x1222 ./Drivers/VL53L0X/platform/src/vl53l0x_platform.o

.debug_abbrev   0x00000000     0x24ca
 .debug_abbrev  0x00000000      0x311 ./Core/Src/main.o
 .debug_abbrev  0x00000311      0x1cb ./Core/Src/stm32f4xx_hal_msp.o
 .debug_abbrev  0x000004dc      0x182 ./Core/Src/stm32f4xx_it.o
 .debug_abbrev  0x0000065e       0xbc ./Core/Src/sysmem.o
 .debug_abbrev  0x0000071a      0x11a ./Core/Src/system_stm32f4xx.o
 .debug_abbrev  0x00000834       0x24 ./Core/Startup/startup_stm32f401retx.o
 .debug_abbrev  0x00000858      0x24b ./Drivers/STM32F4xx_HAL_Driver/Src/stm32f4xx_hal.o
 .debug_abbrev  0x00000aa3      0x31d ./Drivers/STM32F4xx_HAL_Driver/Src/stm32f4xx_hal_cortex.o
 .debug_abbrev  0x00000dc0      0x221 ./Drivers/STM32F4xx_HAL_Driver/Src/stm32f4xx_hal_dma.o
 .debug_abbrev  0x00000fe1      0x1d3 ./Drivers/STM32F4xx_HAL_Driver/Src/stm32f4xx_hal_gpio.o
 .debug_abbrev  0x000011b4      0x2bc ./Drivers/STM32F4xx_HAL_Driver/Src/stm32f4xx_hal_i2c.o
 .debug_abbrev  0x00001470      0x2b6 ./Drivers/STM32F4xx_HAL_Driver/Src/stm32f4xx_hal_rcc.o
 .debug_abbrev  0x00001726      0x31b ./Drivers/STM32F4xx_HAL_Driver/Src/stm32f4xx_hal_uart.o
 .debug_abbrev  0x00001a41      0x2c1 ./Drivers/VL53L0X/core/src/vl53l0x_api.o
 .debug_abbrev  0x00001d02      0x2b2 ./Drivers/VL53L0X/core/src/vl53l0x_api_calibration.o
 .debug_abbrev  0x00001fb4      0x2ca ./Drivers/VL53L0X/core/src/vl53l0x_api_core.o
 .debug_abbrev  0x0000227e      0x24c ./Drivers/VL53L0X/platform/src/vl53l0x_platform.o

.debug_aranges  0x00000000      0xf10
 .debug_aranges
                0x00000000       0x60 ./Core/Src/main.o
 .debug_aranges
                0x00000060       0x40 ./Core/Src/stm32f4xx_hal_msp.o
 .debug_aranges
                0x000000a0       0x68 ./Core/Src/stm32f4xx_it.o
 .debug_aranges
                0x00000108       0x20 ./Core/Src/sysmem.o
 .debug_aranges
                0x00000128       0x28 ./Core/Src/system_stm32f4xx.o
 .debug_aranges
                0x00000150       0x28 ./Core/Startup/startup_stm32f401retx.o
 .debug_aranges
                0x00000178       0xf0 ./Drivers/STM32F4xx_HAL_Driver/Src/stm32f4xx_hal.o
 .debug_aranges
                0x00000268      0x130 ./Drivers/STM32F4xx_HAL_Driver/Src/stm32f4xx_hal_cortex.o
 .debug_aranges
                0x00000398       0x90 ./Drivers/STM32F4xx_HAL_Driver/Src/stm32f4xx_hal_dma.o
 .debug_aranges
                0x00000428       0x58 ./Drivers/STM32F4xx_HAL_Driver/Src/stm32f4xx_hal_gpio.o
 .debug_aranges
                0x00000480      0x2a8 ./Drivers/STM32F4xx_HAL_Driver/Src/stm32f4xx_hal_i2c.o
 .debug_aranges
                0x00000728       0x88 ./Drivers/STM32F4xx_HAL_Driver/Src/stm32f4xx_hal_rcc.o
 .debug_aranges
                0x000007b0      0x208 ./Drivers/STM32F4xx_HAL_Driver/Src/stm32f4xx_hal_uart.o
 .debug_aranges
                0x000009b8      0x330 ./Drivers/VL53L0X/core/src/vl53l0x_api.o
 .debug_aranges
                0x00000ce8       0xd0 ./Drivers/VL53L0X/core/src/vl53l0x_api_calibration.o
 .debug_aranges
                0x00000db8       0xe0 ./Drivers/VL53L0X/core/src/vl53l0x_api_core.o
 .debug_aranges
                0x00000e98       0x78 ./Drivers/VL53L0X/platform/src/vl53l0x_platform.o

.debug_rnglists
                0x00000000      0xbbc
 .debug_rnglists
                0x00000000       0x47 ./Core/Src/main.o
 .debug_rnglists
                0x00000047       0x2d ./Core/Src/stm32f4xx_hal_msp.o
 .debug_rnglists
                0x00000074       0x49 ./Core/Src/stm32f4xx_it.o
 .debug_rnglists
                0x000000bd       0x13 ./Core/Src/sysmem.o
 .debug_rnglists
                0x000000d0       0x1a ./Core/Src/system_stm32f4xx.o
 .debug_rnglists
                0x000000ea       0x19 ./Core/Startup/startup_stm32f401retx.o
 .debug_rnglists
                0x00000103       0xaf ./Drivers/STM32F4xx_HAL_Driver/Src/stm32f4xx_hal.o
 .debug_rnglists
                0x000001b2       0xe0 ./Drivers/STM32F4xx_HAL_Driver/Src/stm32f4xx_hal_cortex.o
 .debug_rnglists
                0x00000292       0x70 ./Drivers/STM32F4xx_HAL_Driver/Src/stm32f4xx_hal_dma.o
 .debug_rnglists
                0x00000302       0x3f ./Drivers/STM32F4xx_HAL_Driver/Src/stm32f4xx_hal_gpio.o
 .debug_rnglists
                0x00000341      0x23c ./Drivers/STM32F4xx_HAL_Driver/Src/stm32f4xx_hal_i2c.o
 .debug_rnglists
                0x0000057d       0x66 ./Drivers/STM32F4xx_HAL_Driver/Src/stm32f4xx_hal_rcc.o
 .debug_rnglists
                0x000005e3      0x1bc ./Drivers/STM32F4xx_HAL_Driver/Src/stm32f4xx_hal_uart.o
 .debug_rnglists
                0x0000079f      0x276 ./Drivers/VL53L0X/core/src/vl53l0x_api.o
 .debug_rnglists
                0x00000a15       0xa4 ./Drivers/VL53L0X/core/src/vl53l0x_api_calibration.o
 .debug_rnglists
                0x00000ab9       0xae ./Drivers/VL53L0X/core/src/vl53l0x_api_core.o
 .debug_rnglists
                0x00000b67       0x55 ./Drivers/VL53L0X/platform/src/vl53l0x_platform.o

.debug_macro    0x00000000    0x17322
 .debug_macro   0x00000000      0x356 ./Core/Src/main.o
 .debug_macro   0x00000356      0xad8 ./Core/Src/main.o
 .debug_macro   0x00000e2e      0x29b ./Core/Src/main.o
 .debug_macro   0x000010c9       0x2e ./Core/Src/main.o
 .debug_macro   0x000010f7       0x28 ./Core/Src/main.o
 .debug_macro   0x0000111f       0x22 ./Core/Src/main.o
 .debug_macro   0x00001141       0x8e ./Core/Src/main.o
 .debug_macro   0x000011cf       0x51 ./Core/Src/main.o
 .debug_macro   0x00001220      0x103 ./Core/Src/main.o
 .debug_macro   0x00001323       0x6a ./Core/Src/main.o
 .debug_macro   0x0000138d      0x1df ./Core/Src/main.o
 .debug_macro   0x0000156c       0x1c ./Core/Src/main.o
 .debug_macro   0x00001588       0x22 ./Core/Src/main.o
 .debug_macro   0x000015aa       0xfb ./Core/Src/main.o
 .debug_macro   0x000016a5     0x1011 ./Core/Src/main.o
 .debug_macro   0x000026b6      0x11f ./Core/Src/main.o
 .debug_macro   0x000027d5     0xb881 ./Core/Src/main.o
 .debug_macro   0x0000e056       0x6d ./Core/Src/main.o
 .debug_macro   0x0000e0c3     0x3693 ./Core/Src/main.o
 .debug_macro   0x00011756      0x190 ./Core/Src/main.o
 .debug_macro   0x000118e6       0x5c ./Core/Src/main.o
 .debug_macro   0x00011942      0x416 ./Core/Src/main.o
 .debug_macro   0x00011d58      0x9e9 ./Core/Src/main.o
 .debug_macro   0x00012741      0x115 ./Core/Src/main.o
 .debug_macro   0x00012856       0xf8 ./Core/Src/main.o
 .debug_macro   0x0001294e       0xa5 ./Core/Src/main.o
 .debug_macro   0x000129f3      0x15f ./Core/Src/main.o
 .debug_macro   0x00012b52      0x287 ./Core/Src/main.o
 .debug_macro   0x00012dd9       0x5f ./Core/Src/main.o
 .debug_macro   0x00012e38      0x236 ./Core/Src/main.o
 .debug_macro   0x0001306e      0x132 ./Core/Src/main.o
 .debug_macro   0x000131a0      0x264 ./Core/Src/main.o
 .debug_macro   0x00013404       0x2e ./Core/Src/main.o
 .debug_macro   0x00013432      0x1b5 ./Core/Src/main.o
 .debug_macro   0x000135e7       0x22 ./Core/Src/main.o
 .debug_macro   0x00013609       0xd6 ./Core/Src/main.o
 .debug_macro   0x000136df      0x127 ./Core/Src/main.o
 .debug_macro   0x00013806       0x85 ./Core/Src/main.o
 .debug_macro   0x0001388b       0x89 ./Core/Src/main.o
 .debug_macro   0x00013914      0x2aa ./Core/Src/main.o
 .debug_macro   0x00013bbe      0x126 ./Core/Src/main.o
 .debug_macro   0x00013ce4       0x10 ./Core/Src/main.o
 .debug_macro   0x00013cf4       0x76 ./Core/Src/main.o
 .debug_macro   0x00013d6a      0x29c ./Core/Src/main.o
 .debug_macro   0x00014006      0x203 ./Core/Src/main.o
 .debug_macro   0x00014209       0x61 ./Core/Src/main.o
 .debug_macro   0x0001426a       0x2a ./Core/Src/main.o
 .debug_macro   0x00014294       0x43 ./Core/Src/main.o
 .debug_macro   0x000142d7       0x34 ./Core/Src/main.o
 .debug_macro   0x0001430b       0x16 ./Core/Src/main.o
 .debug_macro   0x00014321       0x3c ./Core/Src/main.o
 .debug_macro   0x0001435d      0x370 ./Core/Src/main.o
 .debug_macro   0x000146cd       0x10 ./Core/Src/main.o
 .debug_macro   0x000146dd       0x16 ./Core/Src/main.o
 .debug_macro   0x000146f3       0x4a ./Core/Src/main.o
 .debug_macro   0x0001473d       0x34 ./Core/Src/main.o
 .debug_macro   0x00014771       0x10 ./Core/Src/main.o
 .debug_macro   0x00014781       0x58 ./Core/Src/main.o
 .debug_macro   0x000147d9       0x8e ./Core/Src/main.o
 .debug_macro   0x00014867       0x1c ./Core/Src/main.o
 .debug_macro   0x00014883      0x185 ./Core/Src/main.o
 .debug_macro   0x00014a08       0x16 ./Core/Src/main.o
 .debug_macro   0x00014a1e       0x16 ./Core/Src/main.o
 .debug_macro   0x00014a34      0x146 ./Core/Src/main.o
 .debug_macro   0x00014b7a       0x16 ./Core/Src/main.o
 .debug_macro   0x00014b90       0x20 ./Core/Src/main.o
 .debug_macro   0x00014bb0       0x2e ./Core/Src/main.o
 .debug_macro   0x00014bde       0x17 ./Core/Src/main.o
 .debug_macro   0x00014bf5      0x1d2 ./Core/Src/main.o
 .debug_macro   0x00014dc7      0x1e2 ./Core/Src/stm32f4xx_hal_msp.o
 .debug_macro   0x00014fa9      0x1ec ./Core/Src/stm32f4xx_it.o
 .debug_macro   0x00015195      0x112 ./Core/Src/sysmem.o
 .debug_macro   0x000152a7      0x23c ./Core/Src/sysmem.o
 .debug_macro   0x000154e3      0x1d3 ./Core/Src/system_stm32f4xx.o
 .debug_macro   0x000156b6      0x233 ./Drivers/STM32F4xx_HAL_Driver/Src/stm32f4xx_hal.o
 .debug_macro   0x000158e9      0x1d3 ./Drivers/STM32F4xx_HAL_Driver/Src/stm32f4xx_hal_cortex.o
 .debug_macro   0x00015abc      0x1d9 ./Drivers/STM32F4xx_HAL_Driver/Src/stm32f4xx_hal_dma.o
 .debug_macro   0x00015c95      0x1d9 ./Drivers/STM32F4xx_HAL_Driver/Src/stm32f4xx_hal_gpio.o
 .debug_macro   0x00015e6e      0x221 ./Drivers/STM32F4xx_HAL_Driver/Src/stm32f4xx_hal_i2c.o
 .debug_macro   0x0001608f      0x1f7 ./Drivers/STM32F4xx_HAL_Driver/Src/stm32f4xx_hal_rcc.o
 .debug_macro   0x00016286      0x1d4 ./Drivers/STM32F4xx_HAL_Driver/Src/stm32f4xx_hal_uart.o
 .debug_macro   0x0001645a      0x3b9 ./Drivers/VL53L0X/core/src/vl53l0x_api.o
 .debug_macro   0x00016813       0x56 ./Drivers/VL53L0X/core/src/vl53l0x_api.o
 .debug_macro   0x00016869      0x3b3 ./Drivers/VL53L0X/core/src/vl53l0x_api_calibration.o
 .debug_macro   0x00016c1c      0x3a1 ./Drivers/VL53L0X/core/src/vl53l0x_api_core.o
 .debug_macro   0x00016fbd      0x365 ./Drivers/VL53L0X/platform/src/vl53l0x_platform.o

.debug_line     0x00000000    0x124b2
 .debug_line    0x00000000      0xbd0 ./Core/Src/main.o
 .debug_line    0x00000bd0      0x7e4 ./Core/Src/stm32f4xx_hal_msp.o
 .debug_line    0x000013b4      0x80d ./Core/Src/stm32f4xx_it.o
 .debug_line    0x00001bc1      0x588 ./Core/Src/sysmem.o
 .debug_line    0x00002149      0x7bc ./Core/Src/system_stm32f4xx.o
 .debug_line    0x00002905       0x7a ./Core/Startup/startup_stm32f401retx.o
 .debug_line    0x0000297f      0xa38 ./Drivers/STM32F4xx_HAL_Driver/Src/stm32f4xx_hal.o
 .debug_line    0x000033b7      0xd08 ./Drivers/STM32F4xx_HAL_Driver/Src/stm32f4xx_hal_cortex.o
 .debug_line    0x000040bf      0xfa4 ./Drivers/STM32F4xx_HAL_Driver/Src/stm32f4xx_hal_dma.o
 .debug_line    0x00005063      0xb54 ./Drivers/STM32F4xx_HAL_Driver/Src/stm32f4xx_hal_gpio.o
 .debug_line    0x00005bb7     0x3ae5 ./Drivers/STM32F4xx_HAL_Driver/Src/stm32f4xx_hal_i2c.o
 .debug_line    0x0000969c      0xe45 ./Drivers/STM32F4xx_HAL_Driver/Src/stm32f4xx_hal_rcc.o
 .debug_line    0x0000a4e1     0x2580 ./Drivers/STM32F4xx_HAL_Driver/Src/stm32f4xx_hal_uart.o
 .debug_line    0x0000ca61     0x1ff3 ./Drivers/VL53L0X/core/src/vl53l0x_api.o
 .debug_line    0x0000ea54     0x1360 ./Drivers/VL53L0X/core/src/vl53l0x_api_calibration.o
 .debug_line    0x0000fdb4     0x1b27 ./Drivers/VL53L0X/core/src/vl53l0x_api_core.o
 .debug_line    0x000118db      0xbd7 ./Drivers/VL53L0X/platform/src/vl53l0x_platform.o

.debug_str      0x00000000    0x8e677
 .debug_str     0x00000000    0x8e677 ./Core/Src/main.o
                              0x89299 (size before relaxing)
 .debug_str     0x0008e677    0x81ab2 ./Core/Src/stm32f4xx_hal_msp.o
 .debug_str     0x0008e677    0x81348 ./Core/Src/stm32f4xx_it.o
 .debug_str     0x0008e677     0x777b ./Core/Src/sysmem.o
 .debug_str     0x0008e677    0x80f95 ./Core/Src/system_stm32f4xx.o
 .debug_str     0x0008e677       0x7d ./Core/Startup/startup_stm32f401retx.o
 .debug_str     0x0008e677    0x819b7 ./Drivers/STM32F4xx_HAL_Driver/Src/stm32f4xx_hal.o
 .debug_str     0x0008e677    0x81721 ./Drivers/STM32F4xx_HAL_Driver/Src/stm32f4xx_hal_cortex.o
 .debug_str     0x0008e677    0x8139d ./Drivers/STM32F4xx_HAL_Driver/Src/stm32f4xx_hal_dma.o
 .debug_str     0x0008e677    0x81110 ./Drivers/STM32F4xx_HAL_Driver/Src/stm32f4xx_hal_gpio.o
 .debug_str     0x0008e677    0x81fa6 ./Drivers/STM32F4xx_HAL_Driver/Src/stm32f4xx_hal_i2c.o
 .debug_str     0x0008e677    0x813c9 ./Drivers/STM32F4xx_HAL_Driver/Src/stm32f4xx_hal_rcc.o
 .debug_str     0x0008e677    0x81998 ./Drivers/STM32F4xx_HAL_Driver/Src/stm32f4xx_hal_uart.o
 .debug_str     0x0008e677    0x8a743 ./Drivers/VL53L0X/core/src/vl53l0x_api.o
 .debug_str     0x0008e677    0x897fb ./Drivers/VL53L0X/core/src/vl53l0x_api_calibration.o
 .debug_str     0x0008e677    0x89dcd ./Drivers/VL53L0X/core/src/vl53l0x_api_core.o
 .debug_str     0x0008e677    0x88ccd ./Drivers/VL53L0X/platform/src/vl53l0x_platform.o

.comment        0x00000000       0x43
 .comment       0x00000000       0x43 ./Core/Src/main.o
                                 0x44 (size before relaxing)
 .comment       0x00000043       0x44 ./Core/Src/stm32f4xx_hal_msp.o
 .comment       0x00000043       0x44 ./Core/Src/stm32f4xx_it.o
 .comment       0x00000043       0x44 ./Core/Src/sysmem.o
 .comment       0x00000043       0x44 ./Core/Src/system_stm32f4xx.o
 .comment       0x00000043       0x44 ./Drivers/STM32F4xx_HAL_Driver/Src/stm32f4xx_hal.o
 .comment       0x00000043       0x44 ./Drivers/STM32F4xx_HAL_Driver/Src/stm32f4xx_hal_cortex.o
 .comment       0x00000043       0x44 ./Drivers/STM32F4xx_HAL_Driver/Src/stm32f4xx_hal_dma.o
 .comment       0x00000043       0x44 ./Drivers/STM32F4xx_HAL_Driver/Src/stm32f4xx_hal_gpio.o
 .comment       0x00000043       0x44 ./Drivers/STM32F4xx_HAL_Driver/Src/stm32f4xx_hal_i2c.o
 .comment       0x00000043       0x44 ./Drivers/STM32F4xx_HAL_Driver/Src/stm32f4xx_hal_rcc.o
 .comment       0x00000043       0x44 ./Drivers/STM32F4xx_HAL_Driver/Src/stm32f4xx_hal_uart.o
 .comment       0x00000043       0x44 ./Drivers/VL53L0X/core/src/vl53l0x_api.o
 .comment       0x00000043       0x44 ./Drivers/VL53L0X/core/src/vl53l0x_api_calibration.o
 .comment       0x00000043       0x44 ./Drivers/VL53L0X/core/src/vl53l0x_api_core.o
 .comment       0x00000043       0x44 ./Drivers/VL53L0X/platform/src/vl53l0x_platform.o

.debug_frame    0x00000000     0x4524
 .debug_frame   0x00000000      0x134 ./Core/Src/main.o
 .debug_frame   0x00000134       0xc8 ./Core/Src/stm32f4xx_hal_msp.o
 .debug_frame   0x000001fc      0x120 ./Core/Src/stm32f4xx_it.o
 .debug_frame   0x0000031c       0x34 ./Core/Src/sysmem.o
 .debug_frame   0x00000350       0x58 ./Core/Src/system_stm32f4xx.o
 .debug_frame   0x000003a8      0x374 ./Drivers/STM32F4xx_HAL_Driver/Src/stm32f4xx_hal.o
 .debug_frame   0x0000071c      0x508 ./Drivers/STM32F4xx_HAL_Driver/Src/stm32f4xx_hal_cortex.o
 .debug_frame   0x00000c24      0x250 ./Drivers/STM32F4xx_HAL_Driver/Src/stm32f4xx_hal_dma.o
 .debug_frame   0x00000e74      0x14c ./Drivers/STM32F4xx_HAL_Driver/Src/stm32f4xx_hal_gpio.o
 .debug_frame   0x00000fc0      0xc84 ./Drivers/STM32F4xx_HAL_Driver/Src/stm32f4xx_hal_i2c.o
 .debug_frame   0x00001c44      0x1f4 ./Drivers/STM32F4xx_HAL_Driver/Src/stm32f4xx_hal_rcc.o
 .debug_frame   0x00001e38      0x954 ./Drivers/STM32F4xx_HAL_Driver/Src/stm32f4xx_hal_uart.o
 .debug_frame   0x0000278c      0xe94 ./Drivers/VL53L0X/core/src/vl53l0x_api.o
 .debug_frame   0x00003620      0x374 ./Drivers/VL53L0X/core/src/vl53l0x_api_calibration.o
 .debug_frame   0x00003994      0x3c4 ./Drivers/VL53L0X/core/src/vl53l0x_api_core.o
 .debug_frame   0x00003d58      0x1c0 ./Drivers/VL53L0X/platform/src/vl53l0x_platform.o
 .debug_frame   0x00003f18      0x144 C:/ST/STM32CubeIDE_1.18.1/STM32CubeIDE/plugins/com.st.stm32cube.ide.mcu.externaltools.gnu-tools-for-stm32.13.3.rel1.win32_1.0.0.202411081344/tools/bin/../lib/gcc/arm-none-eabi/13.3.1/../../../../arm-none-eabi/lib/thumb/v7e-m+fp/hard\libc_nano.a(libc_a-findfp.o)
 .debug_frame   0x0000405c       0x74 C:/ST/STM32CubeIDE_1.18.1/STM32CubeIDE/plugins/com.st.stm32cube.ide.mcu.externaltools.gnu-tools-for-stm32.13.3.rel1.win32_1.0.0.202411081344/tools/bin/../lib/gcc/arm-none-eabi/13.3.1/../../../../arm-none-eabi/lib/thumb/v7e-m+fp/hard\libc_nano.a(libc_a-sprintf.o)
 .debug_frame   0x000040d0       0x20 C:/ST/STM32CubeIDE_1.18.1/STM32CubeIDE/plugins/com.st.stm32cube.ide.mcu.externaltools.gnu-tools-for-stm32.13.3.rel1.win32_1.0.0.202411081344/tools/bin/../lib/gcc/arm-none-eabi/13.3.1/../../../../arm-none-eabi/lib/thumb/v7e-m+fp/hard\libc_nano.a(libc_a-memset.o)
 .debug_frame   0x000040f0       0x38 C:/ST/STM32CubeIDE_1.18.1/STM32CubeIDE/plugins/com.st.stm32cube.ide.mcu.externaltools.gnu-tools-for-stm32.13.3.rel1.win32_1.0.0.202411081344/tools/bin/../lib/gcc/arm-none-eabi/13.3.1/../../../../arm-none-eabi/lib/thumb/v7e-m+fp/hard\libc_nano.a(libc_a-reent.o)
 .debug_frame   0x00004128       0x20 C:/ST/STM32CubeIDE_1.18.1/STM32CubeIDE/plugins/com.st.stm32cube.ide.mcu.externaltools.gnu-tools-for-stm32.13.3.rel1.win32_1.0.0.202411081344/tools/bin/../lib/gcc/arm-none-eabi/13.3.1/../../../../arm-none-eabi/lib/thumb/v7e-m+fp/hard\libc_nano.a(libc_a-errno.o)
 .debug_frame   0x00004148       0x2c C:/ST/STM32CubeIDE_1.18.1/STM32CubeIDE/plugins/com.st.stm32cube.ide.mcu.externaltools.gnu-tools-for-stm32.13.3.rel1.win32_1.0.0.202411081344/tools/bin/../lib/gcc/arm-none-eabi/13.3.1/../../../../arm-none-eabi/lib/thumb/v7e-m+fp/hard\libc_nano.a(libc_a-init.o)
 .debug_frame   0x00004174       0xb0 C:/ST/STM32CubeIDE_1.18.1/STM32CubeIDE/plugins/com.st.stm32cube.ide.mcu.externaltools.gnu-tools-for-stm32.13.3.rel1.win32_1.0.0.202411081344/tools/bin/../lib/gcc/arm-none-eabi/13.3.1/../../../../arm-none-eabi/lib/thumb/v7e-m+fp/hard\libc_nano.a(libc_a-lock.o)
 .debug_frame   0x00004224       0x20 C:/ST/STM32CubeIDE_1.18.1/STM32CubeIDE/plugins/com.st.stm32cube.ide.mcu.externaltools.gnu-tools-for-stm32.13.3.rel1.win32_1.0.0.202411081344/tools/bin/../lib/gcc/arm-none-eabi/13.3.1/../../../../arm-none-eabi/lib/thumb/v7e-m+fp/hard\libc_nano.a(libc_a-strcpy.o)
 .debug_frame   0x00004244       0x28 C:/ST/STM32CubeIDE_1.18.1/STM32CubeIDE/plugins/com.st.stm32cube.ide.mcu.externaltools.gnu-tools-for-stm32.13.3.rel1.win32_1.0.0.202411081344/tools/bin/../lib/gcc/arm-none-eabi/13.3.1/../../../../arm-none-eabi/lib/thumb/v7e-m+fp/hard\libc_nano.a(libc_a-memcpy-stub.o)
 .debug_frame   0x0000426c       0x38 C:/ST/STM32CubeIDE_1.18.1/STM32CubeIDE/plugins/com.st.stm32cube.ide.mcu.externaltools.gnu-tools-for-stm32.13.3.rel1.win32_1.0.0.202411081344/tools/bin/../lib/gcc/arm-none-eabi/13.3.1/../../../../arm-none-eabi/lib/thumb/v7e-m+fp/hard\libc_nano.a(libc_a-freer.o)
 .debug_frame   0x000042a4       0x50 C:/ST/STM32CubeIDE_1.18.1/STM32CubeIDE/plugins/com.st.stm32cube.ide.mcu.externaltools.gnu-tools-for-stm32.13.3.rel1.win32_1.0.0.202411081344/tools/bin/../lib/gcc/arm-none-eabi/13.3.1/../../../../arm-none-eabi/lib/thumb/v7e-m+fp/hard\libc_nano.a(libc_a-mallocr.o)
 .debug_frame   0x000042f4       0x30 C:/ST/STM32CubeIDE_1.18.1/STM32CubeIDE/plugins/com.st.stm32cube.ide.mcu.externaltools.gnu-tools-for-stm32.13.3.rel1.win32_1.0.0.202411081344/tools/bin/../lib/gcc/arm-none-eabi/13.3.1/../../../../arm-none-eabi/lib/thumb/v7e-m+fp/hard\libc_nano.a(libc_a-mlock.o)
 .debug_frame   0x00004324       0x90 C:/ST/STM32CubeIDE_1.18.1/STM32CubeIDE/plugins/com.st.stm32cube.ide.mcu.externaltools.gnu-tools-for-stm32.13.3.rel1.win32_1.0.0.202411081344/tools/bin/../lib/gcc/arm-none-eabi/13.3.1/../../../../arm-none-eabi/lib/thumb/v7e-m+fp/hard\libc_nano.a(libc_a-nano-svfprintf.o)
 .debug_frame   0x000043b4       0x60 C:/ST/STM32CubeIDE_1.18.1/STM32CubeIDE/plugins/com.st.stm32cube.ide.mcu.externaltools.gnu-tools-for-stm32.13.3.rel1.win32_1.0.0.202411081344/tools/bin/../lib/gcc/arm-none-eabi/13.3.1/../../../../arm-none-eabi/lib/thumb/v7e-m+fp/hard\libc_nano.a(libc_a-nano-vfprintf_i.o)
 .debug_frame   0x00004414       0x28 C:/ST/STM32CubeIDE_1.18.1/STM32CubeIDE/plugins/com.st.stm32cube.ide.mcu.externaltools.gnu-tools-for-stm32.13.3.rel1.win32_1.0.0.202411081344/tools/bin/../lib/gcc/arm-none-eabi/13.3.1/../../../../arm-none-eabi/lib/thumb/v7e-m+fp/hard\libc_nano.a(libc_a-memmove.o)
 .debug_frame   0x0000443c       0x2c C:/ST/STM32CubeIDE_1.18.1/STM32CubeIDE/plugins/com.st.stm32cube.ide.mcu.externaltools.gnu-tools-for-stm32.13.3.rel1.win32_1.0.0.202411081344/tools/bin/../lib/gcc/arm-none-eabi/13.3.1/../../../../arm-none-eabi/lib/thumb/v7e-m+fp/hard\libc_nano.a(libc_a-sbrkr.o)
 .debug_frame   0x00004468       0x3c C:/ST/STM32CubeIDE_1.18.1/STM32CubeIDE/plugins/com.st.stm32cube.ide.mcu.externaltools.gnu-tools-for-stm32.13.3.rel1.win32_1.0.0.202411081344/tools/bin/../lib/gcc/arm-none-eabi/13.3.1/../../../../arm-none-eabi/lib/thumb/v7e-m+fp/hard\libc_nano.a(libc_a-reallocr.o)
 .debug_frame   0x000044a4       0x20 C:/ST/STM32CubeIDE_1.18.1/STM32CubeIDE/plugins/com.st.stm32cube.ide.mcu.externaltools.gnu-tools-for-stm32.13.3.rel1.win32_1.0.0.202411081344/tools/bin/../lib/gcc/arm-none-eabi/13.3.1/../../../../arm-none-eabi/lib/thumb/v7e-m+fp/hard\libc_nano.a(libc_a-msizer.o)
 .debug_frame   0x000044c4       0x2c C:/ST/STM32CubeIDE_1.18.1/STM32CubeIDE/plugins/com.st.stm32cube.ide.mcu.externaltools.gnu-tools-for-stm32.13.3.rel1.win32_1.0.0.202411081344/tools/bin/../lib/gcc/arm-none-eabi/13.3.1/thumb/v7e-m+fp/hard\libgcc.a(_aeabi_uldivmod.o)
 .debug_frame   0x000044f0       0x34 C:/ST/STM32CubeIDE_1.18.1/STM32CubeIDE/plugins/com.st.stm32cube.ide.mcu.externaltools.gnu-tools-for-stm32.13.3.rel1.win32_1.0.0.202411081344/tools/bin/../lib/gcc/arm-none-eabi/13.3.1/thumb/v7e-m+fp/hard\libgcc.a(_udivmoddi4.o)

.debug_line_str
                0x00000000       0x61
 .debug_line_str
                0x00000000       0x61 ./Core/Startup/startup_stm32f401retx.o