../Core/Src/main.c:34:10:map_val	24	static
../Core/Src/main.c:39:6:Servo_Init	4	static
../Core/Src/main.c:64:6:Servo_Write	32	static
../Core/Src/main.c:75:15:LidarInit	24	static
../Core/Src/main.c:112:5:_write	24	static
../Core/Src/main.c:117:6:HAL_UART_RxCpltCallback	16	static
../Core/Src/main.c:129:5:main	32	static
../Core/Src/main.c:215:6:SystemClock_Config	88	static
../Core/Src/main.c:232:13:MX_I2C1_Init	8	static
../Core/Src/main.c:244:13:MX_USART2_UART_Init	8	static
../Core/Src/main.c:255:13:MX_GPIO_Init	40	static
../Core/Src/main.c:267:6:Error_Handler	4	static,ignoring_inline_asm
